Archive member included to satisfy reference by file (symbol)

C:\Users\E1356301\Documents\MCUXpressoIDE_11.3.1_5262\workspace\lpc_board_ea_devkit_1788\Debug\liblpc_board_ea_devkit_1788.a(board.o)
                              ./freertos/src/FreeRTOSCommonHooks.o (Board_UARTPutSTR)
C:\Users\E1356301\Documents\MCUXpressoIDE_11.3.1_5262\workspace\lpc_board_ea_devkit_1788\Debug\liblpc_board_ea_devkit_1788.a(board_sysinit.o)
                              ./example/src/sysinit.o (Board_SystemInit)
C:\Users\E1356301\Documents\MCUXpressoIDE_11.3.1_5262\workspace\lpc_board_ea_devkit_1788\Debug\liblpc_board_ea_devkit_1788.a(lpc_phy_smsc87x0.o)
                              ./lwip/src/arch/lpc17xx_40xx_emac.o (lpc_phy_init)
C:\Users\E1356301\Documents\MCUXpressoIDE_11.3.1_5262\workspace\lpc_board_ea_devkit_1788\Debug\liblpc_board_ea_devkit_1788.a(uda1380.o)
                              C:\Users\E1356301\Documents\MCUXpressoIDE_11.3.1_5262\workspace\lpc_board_ea_devkit_1788\Debug\liblpc_board_ea_devkit_1788.a(board.o) (UDA1380_Init)
C:\Users\E1356301\Documents\MCUXpressoIDE_11.3.1_5262\workspace\lpc_chip_177x_8x\Debug\liblpc_chip_177x_8x.a(chip_17xx_40xx.o)
                              ./freertos/src/port.o (SystemCoreClock)
C:\Users\E1356301\Documents\MCUXpressoIDE_11.3.1_5262\workspace\lpc_chip_177x_8x\Debug\liblpc_chip_177x_8x.a(clock_17xx_40xx.o)
                              C:\Users\E1356301\Documents\MCUXpressoIDE_11.3.1_5262\workspace\lpc_chip_177x_8x\Debug\liblpc_chip_177x_8x.a(chip_17xx_40xx.o) (Chip_Clock_SetupPLL)
C:\Users\E1356301\Documents\MCUXpressoIDE_11.3.1_5262\workspace\lpc_chip_177x_8x\Debug\liblpc_chip_177x_8x.a(emc_17xx_40xx.o)
                              C:\Users\E1356301\Documents\MCUXpressoIDE_11.3.1_5262\workspace\lpc_board_ea_devkit_1788\Debug\liblpc_board_ea_devkit_1788.a(board_sysinit.o) (Chip_EMC_Dynamic_Init)
C:\Users\E1356301\Documents\MCUXpressoIDE_11.3.1_5262\workspace\lpc_chip_177x_8x\Debug\liblpc_chip_177x_8x.a(enet_17xx_40xx.o)
                              ./lwip/src/arch/lpc17xx_40xx_emac.o (Chip_ENET_Init)
C:\Users\E1356301\Documents\MCUXpressoIDE_11.3.1_5262\workspace\lpc_chip_177x_8x\Debug\liblpc_chip_177x_8x.a(i2c_17xx_40xx.o)
                              C:\Users\E1356301\Documents\MCUXpressoIDE_11.3.1_5262\workspace\lpc_board_ea_devkit_1788\Debug\liblpc_board_ea_devkit_1788.a(uda1380.o) (Chip_I2C_EventHandlerPolling)
C:\Users\E1356301\Documents\MCUXpressoIDE_11.3.1_5262\workspace\lpc_chip_177x_8x\Debug\liblpc_chip_177x_8x.a(i2s_17xx_40xx.o)
                              C:\Users\E1356301\Documents\MCUXpressoIDE_11.3.1_5262\workspace\lpc_board_ea_devkit_1788\Debug\liblpc_board_ea_devkit_1788.a(board.o) (Chip_I2S_Init)
C:\Users\E1356301\Documents\MCUXpressoIDE_11.3.1_5262\workspace\lpc_chip_177x_8x\Debug\liblpc_chip_177x_8x.a(iocon_17xx_40xx.o)
                              C:\Users\E1356301\Documents\MCUXpressoIDE_11.3.1_5262\workspace\lpc_board_ea_devkit_1788\Debug\liblpc_board_ea_devkit_1788.a(board_sysinit.o) (Chip_IOCON_SetPinMuxing)
C:\Users\E1356301\Documents\MCUXpressoIDE_11.3.1_5262\workspace\lpc_chip_177x_8x\Debug\liblpc_chip_177x_8x.a(ssp_17xx_40xx.o)
                              C:\Users\E1356301\Documents\MCUXpressoIDE_11.3.1_5262\workspace\lpc_board_ea_devkit_1788\Debug\liblpc_board_ea_devkit_1788.a(board.o) (Chip_SSP_WriteFrames_Blocking)
C:\Users\E1356301\Documents\MCUXpressoIDE_11.3.1_5262\workspace\lpc_chip_177x_8x\Debug\liblpc_chip_177x_8x.a(sysctl_17xx_40xx.o)
                              C:\Users\E1356301\Documents\MCUXpressoIDE_11.3.1_5262\workspace\lpc_board_ea_devkit_1788\Debug\liblpc_board_ea_devkit_1788.a(board_sysinit.o) (Chip_SYSCTL_PeriphReset)
C:\Users\E1356301\Documents\MCUXpressoIDE_11.3.1_5262\workspace\lpc_chip_177x_8x\Debug\liblpc_chip_177x_8x.a(sysinit_17xx_40xx.o)
                              C:\Users\E1356301\Documents\MCUXpressoIDE_11.3.1_5262\workspace\lpc_board_ea_devkit_1788\Debug\liblpc_board_ea_devkit_1788.a(board_sysinit.o) (Chip_SetupXtalClocking)
C:\Users\E1356301\Documents\MCUXpressoIDE_11.3.1_5262\workspace\lpc_chip_177x_8x\Debug\liblpc_chip_177x_8x.a(uart_17xx_40xx.o)
                              C:\Users\E1356301\Documents\MCUXpressoIDE_11.3.1_5262\workspace\lpc_board_ea_devkit_1788\Debug\liblpc_board_ea_devkit_1788.a(board.o) (Chip_UART_Init)
C:\Users\E1356301\Documents\MCUXpressoIDE_11.3.1_5262\workspace\lpc_chip_177x_8x\Debug\liblpc_chip_177x_8x.a(ring_buffer.o)
                              C:\Users\E1356301\Documents\MCUXpressoIDE_11.3.1_5262\workspace\lpc_chip_177x_8x\Debug\liblpc_chip_177x_8x.a(uart_17xx_40xx.o) (RingBuffer_Insert)
c:/nxp/mcuxpressoide_11.3.1_5262/ide/plugins/com.nxp.mcuxpresso.tools.win32_11.3.0.202008311133/tools/bin/../lib/gcc/arm-none-eabi/9.3.1/../../../../arm-none-eabi/lib/thumb/v7-m/nofp\libcr_nohost.a(_cr__main.o)
                              ./example/src/cr_startup_lpc177x_8x.o (__main)
[...]
Memory Configuration

Name             Origin             Length             Attributes
MFlash512        0x00000000         0x00080000         xr
RamPeriph32      0x20000000         0x00008000         xrw
RamLoc64         0x10000000         0x00010000         xrw
*default*        0x00000000         0xffffffff

Linker script and memory map

LOAD ./lwip/src/netif/etharp.o
LOAD ./lwip/src/netif/ethernetif.o
LOAD ./lwip/src/core/ipv4/autoip.o
LOAD ./lwip/src/core/ipv4/icmp.o
LOAD ./lwip/src/core/ipv4/igmp.o
LOAD ./lwip/src/core/ipv4/inet.o
LOAD ./lwip/src/core/ipv4/inet_chksum.o
LOAD ./lwip/src/core/ipv4/ip.o
LOAD ./lwip/src/core/ipv4/ip_addr.o
LOAD ./lwip/src/core/ipv4/ip_frag.o
LOAD ./lwip/src/core/def.o
LOAD ./lwip/src/core/dhcp.o
LOAD ./lwip/src/core/dns.o
LOAD ./lwip/src/core/init.o
LOAD ./lwip/src/core/mem.o
LOAD ./lwip/src/core/memp.o
LOAD ./lwip/src/core/netif.o
LOAD ./lwip/src/core/pbuf.o
LOAD ./lwip/src/core/raw.o
LOAD ./lwip/src/core/stats.o
LOAD ./lwip/src/core/sys.o
LOAD ./lwip/src/core/tcp.o
LOAD ./lwip/src/core/tcp_in.o
LOAD ./lwip/src/core/tcp_out.o
LOAD ./lwip/src/core/timers.o
LOAD ./lwip/src/core/udp.o
LOAD ./lwip/src/arch/lpc17xx_40xx_emac.o
LOAD ./lwip/src/arch/lpc_debug.o
LOAD ./lwip/src/arch/sys_arch_freertos.o
LOAD ./lwip/src/api/api_lib.o
LOAD ./lwip/src/api/api_msg.o
LOAD ./lwip/src/api/err.o
LOAD ./lwip/src/api/netbuf.o
LOAD ./lwip/src/api/netdb.o
LOAD ./lwip/src/api/netifapi.o
LOAD ./lwip/src/api/sockets.o
LOAD ./lwip/src/api/tcpip.o
LOAD ./freertos/src/FreeRTOSCommonHooks.o
LOAD ./freertos/src/heap_3.o
LOAD ./freertos/src/list.o
LOAD ./freertos/src/port.o
LOAD ./freertos/src/queue.o
LOAD ./freertos/src/tasks.o
LOAD ./example/src/QuickCRC32Algorithm.o
LOAD ./example/src/cr_redlib_heap_fix.o
LOAD ./example/src/cr_startup_lpc177x_8x.o
LOAD ./example/src/lwip_tcpecho_freertos.o
LOAD ./example/src/sysinit.o
LOAD ./example/src/tcpecho.o
LOAD C:\Users\E1356301\Documents\MCUXpressoIDE_11.3.1_5262\workspace\lpc_board_ea_devkit_1788\Debug\liblpc_board_ea_devkit_1788.a
LOAD C:\Users\E1356301\Documents\MCUXpressoIDE_11.3.1_5262\workspace\lpc_chip_177x_8x\Debug\liblpc_chip_177x_8x.a
START GROUP
LOAD c:/nxp/mcuxpressoide_11.3.1_5262/ide/plugins/com.nxp.mcuxpresso.tools.win32_11.3.0.202008311133/tools/bin/../lib/gcc/arm-none-eabi/9.3.1/../../../../arm-none-eabi/lib/thumb/v7-m/nofp\libcr_nohost.a
LOAD c:/nxp/mcuxpressoide_11.3.1_5262/ide/plugins/com.nxp.mcuxpresso.tools.win32_11.3.0.202008311133/tools/bin/../lib/gcc/arm-none-eabi/9.3.1/../../../../arm-none-eabi/lib/thumb/v7-m/nofp\libcr_c.a
LOAD c:/nxp/mcuxpressoide_11.3.1_5262/ide/plugins/com.nxp.mcuxpresso.tools.win32_11.3.0.202008311133/tools/bin/../lib/gcc/arm-none-eabi/9.3.1/thumb/v7-m/nofp\libcr_eabihelpers.a
LOAD c:/nxp/mcuxpressoide_11.3.1_5262/ide/plugins/com.nxp.mcuxpresso.tools.win32_11.3.0.202008311133/tools/bin/../lib/gcc/arm-none-eabi/9.3.1/thumb/v7-m/nofp\libgcc.a
END GROUP
                0x00000000                __base_MFlash512 = 0x0
                0x00000000                __base_Flash = 0x0
                0x00080000                __top_MFlash512 = 0x80000
                0x00080000                __top_Flash = 0x80000
                0x20000000                __base_RamPeriph32 = 0x20000000
                0x20000000                __base_RAM = 0x20000000
                0x20008000                __top_RamPeriph32 = 0x20008000
                0x20008000                __top_RAM = 0x20008000
                0x10000000                __base_RamLoc64 = 0x10000000
                0x10000000                __base_RAM2 = 0x10000000
                0x10010000                __top_RamLoc64 = 0x10010000
                0x10010000                __top_RAM2 = 0x10010000

.text           0x00000000    0x134b8
 FILL mask 0xff
                0x00000000                __vectors_start__ = ABSOLUTE (.)
 *(.isr_vector)
 .isr_vector    0x00000000       0xe4 ./example/src/cr_startup_lpc177x_8x.o
                0x00000000                g_pfnVectors
                0x000000e4                . = ALIGN (0x4)
                0x000000e4                __section_table_start = .
                0x000000e4                __data_section_table = .
                0x000000e4        0x4 LONG 0x134b8 LOADADDR (.data)
                0x000000e8        0x4 LONG 0x20000000 ADDR (.data)
                0x000000ec        0x4 LONG 0x14 SIZEOF (.data)
                0x000000f0        0x4 LONG 0x134b8 LOADADDR (.data_RAM2)
                0x000000f4        0x4 LONG 0x10000000 ADDR (.data_RAM2)
                0x000000f8        0x4 LONG 0x0 SIZEOF (.data_RAM2)
                0x000000fc                __data_section_table_end = .
                0x000000fc                __bss_section_table = .
                0x000000fc        0x4 LONG 0x20000018 ADDR (.bss)
                0x00000100        0x4 LONG 0x740 SIZEOF (.bss)
                0x00000104        0x4 LONG 0x10000000 ADDR (.bss_RAM2)
                0x00000108        0x4 LONG 0x0 SIZEOF (.bss_RAM2)
                0x0000010c                __bss_section_table_end = .
                0x0000010c                __section_table_end = .
 *(.after_vectors*)
 .after_vectors
                0x0000010c      0x130 ./example/src/cr_startup_lpc177x_8x.o
                0x0000010c                data_init
                0x00000150                bss_init
                0x00000188                ResetISR
                0x00000200                NMI_Handler
                0x00000206                HardFault_Handler
                0x0000020c                MemManage_Handler
                0x00000212                BusFault_Handler
                0x00000218                UsageFault_Handler
                0x00000224                DebugMon_Handler
                0x00000236                USBActivity_IRQHandler
                0x00000236                I2C1_IRQHandler
                0x00000236                EINT2_IRQHandler
                0x00000236                UART1_IRQHandler
                0x00000236                SDIO_IRQHandler
                0x00000236                CANActivity_IRQHandler
                0x00000236                TIMER3_IRQHandler
                0x00000236                UART0_IRQHandler
                0x00000236                I2C0_IRQHandler
                0x00000236                EINT3_IRQHandler
                0x00000236                IntDefaultHandler
                0x00000236                PLL0_IRQHandler
                0x00000236                CAN_IRQHandler
                0x00000236                PLL1_IRQHandler
                0x00000236                RIT_IRQHandler
                0x00000236                I2S_IRQHandler
                0x00000236                I2C2_IRQHandler
                0x00000236                RTC_IRQHandler
                0x00000236                TIMER0_IRQHandler
                0x00000236                SPI_IRQHandler
                0x00000236                LCD_IRQHandler
                0x00000236                PWM1_IRQHandler
                0x00000236                EINT1_IRQHandler
                0x00000236                TIMER1_IRQHandler
                0x00000236                UART2_IRQHandler
                0x00000236                UART4_IRQHandler
                0x00000236                ADC_IRQHandler
                0x00000236                SSP1_IRQHandler
                0x00000236                USB_IRQHandler
                0x00000236                BOD_IRQHandler
                0x00000236                TIMER2_IRQHandler
                0x00000236                WDT_IRQHandler
                0x00000236                QEI_IRQHandler
                0x00000236                EINT0_IRQHandler
                0x00000236                PWM0_IRQHandler
                0x00000236                SSP2_IRQHandler
                0x00000236                EEPROM_IRQHandler
                0x00000236                SSP0_IRQHandler
                0x00000236                DMA_IRQHandler
                0x00000236                GPIO_IRQHandler
                0x00000236                UART3_IRQHandler
                0x00000236                MCPWM_IRQHandler
 *(.text*)
 .text.etharp_free_entry
                0x0000023c       0x64 ./lwip/src/netif/etharp.o
 .text.etharp_tmr
                0x000002a0       0xe0 ./lwip/src/netif/etharp.o
                0x000002a0                etharp_tmr
 .text.etharp_find_entry
                0x00000380      0x248 ./lwip/src/netif/etharp.o
 .text.etharp_send_ip
                0x000005c8       0x5e ./lwip/src/netif/etharp.o
 *fill*         0x00000626        0x2 ff
 .text.etharp_update_arp_entry
                0x00000628      0x12c ./lwip/src/netif/etharp.o
 .text.etharp_arp_input
                0x00000754      0x18a ./lwip/src/netif/etharp.o
 *fill*         0x000008de        0x2 ff
 .text.etharp_output_to_arp_index
                0x000008e0       0xb8 ./lwip/src/netif/etharp.o
 .text.etharp_output
                0x00000998      0x1b8 ./lwip/src/netif/etharp.o
                0x00000998                etharp_output
 .text.etharp_query
                0x00000b50      0x24c ./lwip/src/netif/etharp.o
                0x00000b50                etharp_query
 .text.etharp_raw
                0x00000d9c      0x11a ./lwip/src/netif/etharp.o
 *fill*         0x00000eb6        0x2 ff
 .text.etharp_request
                0x00000eb8       0x44 ./lwip/src/netif/etharp.o
                0x00000eb8                etharp_request
 .text.ethernet_input
                0x00000efc      0x100 ./lwip/src/netif/etharp.o
                0x00000efc                ethernet_input
 .text.icmp_input
                0x00000ffc      0x214 ./lwip/src/core/ipv4/icmp.o
                0x00000ffc                icmp_input
 .text.icmp_dest_unreach
                0x00001210       0x20 ./lwip/src/core/ipv4/icmp.o
                0x00001210                icmp_dest_unreach
 .text.icmp_time_exceeded
                0x00001230       0x20 ./lwip/src/core/ipv4/icmp.o
                0x00001230                icmp_time_exceeded
 .text.icmp_send_response
                0x00001250       0xb8 ./lwip/src/core/ipv4/icmp.o
 .text.lwip_standard_chksum
                0x00001308       0x9a ./lwip/src/core/ipv4/inet_chksum.o
 .text.inet_chksum_pseudo
                0x000013a2      0x10c ./lwip/src/core/ipv4/inet_chksum.o
                0x000013a2                inet_chksum_pseudo
 .text.inet_chksum_pseudo_partial
                0x000014ae      0x138 ./lwip/src/core/ipv4/inet_chksum.o
                0x000014ae                inet_chksum_pseudo_partial
 .text.inet_chksum
                0x000015e6       0x24 ./lwip/src/core/ipv4/inet_chksum.o
                0x000015e6                inet_chksum
 .text.inet_chksum_pbuf
                0x0000160a       0x94 ./lwip/src/core/ipv4/inet_chksum.o
                0x0000160a                inet_chksum_pbuf
 .text.lwip_chksum_copy
                0x0000169e       0x2e ./lwip/src/core/ipv4/inet_chksum.o
                0x0000169e                lwip_chksum_copy
 .text.ip_route
                0x000016cc       0x78 ./lwip/src/core/ipv4/ip.o
                0x000016cc                ip_route
 .text.ip_input
                0x00001744      0x218 ./lwip/src/core/ipv4/ip.o
                0x00001744                ip_input
 .text.ip_output_if
                0x0000195c      0x1c0 ./lwip/src/core/ipv4/ip.o
                0x0000195c                ip_output_if
 .text.ip_output
                0x00001b1c       0x56 ./lwip/src/core/ipv4/ip.o
                0x00001b1c                ip_output
 .text.ip4_addr_isbroadcast
                0x00001b72       0x76 ./lwip/src/core/ipv4/ip_addr.o
                0x00001b72                ip4_addr_isbroadcast
 .text.ipaddr_addr
                0x00001be8       0x2a ./lwip/src/core/ipv4/ip_addr.o
                0x00001be8                ipaddr_addr
 *fill*         0x00001c12        0x2 ff
 .text.ipaddr_aton
                0x00001c14      0x238 ./lwip/src/core/ipv4/ip_addr.o
                0x00001c14                ipaddr_aton
 .text.ipaddr_ntoa_r
                0x00001e4c      0x100 ./lwip/src/core/ipv4/ip_addr.o
                0x00001e4c                ipaddr_ntoa_r
 .text.ip_reass_tmr
                0x00001f4c       0x58 ./lwip/src/core/ipv4/ip_frag.o
                0x00001f4c                ip_reass_tmr
 .text.ip_reass_free_complete_datagram
                0x00001fa4      0x10c ./lwip/src/core/ipv4/ip_frag.o
 .text.ip_reass_remove_oldest_datagram
                0x000020b0       0xb8 ./lwip/src/core/ipv4/ip_frag.o
 .text.ip_reass_enqueue_new_datagram
                0x00002168       0x80 ./lwip/src/core/ipv4/ip_frag.o
 .text.ip_reass_dequeue_datagram
                0x000021e8       0x44 ./lwip/src/core/ipv4/ip_frag.o
 .text.ip_reass_chain_frag_into_datagram_and_validate
                0x0000222c      0x254 ./lwip/src/core/ipv4/ip_frag.o
 .text.ip_reass
                0x00002480      0x248 ./lwip/src/core/ipv4/ip_frag.o
                0x00002480                ip_reass
 .text.ip_frag_alloc_pbuf_custom_ref
                0x000026c8       0x18 ./lwip/src/core/ipv4/ip_frag.o
 .text.ip_frag_free_pbuf_custom_ref
                0x000026e0       0x20 ./lwip/src/core/ipv4/ip_frag.o
 .text.ipfrag_free_pbuf_custom
                0x00002700       0x42 ./lwip/src/core/ipv4/ip_frag.o
 *fill*         0x00002742        0x2 ff
 .text.ip_frag  0x00002744      0x20c ./lwip/src/core/ipv4/ip_frag.o
                0x00002744                ip_frag
 .text.lwip_htons
                0x00002950       0x28 ./lwip/src/core/def.o
                0x00002950                lwip_htons
 .text.lwip_ntohs
                0x00002978       0x1c ./lwip/src/core/def.o
                0x00002978                lwip_ntohs
 .text.lwip_htonl
                0x00002994       0x30 ./lwip/src/core/def.o
                0x00002994                lwip_htonl
 .text.lwip_ntohl
                0x000029c4       0x18 ./lwip/src/core/def.o
                0x000029c4                lwip_ntohl
 .text.lwip_init
                0x000029dc       0x20 ./lwip/src/core/init.o
                0x000029dc                lwip_init
 .text.netif_init
                0x000029fc        0xc ./lwip/src/core/netif.o
                0x000029fc                netif_init
 .text.netif_add
                0x00002a08       0x8c ./lwip/src/core/netif.o
                0x00002a08                netif_add
 .text.netif_set_addr
                0x00002a94       0x2e ./lwip/src/core/netif.o
                0x00002a94                netif_set_addr
 *fill*         0x00002ac2        0x2 ff
 .text.netif_set_ipaddr
                0x00002ac4       0xb0 ./lwip/src/core/netif.o
                0x00002ac4                netif_set_ipaddr
 .text.netif_set_gw
                0x00002b74       0x26 ./lwip/src/core/netif.o
                0x00002b74                netif_set_gw
 .text.netif_set_netmask
                0x00002b9a       0x26 ./lwip/src/core/netif.o
                0x00002b9a                netif_set_netmask
 .text.netif_set_default
                0x00002bc0       0x1c ./lwip/src/core/netif.o
                0x00002bc0                netif_set_default
 .text.netif_set_up
                0x00002bdc       0x58 ./lwip/src/core/netif.o
                0x00002bdc                netif_set_up
 .text.netif_set_link_up
                0x00002c34       0x58 ./lwip/src/core/netif.o
                0x00002c34                netif_set_link_up
 .text.netif_set_link_down
                0x00002c8c       0x32 ./lwip/src/core/netif.o
                0x00002c8c                netif_set_link_down
 *fill*         0x00002cbe        0x2 ff
 .text.pbuf_free_ooseq
                0x00002cc0       0x54 ./lwip/src/core/pbuf.o
 .text.pbuf_free_ooseq_callback
                0x00002d14       0x14 ./lwip/src/core/pbuf.o
 .text.pbuf_pool_is_empty
                0x00002d28       0x58 ./lwip/src/core/pbuf.o
 .text.pbuf_alloc
                0x00002d80      0x294 ./lwip/src/core/pbuf.o
                0x00002d80                pbuf_alloc
 .text.pbuf_alloced_custom
                0x00003014       0xb4 ./lwip/src/core/pbuf.o
                0x00003014                pbuf_alloced_custom
 .text.pbuf_realloc
                0x000030c8       0xe6 ./lwip/src/core/pbuf.o
                0x000030c8                pbuf_realloc
 .text.pbuf_header
                0x000031ae       0xec ./lwip/src/core/pbuf.o
                0x000031ae                pbuf_header
 .text.pbuf_free
                0x0000329a       0xf0 ./lwip/src/core/pbuf.o
                0x0000329a                pbuf_free
 .text.pbuf_clen
                0x0000338a       0x2c ./lwip/src/core/pbuf.o
                0x0000338a                pbuf_clen
 .text.pbuf_ref
                0x000033b6       0x2e ./lwip/src/core/pbuf.o
                0x000033b6                pbuf_ref
 .text.pbuf_cat
                0x000033e4       0x78 ./lwip/src/core/pbuf.o
                0x000033e4                pbuf_cat
 .text.pbuf_chain
                0x0000345c       0x20 ./lwip/src/core/pbuf.o
                0x0000345c                pbuf_chain
 .text.pbuf_copy
                0x0000347c      0x13c ./lwip/src/core/pbuf.o
                0x0000347c                pbuf_copy
 .text.pbuf_copy_partial
                0x000035b8       0xd0 ./lwip/src/core/pbuf.o
                0x000035b8                pbuf_copy_partial
 .text.tcp_init
                0x00003688        0xc ./lwip/src/core/tcp.o
                0x00003688                tcp_init
 .text.tcp_tmr  0x00003694       0x2c ./lwip/src/core/tcp.o
                0x00003694                tcp_tmr
 .text.tcp_close_shutdown
                0x000036c0      0x258 ./lwip/src/core/tcp.o
 .text.tcp_close
                0x00003918       0x30 ./lwip/src/core/tcp.o
                0x00003918                tcp_close
 .text.tcp_shutdown
                0x00003948       0x90 ./lwip/src/core/tcp.o
                0x00003948                tcp_shutdown
 .text.tcp_abandon
                0x000039d8       0xdc ./lwip/src/core/tcp.o
                0x000039d8                tcp_abandon
 .text.tcp_abort
                0x00003ab4       0x18 ./lwip/src/core/tcp.o
                0x00003ab4                tcp_abort
 .text.tcp_update_rcv_ann_wnd
                0x00003acc       0x84 ./lwip/src/core/tcp.o
                0x00003acc                tcp_update_rcv_ann_wnd
 .text.tcp_recved
                0x00003b50       0x7e ./lwip/src/core/tcp.o
                0x00003b50                tcp_recved
 *fill*         0x00003bce        0x2 ff
 .text.tcp_new_port
                0x00003bd0       0x88 ./lwip/src/core/tcp.o
 .text.tcp_connect
                0x00003c58      0x1c4 ./lwip/src/core/tcp.o
                0x00003c58                tcp_connect
 .text.tcp_slowtmr
                0x00003e1c      0x4c8 ./lwip/src/core/tcp.o
                0x00003e1c                tcp_slowtmr
 .text.tcp_fasttmr
                0x000042e4       0xa4 ./lwip/src/core/tcp.o
                0x000042e4                tcp_fasttmr
 .text.tcp_process_refused_data
                0x00004388       0xce ./lwip/src/core/tcp.o
                0x00004388                tcp_process_refused_data
 .text.tcp_segs_free
                0x00004456       0x2a ./lwip/src/core/tcp.o
                0x00004456                tcp_segs_free
 .text.tcp_seg_free
                0x00004480       0x2e ./lwip/src/core/tcp.o
                0x00004480                tcp_seg_free
 *fill*         0x000044ae        0x2 ff
 .text.tcp_seg_copy
                0x000044b0       0x40 ./lwip/src/core/tcp.o
                0x000044b0                tcp_seg_copy
 .text.tcp_recv_null
                0x000044f0       0x44 ./lwip/src/core/tcp.o
                0x000044f0                tcp_recv_null
 .text.tcp_kill_prio
                0x00004534       0x80 ./lwip/src/core/tcp.o
 .text.tcp_kill_timewait
                0x000045b4       0x60 ./lwip/src/core/tcp.o
 .text.tcp_alloc
                0x00004614      0x128 ./lwip/src/core/tcp.o
                0x00004614                tcp_alloc
 .text.tcp_new  0x0000473c       0x10 ./lwip/src/core/tcp.o
                0x0000473c                tcp_new
 .text.tcp_arg  0x0000474c       0x1a ./lwip/src/core/tcp.o
                0x0000474c                tcp_arg
 .text.tcp_recv
                0x00004766       0x26 ./lwip/src/core/tcp.o
                0x00004766                tcp_recv
 .text.tcp_sent
                0x0000478c       0x24 ./lwip/src/core/tcp.o
                0x0000478c                tcp_sent
 .text.tcp_err  0x000047b0       0x26 ./lwip/src/core/tcp.o
                0x000047b0                tcp_err
 .text.tcp_accept
                0x000047d6       0x1a ./lwip/src/core/tcp.o
                0x000047d6                tcp_accept
 .text.tcp_poll
                0x000047f0       0x32 ./lwip/src/core/tcp.o
                0x000047f0                tcp_poll
 .text.tcp_pcb_purge
                0x00004822       0x82 ./lwip/src/core/tcp.o
                0x00004822                tcp_pcb_purge
 .text.tcp_pcb_remove
                0x000048a4       0xd0 ./lwip/src/core/tcp.o
                0x000048a4                tcp_pcb_remove
 .text.tcp_next_iss
                0x00004974       0x28 ./lwip/src/core/tcp.o
                0x00004974                tcp_next_iss
 .text.tcp_eff_send_mss
                0x0000499c       0x40 ./lwip/src/core/tcp.o
                0x0000499c                tcp_eff_send_mss
 .text.tcp_input
                0x000049dc      0x67c ./lwip/src/core/tcp_in.o
                0x000049dc                tcp_input
 .text.tcp_listen_input
                0x00005058      0x194 ./lwip/src/core/tcp_in.o
 .text.tcp_timewait_input
                0x000051ec       0xd4 ./lwip/src/core/tcp_in.o
 .text.tcp_process
                0x000052c0      0x6f4 ./lwip/src/core/tcp_in.o
 .text.tcp_oos_insert_segment
                0x000059b4       0xec ./lwip/src/core/tcp_in.o
 .text.tcp_receive
                0x00005aa0      0xf74 ./lwip/src/core/tcp_in.o
 .text.tcp_parseopt
                0x00006a14      0x108 ./lwip/src/core/tcp_in.o
 .text.tcp_output_alloc_header
                0x00006b1c       0xe0 ./lwip/src/core/tcp_out.o
 .text.tcp_send_fin
                0x00006bfc       0x7e ./lwip/src/core/tcp_out.o
                0x00006bfc                tcp_send_fin
 *fill*         0x00006c7a        0x2 ff
 .text.tcp_create_segment
                0x00006c7c      0x124 ./lwip/src/core/tcp_out.o
 .text.tcp_pbuf_prealloc
                0x00006da0       0xae ./lwip/src/core/tcp_out.o
 .text.tcp_seg_add_chksum
                0x00006e4e       0x66 ./lwip/src/core/tcp_out.o
 .text.tcp_write_checks
                0x00006eb4       0xc6 ./lwip/src/core/tcp_out.o
 .text.tcp_write
                0x00006f7a      0x5f6 ./lwip/src/core/tcp_out.o
                0x00006f7a                tcp_write
 .text.tcp_enqueue_flags
                0x00007570      0x1d4 ./lwip/src/core/tcp_out.o
                0x00007570                tcp_enqueue_flags
 .text.tcp_send_empty_ack
                0x00007744       0x90 ./lwip/src/core/tcp_out.o
                0x00007744                tcp_send_empty_ack
 .text.tcp_output
                0x000077d4      0x2c8 ./lwip/src/core/tcp_out.o
                0x000077d4                tcp_output
 .text.tcp_output_segment
                0x00007a9c      0x210 ./lwip/src/core/tcp_out.o
 .text.tcp_rst  0x00007cac       0xde ./lwip/src/core/tcp_out.o
                0x00007cac                tcp_rst
 .text.tcp_rexmit_rto
                0x00007d8a       0x62 ./lwip/src/core/tcp_out.o
                0x00007d8a                tcp_rexmit_rto
 .text.tcp_rexmit
                0x00007dec       0x96 ./lwip/src/core/tcp_out.o
                0x00007dec                tcp_rexmit
 .text.tcp_rexmit_fast
                0x00007e82       0xa6 ./lwip/src/core/tcp_out.o
                0x00007e82                tcp_rexmit_fast
 .text.tcp_keepalive
                0x00007f28       0x72 ./lwip/src/core/tcp_out.o
                0x00007f28                tcp_keepalive
 .text.tcp_zero_window_probe
                0x00007f9a      0x108 ./lwip/src/core/tcp_out.o
                0x00007f9a                tcp_zero_window_probe
 *fill*         0x000080a2        0x2 ff
 .text.tcpip_tcp_timer
                0x000080a4       0x48 ./lwip/src/core/timers.o
 .text.tcp_timer_needed
                0x000080ec       0x40 ./lwip/src/core/timers.o
                0x000080ec                tcp_timer_needed
 .text.ip_reass_timer
                0x0000812c       0x24 ./lwip/src/core/timers.o
 .text.arp_timer
                0x00008150       0x24 ./lwip/src/core/timers.o
 .text.sys_timeouts_init
                0x00008174       0x28 ./lwip/src/core/timers.o
                0x00008174                sys_timeouts_init
 .text.sys_timeout
                0x0000819c       0xf4 ./lwip/src/core/timers.o
                0x0000819c                sys_timeout
 .text.sys_untimeout
                0x00008290       0x8c ./lwip/src/core/timers.o
                0x00008290                sys_untimeout
 .text.sys_timeouts_mbox_fetch
                0x0000831c       0xac ./lwip/src/core/timers.o
                0x0000831c                sys_timeouts_mbox_fetch
 .text.udp_init
                0x000083c8        0xc ./lwip/src/core/udp.o
                0x000083c8                udp_init
 .text.udp_new_port
                0x000083d4       0x70 ./lwip/src/core/udp.o
 .text.udp_input
                0x00008444      0x26c ./lwip/src/core/udp.o
                0x00008444                udp_input
 .text.udp_send_chksum
                0x000086b0       0x3a ./lwip/src/core/udp.o
                0x000086b0                udp_send_chksum
 .text.udp_sendto_chksum
                0x000086ea       0x48 ./lwip/src/core/udp.o
                0x000086ea                udp_sendto_chksum
 .text.udp_sendto_if_chksum
                0x00008732      0x1d6 ./lwip/src/core/udp.o
                0x00008732                udp_sendto_if_chksum
 .text.udp_bind
                0x00008908       0xcc ./lwip/src/core/udp.o
                0x00008908                udp_bind
 .text.udp_connect
                0x000089d4       0x98 ./lwip/src/core/udp.o
                0x000089d4                udp_connect
 .text.udp_disconnect
                0x00008a6c       0x2c ./lwip/src/core/udp.o
                0x00008a6c                udp_disconnect
 .text.udp_recv
                0x00008a98       0x22 ./lwip/src/core/udp.o
                0x00008a98                udp_recv
 *fill*         0x00008aba        0x2 ff
 .text.udp_remove
                0x00008abc       0x60 ./lwip/src/core/udp.o
                0x00008abc                udp_remove
 .text.udp_new  0x00008b1c       0x38 ./lwip/src/core/udp.o
                0x00008b1c                udp_new
 .text.Chip_ENET_SetADDR
                0x00008b54       0x4e ./lwip/src/arch/lpc17xx_40xx_emac.o
 .text.Chip_ENET_TXEnable
                0x00008ba2       0x22 ./lwip/src/arch/lpc17xx_40xx_emac.o
 .text.Chip_ENET_RXEnable
                0x00008bc4       0x2e ./lwip/src/arch/lpc17xx_40xx_emac.o
 .text.Chip_ENET_RXDisable
                0x00008bf2       0x2e ./lwip/src/arch/lpc17xx_40xx_emac.o
 .text.Chip_ENET_ResetTXLogic
                0x00008c20       0x1e ./lwip/src/arch/lpc17xx_40xx_emac.o
 .text.Chip_ENET_ResetRXLogic
                0x00008c3e       0x1e ./lwip/src/arch/lpc17xx_40xx_emac.o
 .text.Chip_ENET_EnableRXFilter
                0x00008c5c       0x34 ./lwip/src/arch/lpc17xx_40xx_emac.o
 .text.Chip_ENET_GetTXProduceIndex
                0x00008c90       0x1a ./lwip/src/arch/lpc17xx_40xx_emac.o
 .text.Chip_ENET_GetTXConsumeIndex
                0x00008caa       0x1a ./lwip/src/arch/lpc17xx_40xx_emac.o
 .text.Chip_ENET_GetRXConsumeIndex
                0x00008cc4       0x1a ./lwip/src/arch/lpc17xx_40xx_emac.o
 .text.Chip_ENET_GetFreeDescNum
                0x00008cde       0x36 ./lwip/src/arch/lpc17xx_40xx_emac.o
 .text.Chip_ENET_IsRxEmpty
                0x00008d14       0x2c ./lwip/src/arch/lpc17xx_40xx_emac.o
 .text.Chip_ENET_EnableInt
                0x00008d40       0x24 ./lwip/src/arch/lpc17xx_40xx_emac.o
 .text.Chip_ENET_GetIntStatus
                0x00008d64       0x18 ./lwip/src/arch/lpc17xx_40xx_emac.o
 .text.Chip_ENET_ClearIntStatus
                0x00008d7c       0x1c ./lwip/src/arch/lpc17xx_40xx_emac.o
 .text.lpc_rxqueue_pbuf
                0x00008d98       0x94 ./lwip/src/arch/lpc17xx_40xx_emac.o
 .text.lpc_rx_setup
                0x00008e2c       0x40 ./lwip/src/arch/lpc17xx_40xx_emac.o
 .text.lpc_low_level_input
                0x00008e6c      0x16c ./lwip/src/arch/lpc17xx_40xx_emac.o
 .text.lpc_packet_addr_notsafe
                0x00008fd8       0x3c ./lwip/src/arch/lpc17xx_40xx_emac.o
 .text.lpc_tx_setup
                0x00009014       0x60 ./lwip/src/arch/lpc17xx_40xx_emac.o
 .text.lpc_tx_reclaim_st
                0x00009074       0xa0 ./lwip/src/arch/lpc17xx_40xx_emac.o
 .text.lpc_low_level_output
                0x00009114      0x138 ./lwip/src/arch/lpc17xx_40xx_emac.o
 .text.vPacketReceiveTask
                0x0000924c       0x3c ./lwip/src/arch/lpc17xx_40xx_emac.o
 .text.vTransmitCleanupTask
                0x00009288       0xa8 ./lwip/src/arch/lpc17xx_40xx_emac.o
 .text.low_level_init
                0x00009330       0xa4 ./lwip/src/arch/lpc17xx_40xx_emac.o
 .text.lpc_etharp_output
                0x000093d4       0x34 ./lwip/src/arch/lpc17xx_40xx_emac.o
 .text.lpc_rx_queue
                0x00009408       0x5e ./lwip/src/arch/lpc17xx_40xx_emac.o
                0x00009408                lpc_rx_queue
 .text.lpc_enetif_input
                0x00009466       0x64 ./lwip/src/arch/lpc17xx_40xx_emac.o
                0x00009466                lpc_enetif_input
 *fill*         0x000094ca        0x2 ff
 .text.lpc_tx_reclaim
                0x000094cc       0x28 ./lwip/src/arch/lpc17xx_40xx_emac.o
                0x000094cc                lpc_tx_reclaim
 .text.lpc_tx_ready
                0x000094f4       0x3c ./lwip/src/arch/lpc17xx_40xx_emac.o
                0x000094f4                lpc_tx_ready
 .text.ETH_IRQHandler
                0x00009530       0x7c ./lwip/src/arch/lpc17xx_40xx_emac.o
                0x00009530                ETH_IRQHandler
 .text.lpc_enetif_init
                0x000095ac      0x158 ./lwip/src/arch/lpc17xx_40xx_emac.o
                0x000095ac                lpc_enetif_init
 .text.assert_loop
                0x00009704        0x6 ./lwip/src/arch/lpc_debug.o
                0x00009704                assert_loop
 .text.sys_mbox_new
                0x0000970a       0x38 ./lwip/src/arch/sys_arch_freertos.o
                0x0000970a                sys_mbox_new
 .text.sys_mbox_free
                0x00009742       0x26 ./lwip/src/arch/sys_arch_freertos.o
                0x00009742                sys_mbox_free
 .text.sys_mbox_post
                0x00009768       0x2c ./lwip/src/arch/sys_arch_freertos.o
                0x00009768                sys_mbox_post
 .text.sys_mbox_trypost
                0x00009794       0x34 ./lwip/src/arch/sys_arch_freertos.o
                0x00009794                sys_mbox_trypost
 .text.sys_arch_mbox_fetch
                0x000097c8       0x98 ./lwip/src/arch/sys_arch_freertos.o
                0x000097c8                sys_arch_mbox_fetch
 .text.sys_arch_mbox_tryfetch
                0x00009860       0x40 ./lwip/src/arch/sys_arch_freertos.o
                0x00009860                sys_arch_mbox_tryfetch
 .text.sys_sem_new
                0x000098a0       0x62 ./lwip/src/arch/sys_arch_freertos.o
                0x000098a0                sys_sem_new
 .text.sys_arch_sem_wait
                0x00009902       0x84 ./lwip/src/arch/sys_arch_freertos.o
                0x00009902                sys_arch_sem_wait
 .text.sys_mutex_new
                0x00009986       0x30 ./lwip/src/arch/sys_arch_freertos.o
                0x00009986                sys_mutex_new
 .text.sys_mutex_lock
                0x000099b6       0x2a ./lwip/src/arch/sys_arch_freertos.o
                0x000099b6                sys_mutex_lock
 .text.sys_mutex_unlock
                0x000099e0       0x1e ./lwip/src/arch/sys_arch_freertos.o
                0x000099e0                sys_mutex_unlock
 .text.sys_sem_signal
                0x000099fe       0x1e ./lwip/src/arch/sys_arch_freertos.o
                0x000099fe                sys_sem_signal
 .text.sys_sem_free
                0x00009a1c       0x1a ./lwip/src/arch/sys_arch_freertos.o
                0x00009a1c                sys_sem_free
 .text.sys_init
                0x00009a36        0xc ./lwip/src/arch/sys_arch_freertos.o
                0x00009a36                sys_init
 .text.sys_thread_new
                0x00009a42       0x4c ./lwip/src/arch/sys_arch_freertos.o
                0x00009a42                sys_thread_new
 .text.sys_arch_protect
                0x00009a8e        0xe ./lwip/src/arch/sys_arch_freertos.o
                0x00009a8e                sys_arch_protect
 .text.sys_arch_unprotect
                0x00009a9c       0x14 ./lwip/src/arch/sys_arch_freertos.o
                0x00009a9c                sys_arch_unprotect
 .text.netconn_new_with_proto_and_callback
                0x00009ab0       0x9c ./lwip/src/api/api_lib.o
                0x00009ab0                netconn_new_with_proto_and_callback
 .text.netconn_delete
                0x00009b4c       0x38 ./lwip/src/api/api_lib.o
                0x00009b4c                netconn_delete
 .text.netconn_getaddr
                0x00009b84       0x94 ./lwip/src/api/api_lib.o
                0x00009b84                netconn_getaddr
 .text.netconn_connect
                0x00009c18       0x70 ./lwip/src/api/api_lib.o
                0x00009c18                netconn_connect
 .text.netconn_disconnect
                0x00009c88       0x60 ./lwip/src/api/api_lib.o
                0x00009c88                netconn_disconnect
 .text.netconn_recv_data
                0x00009ce8      0x12c ./lwip/src/api/api_lib.o
 .text.netconn_recv_tcp_pbuf
                0x00009e14       0x34 ./lwip/src/api/api_lib.o
                0x00009e14                netconn_recv_tcp_pbuf
 .text.netconn_recv
                0x00009e48       0xf0 ./lwip/src/api/api_lib.o
                0x00009e48                netconn_recv
 .text.netconn_recved
                0x00009f38       0x48 ./lwip/src/api/api_lib.o
                0x00009f38                netconn_recved
 .text.netconn_send
                0x00009f80       0x68 ./lwip/src/api/api_lib.o
                0x00009f80                netconn_send
 .text.netconn_write_partly
                0x00009fe8       0xe8 ./lwip/src/api/api_lib.o
                0x00009fe8                netconn_write_partly
 .text.recv_udp
                0x0000a0d0       0xc8 ./lwip/src/api/api_msg.o
 .text.recv_tcp
                0x0000a198       0xca ./lwip/src/api/api_msg.o
 .text.poll_tcp
                0x0000a262       0x92 ./lwip/src/api/api_msg.o
 .text.sent_tcp
                0x0000a2f4       0x90 ./lwip/src/api/api_msg.o
 .text.err_tcp  0x0000a384      0x11a ./lwip/src/api/api_msg.o
 *fill*         0x0000a49e        0x2 ff
 .text.setup_tcp
                0x0000a4a0       0x50 ./lwip/src/api/api_msg.o
 .text.pcb_new  0x0000a4f0       0xac ./lwip/src/api/api_msg.o
 .text.do_newconn
                0x0000a59c       0x32 ./lwip/src/api/api_msg.o
                0x0000a59c                do_newconn
 *fill*         0x0000a5ce        0x2 ff
 .text.netconn_alloc
                0x0000a5d0       0xcc ./lwip/src/api/api_msg.o
                0x0000a5d0                netconn_alloc
 .text.netconn_free
                0x0000a69c       0x4a ./lwip/src/api/api_msg.o
                0x0000a69c                netconn_free
 .text.netconn_drain
                0x0000a6e6       0xec ./lwip/src/api/api_msg.o
 *fill*         0x0000a7d2        0x2 ff
 .text.do_close_internal
                0x0000a7d4      0x1dc ./lwip/src/api/api_msg.o
 .text.do_delconn
                0x0000a9b0      0x12a ./lwip/src/api/api_msg.o
                0x0000a9b0                do_delconn
 .text.do_connected
                0x0000aada       0xe8 ./lwip/src/api/api_msg.o
 *fill*         0x0000abc2        0x2 ff
 .text.do_connect
                0x0000abc4      0x114 ./lwip/src/api/api_msg.o
                0x0000abc4                do_connect
 .text.do_disconnect
                0x0000acd8       0x44 ./lwip/src/api/api_msg.o
                0x0000acd8                do_disconnect
 .text.do_send  0x0000ad1c       0xde ./lwip/src/api/api_msg.o
                0x0000ad1c                do_send
 .text.do_recv  0x0000adfa       0x6e ./lwip/src/api/api_msg.o
                0x0000adfa                do_recv
 .text.do_writemore
                0x0000ae68      0x21e ./lwip/src/api/api_msg.o
 .text.do_write
                0x0000b086       0xb2 ./lwip/src/api/api_msg.o
                0x0000b086                do_write
 .text.do_getaddr
                0x0000b138       0xce ./lwip/src/api/api_msg.o
                0x0000b138                do_getaddr
 .text.netbuf_delete
                0x0000b206       0x3c ./lwip/src/api/netbuf.o
                0x0000b206                netbuf_delete
 .text.netbuf_free
                0x0000b242       0x3a ./lwip/src/api/netbuf.o
                0x0000b242                netbuf_free
 .text.netbuf_ref
                0x0000b27c       0x7e ./lwip/src/api/netbuf.o
                0x0000b27c                netbuf_ref
 .text.lwip_socket_init
                0x0000b2fa        0xc ./lwip/src/api/sockets.o
                0x0000b2fa                lwip_socket_init
 *fill*         0x0000b306        0x2 ff
 .text.get_socket
                0x0000b308       0x44 ./lwip/src/api/sockets.o
 .text.tryget_socket
                0x0000b34c       0x4c ./lwip/src/api/sockets.o
 .text.alloc_socket
                0x0000b398      0x10c ./lwip/src/api/sockets.o
 .text.free_socket
                0x0000b4a4       0x56 ./lwip/src/api/sockets.o
 .text.lwip_close
                0x0000b4fa       0x64 ./lwip/src/api/sockets.o
                0x0000b4fa                lwip_close
 *fill*         0x0000b55e        0x2 ff
 .text.lwip_connect
                0x0000b560       0xd4 ./lwip/src/api/sockets.o
                0x0000b560                lwip_connect
 .text.lwip_recvfrom
                0x0000b634      0x2f8 ./lwip/src/api/sockets.o
                0x0000b634                lwip_recvfrom
 .text.lwip_recv
                0x0000b92c       0x2c ./lwip/src/api/sockets.o
                0x0000b92c                lwip_recv
 .text.lwip_send
                0x0000b958       0xc0 ./lwip/src/api/sockets.o
                0x0000b958                lwip_send
 .text.lwip_sendto
                0x0000ba18      0x134 ./lwip/src/api/sockets.o
                0x0000ba18                lwip_sendto
 .text.lwip_socket
                0x0000bb4c       0xbc ./lwip/src/api/sockets.o
                0x0000bb4c                lwip_socket
 .text.lwip_write
                0x0000bc08       0x22 ./lwip/src/api/sockets.o
                0x0000bc08                lwip_write
 .text.lwip_selscan
                0x0000bc2a      0x200 ./lwip/src/api/sockets.o
 *fill*         0x0000be2a        0x2 ff
 .text.lwip_select
                0x0000be2c      0x394 ./lwip/src/api/sockets.o
                0x0000be2c                lwip_select
 .text.event_callback
                0x0000c1c0      0x20c ./lwip/src/api/sockets.o
 .text.lwip_read_exact
                0x0000c3cc      0x180 ./lwip/src/api/sockets.o
                0x0000c3cc                lwip_read_exact
 .text.Read     0x0000c54c       0x44 ./lwip/src/api/sockets.o
                0x0000c54c                Read
 .text.tcpip_thread
                0x0000c590      0x10c ./lwip/src/api/tcpip.o
 .text.tcpip_input
                0x0000c69c       0x70 ./lwip/src/api/tcpip.o
                0x0000c69c                tcpip_input
 .text.tcpip_callback_with_block
                0x0000c70c       0x84 ./lwip/src/api/tcpip.o
                0x0000c70c                tcpip_callback_with_block
 .text.tcpip_apimsg
                0x0000c790       0x4c ./lwip/src/api/tcpip.o
                0x0000c790                tcpip_apimsg
 .text.tcpip_init
                0x0000c7dc       0x5c ./lwip/src/api/tcpip.o
                0x0000c7dc                tcpip_init
 .text.vApplicationMallocFailedHook
                0x0000c838       0x14 ./freertos/src/FreeRTOSCommonHooks.o
                0x0000c838                vApplicationMallocFailedHook
 .text.vApplicationIdleHook
                0x0000c84c       0x10 ./freertos/src/FreeRTOSCommonHooks.o
                0x0000c84c                vApplicationIdleHook
 .text.vApplicationStackOverflowHook
                0x0000c85c       0x1c ./freertos/src/FreeRTOSCommonHooks.o
                0x0000c85c                vApplicationStackOverflowHook
 .text.pvPortMalloc
                0x0000c878       0x2c ./freertos/src/heap_3.o
                0x0000c878                pvPortMalloc
 .text.vPortFree
                0x0000c8a4       0x24 ./freertos/src/heap_3.o
                0x0000c8a4                vPortFree
 .text.vListInitialise
                0x0000c8c8       0x3e ./freertos/src/list.o
                0x0000c8c8                vListInitialise
 .text.vListInitialiseItem
                0x0000c906       0x18 ./freertos/src/list.o
                0x0000c906                vListInitialiseItem
 .text.vListInsertEnd
                0x0000c91e       0x46 ./freertos/src/list.o
                0x0000c91e                vListInsertEnd
 .text.vListInsert
                0x0000c964       0x70 ./freertos/src/list.o
                0x0000c964                vListInsert
 .text.uxListRemove
                0x0000c9d4       0x52 ./freertos/src/list.o
                0x0000c9d4                uxListRemove
 *fill*         0x0000ca26        0x2 ff
 .text.pxPortInitialiseStack
                0x0000ca28       0x54 ./freertos/src/port.o
                0x0000ca28                pxPortInitialiseStack
 .text.prvTaskExitError
                0x0000ca7c        0xa ./freertos/src/port.o
 *fill*         0x0000ca86        0x2 ff
 .text.SVC_Handler
                0x0000ca88       0x24 ./freertos/src/port.o
                0x0000ca88                SVC_Handler
 .text.prvPortStartFirstTask
                0x0000caac       0x18 ./freertos/src/port.o
 .text.xPortStartScheduler
                0x0000cac4       0x38 ./freertos/src/port.o
                0x0000cac4                xPortStartScheduler
 .text.vPortYield
                0x0000cafc       0x20 ./freertos/src/port.o
                0x0000cafc                vPortYield
 .text.vPortEnterCritical
                0x0000cb1c       0x24 ./freertos/src/port.o
                0x0000cb1c                vPortEnterCritical
 .text.vPortExitCritical
                0x0000cb40       0x24 ./freertos/src/port.o
                0x0000cb40                vPortExitCritical
 .text.ulPortSetInterruptMask
                0x0000cb64       0x12 ./freertos/src/port.o
                0x0000cb64                ulPortSetInterruptMask
 .text.vPortClearInterruptMask
                0x0000cb76        0x8 ./freertos/src/port.o
                0x0000cb76                vPortClearInterruptMask
 *fill*         0x0000cb7e        0x2 ff
 .text.PendSV_Handler
                0x0000cb80       0x40 ./freertos/src/port.o
                0x0000cb80                PendSV_Handler
 .text.SysTick_Handler
                0x0000cbc0       0x28 ./freertos/src/port.o
                0x0000cbc0                SysTick_Handler
 .text.vPortSetupTimerInterrupt
                0x0000cbe8       0x34 ./freertos/src/port.o
                0x0000cbe8                vPortSetupTimerInterrupt
 .text.xQueueGenericReset
                0x0000cc1c       0xa4 ./freertos/src/queue.o
                0x0000cc1c                xQueueGenericReset
 .text.xQueueGenericCreate
                0x0000ccc0       0x78 ./freertos/src/queue.o
                0x0000ccc0                xQueueGenericCreate
 .text.xQueueCreateMutex
                0x0000cd38       0x84 ./freertos/src/queue.o
                0x0000cd38                xQueueCreateMutex
 .text.xQueueCreateCountingSemaphore
                0x0000cdbc       0x2c ./freertos/src/queue.o
                0x0000cdbc                xQueueCreateCountingSemaphore
 .text.xQueueGenericSend
                0x0000cde8      0x110 ./freertos/src/queue.o
                0x0000cde8                xQueueGenericSend
 .text.xQueueGenericSendFromISR
                0x0000cef8       0x88 ./freertos/src/queue.o
                0x0000cef8                xQueueGenericSendFromISR
 .text.xQueueGenericReceive
                0x0000cf80      0x16c ./freertos/src/queue.o
                0x0000cf80                xQueueGenericReceive
 .text.uxQueueMessagesWaiting
                0x0000d0ec       0x20 ./freertos/src/queue.o
                0x0000d0ec                uxQueueMessagesWaiting
 .text.vQueueDelete
                0x0000d10c       0x2a ./freertos/src/queue.o
                0x0000d10c                vQueueDelete
 .text.prvCopyDataToQueue
                0x0000d136       0xce ./freertos/src/queue.o
 .text.prvCopyDataFromQueue
                0x0000d204       0x4c ./freertos/src/queue.o
 .text.prvUnlockQueue
                0x0000d250       0x98 ./freertos/src/queue.o
 .text.prvIsQueueEmpty
                0x0000d2e8       0x2c ./freertos/src/queue.o
 .text.prvIsQueueFull
                0x0000d314       0x30 ./freertos/src/queue.o
 .text.vQueueUnregisterQueue
                0x0000d344       0x48 ./freertos/src/queue.o
                0x0000d344                vQueueUnregisterQueue
 .text.xTaskGenericCreate
                0x0000d38c      0x140 ./freertos/src/tasks.o
                0x0000d38c                xTaskGenericCreate
 .text.vTaskDelay
                0x0000d4cc       0x54 ./freertos/src/tasks.o
                0x0000d4cc                vTaskDelay
 .text.vTaskStartScheduler
                0x0000d520       0x58 ./freertos/src/tasks.o
                0x0000d520                vTaskStartScheduler
 .text.vTaskSuspendAll
                0x0000d578       0x1c ./freertos/src/tasks.o
                0x0000d578                vTaskSuspendAll
 .text.xTaskResumeAll
                0x0000d594       0xfc ./freertos/src/tasks.o
                0x0000d594                xTaskResumeAll
 .text.xTaskGetTickCount
                0x0000d690       0x24 ./freertos/src/tasks.o
                0x0000d690                xTaskGetTickCount
 .text.xTaskIncrementTick
                0x0000d6b4      0x18c ./freertos/src/tasks.o
                0x0000d6b4                xTaskIncrementTick
 .text.vTaskSwitchContext
                0x0000d840       0xb8 ./freertos/src/tasks.o
                0x0000d840                vTaskSwitchContext
 .text.vTaskPlaceOnEventList
                0x0000d8f8       0x60 ./freertos/src/tasks.o
                0x0000d8f8                vTaskPlaceOnEventList
 .text.xTaskRemoveFromEventList
                0x0000d958       0xac ./freertos/src/tasks.o
                0x0000d958                xTaskRemoveFromEventList
 .text.vTaskSetTimeOutState
                0x0000da04       0x2c ./freertos/src/tasks.o
                0x0000da04                vTaskSetTimeOutState
 .text.xTaskCheckForTimeOut
                0x0000da30       0x88 ./freertos/src/tasks.o
                0x0000da30                xTaskCheckForTimeOut
 .text.vTaskMissedYield
                0x0000dab8       0x18 ./freertos/src/tasks.o
                0x0000dab8                vTaskMissedYield
 .text.prvIdleTask
                0x0000dad0       0x24 ./freertos/src/tasks.o
 .text.prvInitialiseTCBVariables
                0x0000daf4       0x98 ./freertos/src/tasks.o
 .text.prvInitialiseTaskLists
                0x0000db8c       0x80 ./freertos/src/tasks.o
 .text.prvCheckTasksWaitingTermination
                0x0000dc0c       0x78 ./freertos/src/tasks.o
 .text.prvAddCurrentTaskToDelayedList
                0x0000dc84       0x6c ./freertos/src/tasks.o
 .text.prvAllocateTCBAndStack
                0x0000dcf0       0x62 ./freertos/src/tasks.o
 .text.prvDeleteTCB
                0x0000dd52       0x20 ./freertos/src/tasks.o
 *fill*         0x0000dd72        0x2 ff
 .text.xTaskGetCurrentTaskHandle
                0x0000dd74       0x1c ./freertos/src/tasks.o
                0x0000dd74                xTaskGetCurrentTaskHandle
 .text.vTaskPriorityInherit
                0x0000dd90       0xb4 ./freertos/src/tasks.o
                0x0000dd90                vTaskPriorityInherit
 .text.vTaskPriorityDisinherit
                0x0000de44       0x7c ./freertos/src/tasks.o
                0x0000de44                vTaskPriorityDisinherit
 .text.crc32_ccitt
                0x0000dec0       0x58 ./example/src/QuickCRC32Algorithm.o
                0x0000dec0                crc32_ccitt
 .text.__check_heap_overflow
                0x0000df18       0x2c ./example/src/cr_redlib_heap_fix.o
                0x0000df18                __check_heap_overflow
 .text.NVIC_EnableIRQ
                0x0000df44       0x30 ./example/src/lwip_tcpecho_freertos.o
 .text.NVIC_SetPriority
                0x0000df74       0x54 ./example/src/lwip_tcpecho_freertos.o
 .text.Chip_ENET_Set100Mbps
                0x0000dfc8       0x1a ./example/src/lwip_tcpecho_freertos.o
 .text.Chip_ENET_Set10Mbps
                0x0000dfe2       0x18 ./example/src/lwip_tcpecho_freertos.o
 .text.prvSetupHardware
                0x0000dffa       0x18 ./example/src/lwip_tcpecho_freertos.o
 .text.tcpip_init_done_signal
                0x0000e012       0x18 ./example/src/lwip_tcpecho_freertos.o
 *fill*         0x0000e02a        0x2 ff
 .text.vSetupIFTask
                0x0000e02c      0x1c8 ./example/src/lwip_tcpecho_freertos.o
 .text.msDelay  0x0000e1f4       0x2c ./example/src/lwip_tcpecho_freertos.o
                0x0000e1f4                msDelay
 .text.main     0x0000e220       0x3c ./example/src/lwip_tcpecho_freertos.o
                0x0000e220                main
 .text.SystemInit
                0x0000e25c       0x24 ./example/src/sysinit.o
                0x0000e25c                SystemInit
 .text.tcpecho_thread
                0x0000e280      0x318 ./example/src/tcpecho.o
 .text.process_Txpdo
                0x0000e598      0x158 ./example/src/tcpecho.o
                0x0000e598                process_Txpdo
 .text.MessageDeCoder
                0x0000e6f0       0x48 ./example/src/tcpecho.o
                0x0000e6f0                MessageDeCoder
 .text.MessageCRCCal
                0x0000e738       0xc2 ./example/src/tcpecho.o
                0x0000e738                MessageCRCCal
 *fill*         0x0000e7fa        0x2 ff
 .text.tcpecho_init
                0x0000e7fc       0x28 ./example/src/tcpecho.o
                0x0000e7fc                tcpecho_init
 .text.Chip_IOCON_Init
                0x0000e824       0x16 C:\Users\E1356301\Documents\MCUXpressoIDE_11.3.1_5262\workspace\lpc_board_ea_devkit_1788\Debug\liblpc_board_ea_devkit_1788.a(board.o)
 .text.Chip_IOCON_PinMuxSet
                0x0000e83a       0x2c C:\Users\E1356301\Documents\MCUXpressoIDE_11.3.1_5262\workspace\lpc_board_ea_devkit_1788\Debug\liblpc_board_ea_devkit_1788.a(board.o)
 .text.Chip_GPIO_Init
                0x0000e866       0x16 C:\Users\E1356301\Documents\MCUXpressoIDE_11.3.1_5262\workspace\lpc_board_ea_devkit_1788\Debug\liblpc_board_ea_devkit_1788.a(board.o)
 .text.Chip_GPIO_SetPinState
                0x0000e87c       0x64 C:\Users\E1356301\Documents\MCUXpressoIDE_11.3.1_5262\workspace\lpc_board_ea_devkit_1788\Debug\liblpc_board_ea_devkit_1788.a(board.o)
 .text.Chip_GPIO_WritePortBit
                0x0000e8e0       0x2c C:\Users\E1356301\Documents\MCUXpressoIDE_11.3.1_5262\workspace\lpc_board_ea_devkit_1788\Debug\liblpc_board_ea_devkit_1788.a(board.o)
 .text.Chip_GPIO_SetPinDIROutput
                0x0000e90c       0x36 C:\Users\E1356301\Documents\MCUXpressoIDE_11.3.1_5262\workspace\lpc_board_ea_devkit_1788\Debug\liblpc_board_ea_devkit_1788.a(board.o)
 .text.Chip_GPIO_SetPinDIRInput
                0x0000e942       0x3a C:\Users\E1356301\Documents\MCUXpressoIDE_11.3.1_5262\workspace\lpc_board_ea_devkit_1788\Debug\liblpc_board_ea_devkit_1788.a(board.o)
 .text.Chip_GPIO_SetPinDIR
                0x0000e97c       0x42 C:\Users\E1356301\Documents\MCUXpressoIDE_11.3.1_5262\workspace\lpc_board_ea_devkit_1788\Debug\liblpc_board_ea_devkit_1788.a(board.o)
 .text.Chip_GPIO_WriteDirBit
                0x0000e9be       0x2e C:\Users\E1356301\Documents\MCUXpressoIDE_11.3.1_5262\workspace\lpc_board_ea_devkit_1788\Debug\liblpc_board_ea_devkit_1788.a(board.o)
 .text.Chip_UART_SendByte
                0x0000e9ec       0x1c C:\Users\E1356301\Documents\MCUXpressoIDE_11.3.1_5262\workspace\lpc_board_ea_devkit_1788\Debug\liblpc_board_ea_devkit_1788.a(board.o)
 .text.Chip_UART_ConfigData
                0x0000ea08       0x1a C:\Users\E1356301\Documents\MCUXpressoIDE_11.3.1_5262\workspace\lpc_board_ea_devkit_1788\Debug\liblpc_board_ea_devkit_1788.a(board.o)
 .text.Chip_UART_ReadLineStatus
                0x0000ea22       0x16 C:\Users\E1356301\Documents\MCUXpressoIDE_11.3.1_5262\workspace\lpc_board_ea_devkit_1788\Debug\liblpc_board_ea_devkit_1788.a(board.o)
 .text.__sys_write
                0x0000ea38       0x38 C:\Users\E1356301\Documents\MCUXpressoIDE_11.3.1_5262\workspace\lpc_board_ea_devkit_1788\Debug\liblpc_board_ea_devkit_1788.a(board.o)
                0x0000ea38                __sys_write
 .text.Board_UART_Init
                0x0000ea70       0x60 C:\Users\E1356301\Documents\MCUXpressoIDE_11.3.1_5262\workspace\lpc_board_ea_devkit_1788\Debug\liblpc_board_ea_devkit_1788.a(board.o)
                0x0000ea70                Board_UART_Init
 .text.Board_Debug_Init
                0x0000ead0       0x30 C:\Users\E1356301\Documents\MCUXpressoIDE_11.3.1_5262\workspace\lpc_board_ea_devkit_1788\Debug\liblpc_board_ea_devkit_1788.a(board.o)
                0x0000ead0                Board_Debug_Init
 .text.Board_UARTPutChar
                0x0000eb00       0x34 C:\Users\E1356301\Documents\MCUXpressoIDE_11.3.1_5262\workspace\lpc_board_ea_devkit_1788\Debug\liblpc_board_ea_devkit_1788.a(board.o)
                0x0000eb00                Board_UARTPutChar
 .text.Board_UARTPutSTR
                0x0000eb34       0x2a C:\Users\E1356301\Documents\MCUXpressoIDE_11.3.1_5262\workspace\lpc_board_ea_devkit_1788\Debug\liblpc_board_ea_devkit_1788.a(board.o)
                0x0000eb34                Board_UARTPutSTR
 *fill*         0x0000eb5e        0x2 ff
 .text.Board_LED_Init
                0x0000eb60       0x60 C:\Users\E1356301\Documents\MCUXpressoIDE_11.3.1_5262\workspace\lpc_board_ea_devkit_1788\Debug\liblpc_board_ea_devkit_1788.a(board.o)
 .text.Board_LED_Set
                0x0000ebc0       0x54 C:\Users\E1356301\Documents\MCUXpressoIDE_11.3.1_5262\workspace\lpc_board_ea_devkit_1788\Debug\liblpc_board_ea_devkit_1788.a(board.o)
                0x0000ebc0                Board_LED_Set
 .text.Board_ENET_GetMacADDR
                0x0000ec14       0x34 C:\Users\E1356301\Documents\MCUXpressoIDE_11.3.1_5262\workspace\lpc_board_ea_devkit_1788\Debug\liblpc_board_ea_devkit_1788.a(board.o)
                0x0000ec14                Board_ENET_GetMacADDR
 .text.Board_Init
                0x0000ec48       0x24 C:\Users\E1356301\Documents\MCUXpressoIDE_11.3.1_5262\workspace\lpc_board_ea_devkit_1788\Debug\liblpc_board_ea_devkit_1788.a(board.o)
                0x0000ec48                Board_Init
 .text.Chip_SYSCTL_EnableBoost
                0x0000ec6c       0x18 C:\Users\E1356301\Documents\MCUXpressoIDE_11.3.1_5262\workspace\lpc_board_ea_devkit_1788\Debug\liblpc_board_ea_devkit_1788.a(board_sysinit.o)
 .text.Chip_Clock_SetEMCClockDiv
                0x0000ec84       0x20 C:\Users\E1356301\Documents\MCUXpressoIDE_11.3.1_5262\workspace\lpc_board_ea_devkit_1788\Debug\liblpc_board_ea_devkit_1788.a(board_sysinit.o)
 .text.Chip_IOCON_PinMuxSet
                0x0000eca4       0x2c C:\Users\E1356301\Documents\MCUXpressoIDE_11.3.1_5262\workspace\lpc_board_ea_devkit_1788\Debug\liblpc_board_ea_devkit_1788.a(board_sysinit.o)
 .text.Board_SetupClocking
                0x0000ecd0       0x1c C:\Users\E1356301\Documents\MCUXpressoIDE_11.3.1_5262\workspace\lpc_board_ea_devkit_1788\Debug\liblpc_board_ea_devkit_1788.a(board_sysinit.o)
                0x0000ecd0                Board_SetupClocking
 .text.Board_SetupMuxing
                0x0000ecec       0x84 C:\Users\E1356301\Documents\MCUXpressoIDE_11.3.1_5262\workspace\lpc_board_ea_devkit_1788\Debug\liblpc_board_ea_devkit_1788.a(board_sysinit.o)
                0x0000ecec                Board_SetupMuxing
 .text.Board_SetupExtMemory
                0x0000ed70       0x5c C:\Users\E1356301\Documents\MCUXpressoIDE_11.3.1_5262\workspace\lpc_board_ea_devkit_1788\Debug\liblpc_board_ea_devkit_1788.a(board_sysinit.o)
                0x0000ed70                Board_SetupExtMemory
 .text.Board_SystemInit
                0x0000edcc       0x14 C:\Users\E1356301\Documents\MCUXpressoIDE_11.3.1_5262\workspace\lpc_board_ea_devkit_1788\Debug\liblpc_board_ea_devkit_1788.a(board_sysinit.o)
                0x0000edcc                Board_SystemInit
 .text.Chip_ENET_IsMIIBusy
                0x0000ede0       0x24 C:\Users\E1356301\Documents\MCUXpressoIDE_11.3.1_5262\workspace\lpc_board_ea_devkit_1788\Debug\liblpc_board_ea_devkit_1788.a(lpc_phy_smsc87x0.o)
 .text.lpc_mii_write
                0x0000ee04       0x64 C:\Users\E1356301\Documents\MCUXpressoIDE_11.3.1_5262\workspace\lpc_board_ea_devkit_1788\Debug\liblpc_board_ea_devkit_1788.a(lpc_phy_smsc87x0.o)
 .text.lpc_mii_read
                0x0000ee68       0x70 C:\Users\E1356301\Documents\MCUXpressoIDE_11.3.1_5262\workspace\lpc_board_ea_devkit_1788\Debug\liblpc_board_ea_devkit_1788.a(lpc_phy_smsc87x0.o)
 .text.smsc_update_phy_sts
                0x0000eed8       0xec C:\Users\E1356301\Documents\MCUXpressoIDE_11.3.1_5262\workspace\lpc_board_ea_devkit_1788\Debug\liblpc_board_ea_devkit_1788.a(lpc_phy_smsc87x0.o)
 .text.lpc_phy_init
                0x0000efc4       0xac C:\Users\E1356301\Documents\MCUXpressoIDE_11.3.1_5262\workspace\lpc_board_ea_devkit_1788\Debug\liblpc_board_ea_devkit_1788.a(lpc_phy_smsc87x0.o)
                0x0000efc4                lpc_phy_init
 .text.lpcPHYStsPoll
                0x0000f070       0xc0 C:\Users\E1356301\Documents\MCUXpressoIDE_11.3.1_5262\workspace\lpc_board_ea_devkit_1788\Debug\liblpc_board_ea_devkit_1788.a(lpc_phy_smsc87x0.o)
                0x0000f070                lpcPHYStsPoll
 .text.SystemCoreClockUpdate
                0x0000f130       0x18 C:\Users\E1356301\Documents\MCUXpressoIDE_11.3.1_5262\workspace\lpc_chip_177x_8x\Debug\liblpc_chip_177x_8x.a(chip_17xx_40xx.o)
                0x0000f130                SystemCoreClockUpdate
 .text.Chip_Clock_IsMainPLLEnabled
                0x0000f148       0x24 C:\Users\E1356301\Documents\MCUXpressoIDE_11.3.1_5262\workspace\lpc_chip_177x_8x\Debug\liblpc_chip_177x_8x.a(clock_17xx_40xx.o)
 .text.Chip_Clock_FeedPLL
                0x0000f16c       0x34 C:\Users\E1356301\Documents\MCUXpressoIDE_11.3.1_5262\workspace\lpc_chip_177x_8x\Debug\liblpc_chip_177x_8x.a(clock_17xx_40xx.o)
 .text.Chip_Clock_GetMainPLLSource
                0x0000f1a0       0x20 C:\Users\E1356301\Documents\MCUXpressoIDE_11.3.1_5262\workspace\lpc_chip_177x_8x\Debug\liblpc_chip_177x_8x.a(clock_17xx_40xx.o)
 .text.Chip_Clock_GetPCLKDiv
                0x0000f1c0       0x1c C:\Users\E1356301\Documents\MCUXpressoIDE_11.3.1_5262\workspace\lpc_chip_177x_8x\Debug\liblpc_chip_177x_8x.a(clock_17xx_40xx.o)
 .text.Chip_Clock_GetMainOscRate
                0x0000f1dc       0x14 C:\Users\E1356301\Documents\MCUXpressoIDE_11.3.1_5262\workspace\lpc_chip_177x_8x\Debug\liblpc_chip_177x_8x.a(clock_17xx_40xx.o)
 .text.Chip_Clock_GetIntOscRate
                0x0000f1f0       0x14 C:\Users\E1356301\Documents\MCUXpressoIDE_11.3.1_5262\workspace\lpc_chip_177x_8x\Debug\liblpc_chip_177x_8x.a(clock_17xx_40xx.o)
 .text.Chip_Clock_GetMainPLLInClockRate
                0x0000f204        0xe C:\Users\E1356301\Documents\MCUXpressoIDE_11.3.1_5262\workspace\lpc_chip_177x_8x\Debug\liblpc_chip_177x_8x.a(clock_17xx_40xx.o)
 *fill*         0x0000f212        0x2 ff
 .text.Chip_Clock_EnablePLL
                0x0000f214       0x44 C:\Users\E1356301\Documents\MCUXpressoIDE_11.3.1_5262\workspace\lpc_chip_177x_8x\Debug\liblpc_chip_177x_8x.a(clock_17xx_40xx.o)
                0x0000f214                Chip_Clock_EnablePLL
 .text.Chip_Clock_DisablePLL
                0x0000f258       0x48 C:\Users\E1356301\Documents\MCUXpressoIDE_11.3.1_5262\workspace\lpc_chip_177x_8x\Debug\liblpc_chip_177x_8x.a(clock_17xx_40xx.o)
                0x0000f258                Chip_Clock_DisablePLL
 .text.Chip_Clock_SetupPLL
                0x0000f2a0       0x4c C:\Users\E1356301\Documents\MCUXpressoIDE_11.3.1_5262\workspace\lpc_chip_177x_8x\Debug\liblpc_chip_177x_8x.a(clock_17xx_40xx.o)
                0x0000f2a0                Chip_Clock_SetupPLL
 .text.Chip_Clock_EnablePeriphClock
                0x0000f2ec       0x34 C:\Users\E1356301\Documents\MCUXpressoIDE_11.3.1_5262\workspace\lpc_chip_177x_8x\Debug\liblpc_chip_177x_8x.a(clock_17xx_40xx.o)
                0x0000f2ec                Chip_Clock_EnablePeriphClock
 .text.Chip_Clock_SetCPUClockSource
                0x0000f320       0x40 C:\Users\E1356301\Documents\MCUXpressoIDE_11.3.1_5262\workspace\lpc_chip_177x_8x\Debug\liblpc_chip_177x_8x.a(clock_17xx_40xx.o)
                0x0000f320                Chip_Clock_SetCPUClockSource
 .text.Chip_Clock_GetCPUClockSource
                0x0000f360       0x30 C:\Users\E1356301\Documents\MCUXpressoIDE_11.3.1_5262\workspace\lpc_chip_177x_8x\Debug\liblpc_chip_177x_8x.a(clock_17xx_40xx.o)
                0x0000f360                Chip_Clock_GetCPUClockSource
 .text.Chip_Clock_SetCPUClockDiv
                0x0000f390       0x30 C:\Users\E1356301\Documents\MCUXpressoIDE_11.3.1_5262\workspace\lpc_chip_177x_8x\Debug\liblpc_chip_177x_8x.a(clock_17xx_40xx.o)
                0x0000f390                Chip_Clock_SetCPUClockDiv
 .text.Chip_Clock_GetCPUClockDiv
                0x0000f3c0       0x1c C:\Users\E1356301\Documents\MCUXpressoIDE_11.3.1_5262\workspace\lpc_chip_177x_8x\Debug\liblpc_chip_177x_8x.a(clock_17xx_40xx.o)
                0x0000f3c0                Chip_Clock_GetCPUClockDiv
 .text.Chip_Clock_GetSYSCLKRate
                0x0000f3dc       0x2a C:\Users\E1356301\Documents\MCUXpressoIDE_11.3.1_5262\workspace\lpc_chip_177x_8x\Debug\liblpc_chip_177x_8x.a(clock_17xx_40xx.o)
                0x0000f3dc                Chip_Clock_GetSYSCLKRate
 *fill*         0x0000f406        0x2 ff
 .text.Chip_Clock_GetMainPLLOutClockRate
                0x0000f408       0x40 C:\Users\E1356301\Documents\MCUXpressoIDE_11.3.1_5262\workspace\lpc_chip_177x_8x\Debug\liblpc_chip_177x_8x.a(clock_17xx_40xx.o)
                0x0000f408                Chip_Clock_GetMainPLLOutClockRate
 .text.Chip_Clock_GetMainClockRate
                0x0000f448       0x28 C:\Users\E1356301\Documents\MCUXpressoIDE_11.3.1_5262\workspace\lpc_chip_177x_8x\Debug\liblpc_chip_177x_8x.a(clock_17xx_40xx.o)
                0x0000f448                Chip_Clock_GetMainClockRate
 .text.Chip_Clock_GetSystemClockRate
                0x0000f470       0x18 C:\Users\E1356301\Documents\MCUXpressoIDE_11.3.1_5262\workspace\lpc_chip_177x_8x\Debug\liblpc_chip_177x_8x.a(clock_17xx_40xx.o)
                0x0000f470                Chip_Clock_GetSystemClockRate
 .text.Chip_Clock_SetSPIFIClockSource
                0x0000f488       0x34 C:\Users\E1356301\Documents\MCUXpressoIDE_11.3.1_5262\workspace\lpc_chip_177x_8x\Debug\liblpc_chip_177x_8x.a(clock_17xx_40xx.o)
                0x0000f488                Chip_Clock_SetSPIFIClockSource
 .text.Chip_Clock_SetSPIFIClockDiv
                0x0000f4bc       0x30 C:\Users\E1356301\Documents\MCUXpressoIDE_11.3.1_5262\workspace\lpc_chip_177x_8x\Debug\liblpc_chip_177x_8x.a(clock_17xx_40xx.o)
                0x0000f4bc                Chip_Clock_SetSPIFIClockDiv
 .text.Chip_Clock_GetPeripheralClockRate
                0x0000f4ec       0x2e C:\Users\E1356301\Documents\MCUXpressoIDE_11.3.1_5262\workspace\lpc_chip_177x_8x\Debug\liblpc_chip_177x_8x.a(clock_17xx_40xx.o)
                0x0000f4ec                Chip_Clock_GetPeripheralClockRate
 *fill*         0x0000f51a        0x2 ff
 .text.Chip_Clock_GetEMCClockDiv
                0x0000f51c       0x18 C:\Users\E1356301\Documents\MCUXpressoIDE_11.3.1_5262\workspace\lpc_chip_177x_8x\Debug\liblpc_chip_177x_8x.a(emc_17xx_40xx.o)
 .text.Chip_Clock_GetEMCClockRate
                0x0000f534       0x18 C:\Users\E1356301\Documents\MCUXpressoIDE_11.3.1_5262\workspace\lpc_chip_177x_8x\Debug\liblpc_chip_177x_8x.a(emc_17xx_40xx.o)
 .text.convertTimmingParam
                0x0000f54c       0x68 C:\Users\E1356301\Documents\MCUXpressoIDE_11.3.1_5262\workspace\lpc_chip_177x_8x\Debug\liblpc_chip_177x_8x.a(emc_17xx_40xx.o)
 .text.getColsLen
                0x0000f5b4       0x4c C:\Users\E1356301\Documents\MCUXpressoIDE_11.3.1_5262\workspace\lpc_chip_177x_8x\Debug\liblpc_chip_177x_8x.a(emc_17xx_40xx.o)
 .text.initDynMem
                0x0000f600      0x292 C:\Users\E1356301\Documents\MCUXpressoIDE_11.3.1_5262\workspace\lpc_chip_177x_8x\Debug\liblpc_chip_177x_8x.a(emc_17xx_40xx.o)
                0x0000f600                initDynMem
 .text.initStaticMem
                0x0000f892       0xb0 C:\Users\E1356301\Documents\MCUXpressoIDE_11.3.1_5262\workspace\lpc_chip_177x_8x\Debug\liblpc_chip_177x_8x.a(emc_17xx_40xx.o)
                0x0000f892                initStaticMem
 *fill*         0x0000f942        0x2 ff
 .text.Chip_EMC_Dynamic_Init
                0x0000f944       0x24 C:\Users\E1356301\Documents\MCUXpressoIDE_11.3.1_5262\workspace\lpc_chip_177x_8x\Debug\liblpc_chip_177x_8x.a(emc_17xx_40xx.o)
                0x0000f944                Chip_EMC_Dynamic_Init
 .text.Chip_EMC_Static_Init
                0x0000f968       0x24 C:\Users\E1356301\Documents\MCUXpressoIDE_11.3.1_5262\workspace\lpc_chip_177x_8x\Debug\liblpc_chip_177x_8x.a(emc_17xx_40xx.o)
                0x0000f968                Chip_EMC_Static_Init
 .text.Chip_EMC_Init
                0x0000f98c       0x4c C:\Users\E1356301\Documents\MCUXpressoIDE_11.3.1_5262\workspace\lpc_chip_177x_8x\Debug\liblpc_chip_177x_8x.a(emc_17xx_40xx.o)
                0x0000f98c                Chip_EMC_Init
 .text.Chip_Clock_GetENETClockRate
                0x0000f9d8        0xe C:\Users\E1356301\Documents\MCUXpressoIDE_11.3.1_5262\workspace\lpc_chip_177x_8x\Debug\liblpc_chip_177x_8x.a(enet_17xx_40xx.o)
 .text.Chip_ENET_Reset
                0x0000f9e6       0x22 C:\Users\E1356301\Documents\MCUXpressoIDE_11.3.1_5262\workspace\lpc_chip_177x_8x\Debug\liblpc_chip_177x_8x.a(enet_17xx_40xx.o)
 .text.resetENET
                0x0000fa08       0x30 C:\Users\E1356301\Documents\MCUXpressoIDE_11.3.1_5262\workspace\lpc_chip_177x_8x\Debug\liblpc_chip_177x_8x.a(enet_17xx_40xx.o)
 .text.Chip_ENET_Init
                0x0000fa38       0x8e C:\Users\E1356301\Documents\MCUXpressoIDE_11.3.1_5262\workspace\lpc_chip_177x_8x\Debug\liblpc_chip_177x_8x.a(enet_17xx_40xx.o)
                0x0000fa38                Chip_ENET_Init
 *fill*         0x0000fac6        0x2 ff
 .text.Chip_ENET_SetupMII
                0x0000fac8       0x44 C:\Users\E1356301\Documents\MCUXpressoIDE_11.3.1_5262\workspace\lpc_chip_177x_8x\Debug\liblpc_chip_177x_8x.a(enet_17xx_40xx.o)
                0x0000fac8                Chip_ENET_SetupMII
 .text.Chip_ENET_FindMIIDiv
                0x0000fb0c       0x50 C:\Users\E1356301\Documents\MCUXpressoIDE_11.3.1_5262\workspace\lpc_chip_177x_8x\Debug\liblpc_chip_177x_8x.a(enet_17xx_40xx.o)
                0x0000fb0c                Chip_ENET_FindMIIDiv
 .text.Chip_ENET_StartMIIWrite
                0x0000fb5c       0x3c C:\Users\E1356301\Documents\MCUXpressoIDE_11.3.1_5262\workspace\lpc_chip_177x_8x\Debug\liblpc_chip_177x_8x.a(enet_17xx_40xx.o)
                0x0000fb5c                Chip_ENET_StartMIIWrite
 .text.Chip_ENET_StartMIIRead
                0x0000fb98       0x30 C:\Users\E1356301\Documents\MCUXpressoIDE_11.3.1_5262\workspace\lpc_chip_177x_8x\Debug\liblpc_chip_177x_8x.a(enet_17xx_40xx.o)
                0x0000fb98                Chip_ENET_StartMIIRead
 .text.Chip_ENET_ReadMIIData
                0x0000fbc8       0x1e C:\Users\E1356301\Documents\MCUXpressoIDE_11.3.1_5262\workspace\lpc_chip_177x_8x\Debug\liblpc_chip_177x_8x.a(enet_17xx_40xx.o)
                0x0000fbc8                Chip_ENET_ReadMIIData
 .text.Chip_ENET_SetFullDuplex
                0x0000fbe6       0x34 C:\Users\E1356301\Documents\MCUXpressoIDE_11.3.1_5262\workspace\lpc_chip_177x_8x\Debug\liblpc_chip_177x_8x.a(enet_17xx_40xx.o)
                0x0000fbe6                Chip_ENET_SetFullDuplex
 .text.Chip_ENET_SetHalfDuplex
                0x0000fc1a       0x34 C:\Users\E1356301\Documents\MCUXpressoIDE_11.3.1_5262\workspace\lpc_chip_177x_8x\Debug\liblpc_chip_177x_8x.a(enet_17xx_40xx.o)
                0x0000fc1a                Chip_ENET_SetHalfDuplex
 .text.Chip_ENET_InitTxDescriptors
                0x0000fc4e       0x3a C:\Users\E1356301\Documents\MCUXpressoIDE_11.3.1_5262\workspace\lpc_chip_177x_8x\Debug\liblpc_chip_177x_8x.a(enet_17xx_40xx.o)
                0x0000fc4e                Chip_ENET_InitTxDescriptors
 .text.Chip_ENET_InitRxDescriptors
                0x0000fc88       0x3a C:\Users\E1356301\Documents\MCUXpressoIDE_11.3.1_5262\workspace\lpc_chip_177x_8x\Debug\liblpc_chip_177x_8x.a(enet_17xx_40xx.o)
                0x0000fc88                Chip_ENET_InitRxDescriptors
 .text.Chip_ENET_GetFillDescNum
                0x0000fcc2       0x4a C:\Users\E1356301\Documents\MCUXpressoIDE_11.3.1_5262\workspace\lpc_chip_177x_8x\Debug\liblpc_chip_177x_8x.a(enet_17xx_40xx.o)
                0x0000fcc2                Chip_ENET_GetFillDescNum
 .text.Chip_ENET_IncTXProduceIndex
                0x0000fd0c       0x3c C:\Users\E1356301\Documents\MCUXpressoIDE_11.3.1_5262\workspace\lpc_chip_177x_8x\Debug\liblpc_chip_177x_8x.a(enet_17xx_40xx.o)
                0x0000fd0c                Chip_ENET_IncTXProduceIndex
 .text.Chip_ENET_IncRXConsumeIndex
                0x0000fd48       0x3c C:\Users\E1356301\Documents\MCUXpressoIDE_11.3.1_5262\workspace\lpc_chip_177x_8x\Debug\liblpc_chip_177x_8x.a(enet_17xx_40xx.o)
                0x0000fd48                Chip_ENET_IncRXConsumeIndex
 .text.Chip_IOCON_PinMuxSet
                0x0000fd84       0x2c C:\Users\E1356301\Documents\MCUXpressoIDE_11.3.1_5262\workspace\lpc_chip_177x_8x\Debug\liblpc_chip_177x_8x.a(iocon_17xx_40xx.o)
 .text.Chip_IOCON_SetPinMuxing
                0x0000fdb0       0x64 C:\Users\E1356301\Documents\MCUXpressoIDE_11.3.1_5262\workspace\lpc_chip_177x_8x\Debug\liblpc_chip_177x_8x.a(iocon_17xx_40xx.o)
                0x0000fdb0                Chip_IOCON_SetPinMuxing
 .text.Chip_SYSCTL_PeriphReset
                0x0000fe14       0x64 C:\Users\E1356301\Documents\MCUXpressoIDE_11.3.1_5262\workspace\lpc_chip_177x_8x\Debug\liblpc_chip_177x_8x.a(sysctl_17xx_40xx.o)
                0x0000fe14                Chip_SYSCTL_PeriphReset
 .text.Chip_Clock_IsMainPLLEnabled
                0x0000fe78       0x24 C:\Users\E1356301\Documents\MCUXpressoIDE_11.3.1_5262\workspace\lpc_chip_177x_8x\Debug\liblpc_chip_177x_8x.a(sysinit_17xx_40xx.o)
 .text.Chip_Clock_IsMainPLLLocked
                0x0000fe9c       0x24 C:\Users\E1356301\Documents\MCUXpressoIDE_11.3.1_5262\workspace\lpc_chip_177x_8x\Debug\liblpc_chip_177x_8x.a(sysinit_17xx_40xx.o)
 .text.Chip_Clock_EnableCrystal
                0x0000fec0       0x20 C:\Users\E1356301\Documents\MCUXpressoIDE_11.3.1_5262\workspace\lpc_chip_177x_8x\Debug\liblpc_chip_177x_8x.a(sysinit_17xx_40xx.o)
 .text.Chip_Clock_IsCrystalEnabled
                0x0000fee0       0x24 C:\Users\E1356301\Documents\MCUXpressoIDE_11.3.1_5262\workspace\lpc_chip_177x_8x\Debug\liblpc_chip_177x_8x.a(sysinit_17xx_40xx.o)
 .text.Chip_Clock_SetMainPLLSource
                0x0000ff04       0x20 C:\Users\E1356301\Documents\MCUXpressoIDE_11.3.1_5262\workspace\lpc_chip_177x_8x\Debug\liblpc_chip_177x_8x.a(sysinit_17xx_40xx.o)
 .text.Chip_Clock_SetPCLKDiv
                0x0000ff24       0x20 C:\Users\E1356301\Documents\MCUXpressoIDE_11.3.1_5262\workspace\lpc_chip_177x_8x\Debug\liblpc_chip_177x_8x.a(sysinit_17xx_40xx.o)
 .text.Chip_SetupXtalClocking
                0x0000ff44       0x82 C:\Users\E1356301\Documents\MCUXpressoIDE_11.3.1_5262\workspace\lpc_chip_177x_8x\Debug\liblpc_chip_177x_8x.a(sysinit_17xx_40xx.o)
                0x0000ff44                Chip_SetupXtalClocking
 .text.Chip_UART_SetupFIFOS
                0x0000ffc6       0x1a C:\Users\E1356301\Documents\MCUXpressoIDE_11.3.1_5262\workspace\lpc_chip_177x_8x\Debug\liblpc_chip_177x_8x.a(uart_17xx_40xx.o)
 .text.Chip_UART_ConfigData
                0x0000ffe0       0x1a C:\Users\E1356301\Documents\MCUXpressoIDE_11.3.1_5262\workspace\lpc_chip_177x_8x\Debug\liblpc_chip_177x_8x.a(uart_17xx_40xx.o)
 .text.Chip_UART_EnableDivisorAccess
                0x0000fffa       0x1e C:\Users\E1356301\Documents\MCUXpressoIDE_11.3.1_5262\workspace\lpc_chip_177x_8x\Debug\liblpc_chip_177x_8x.a(uart_17xx_40xx.o)
 .text.Chip_UART_DisableDivisorAccess
                0x00010018       0x1e C:\Users\E1356301\Documents\MCUXpressoIDE_11.3.1_5262\workspace\lpc_chip_177x_8x\Debug\liblpc_chip_177x_8x.a(uart_17xx_40xx.o)
 .text.Chip_UART_SetDivisorLatches
                0x00010036       0x26 C:\Users\E1356301\Documents\MCUXpressoIDE_11.3.1_5262\workspace\lpc_chip_177x_8x\Debug\liblpc_chip_177x_8x.a(uart_17xx_40xx.o)
 .text.Chip_UART_GetClockIndex
                0x0001005c       0x60 C:\Users\E1356301\Documents\MCUXpressoIDE_11.3.1_5262\workspace\lpc_chip_177x_8x\Debug\liblpc_chip_177x_8x.a(uart_17xx_40xx.o)
 .text.Chip_UART_Init
                0x000100bc       0x78 C:\Users\E1356301\Documents\MCUXpressoIDE_11.3.1_5262\workspace\lpc_chip_177x_8x\Debug\liblpc_chip_177x_8x.a(uart_17xx_40xx.o)
                0x000100bc                Chip_UART_Init
 .text.Chip_UART_TXEnable
                0x00010134       0x2c C:\Users\E1356301\Documents\MCUXpressoIDE_11.3.1_5262\workspace\lpc_chip_177x_8x\Debug\liblpc_chip_177x_8x.a(uart_17xx_40xx.o)
                0x00010134                Chip_UART_TXEnable
 .text.Chip_UART_TXDisable
                0x00010160       0x2c C:\Users\E1356301\Documents\MCUXpressoIDE_11.3.1_5262\workspace\lpc_chip_177x_8x\Debug\liblpc_chip_177x_8x.a(uart_17xx_40xx.o)
                0x00010160                Chip_UART_TXDisable
 .text.Chip_UART_SetBaud
                0x0001018c       0x58 C:\Users\E1356301\Documents\MCUXpressoIDE_11.3.1_5262\workspace\lpc_chip_177x_8x\Debug\liblpc_chip_177x_8x.a(uart_17xx_40xx.o)
                0x0001018c                Chip_UART_SetBaud
 .text.__main   0x000101e4        0xe c:/nxp/mcuxpressoide_11.3.1_5262/ide/plugins/com.nxp.mcuxpresso.tools.win32_11.3.0.202008311133/tools/bin/../lib/gcc/arm-none-eabi/9.3.1/../../../../arm-none-eabi/lib/thumb/v7-m/nofp\libcr_nohost.a(_cr__main.o)
                0x000101e4                __main
 .text.memcpy   0x000101f2        0x4 c:/nxp/mcuxpressoide_11.3.1_5262/ide/plugins/com.nxp.mcuxpresso.tools.win32_11.3.0.202008311133/tools/bin/../lib/gcc/arm-none-eabi/9.3.1/../../../../arm-none-eabi/lib/thumb/v7-m/nofp\libcr_c.a(memcpy.o)
                0x000101f2                memcpy
 .text.memset   0x000101f6        0x4 c:/nxp/mcuxpressoide_11.3.1_5262/ide/plugins/com.nxp.mcuxpresso.tools.win32_11.3.0.202008311133/tools/bin/../lib/gcc/arm-none-eabi/9.3.1/../../../../arm-none-eabi/lib/thumb/v7-m/nofp\libcr_c.a(memset.o)
                0x000101f6                memset
 *fill*         0x000101fa        0x2 ff
 .text.malloc   0x000101fc       0xc8 c:/nxp/mcuxpressoide_11.3.1_5262/ide/plugins/com.nxp.mcuxpresso.tools.win32_11.3.0.202008311133/tools/bin/../lib/gcc/arm-none-eabi/9.3.1/../../../../arm-none-eabi/lib/thumb/v7-m/nofp\libcr_c.a(alloc.o)
                0x000101fc                malloc
 .text.free     0x000102c4       0x30 c:/nxp/mcuxpressoide_11.3.1_5262/ide/plugins/com.nxp.mcuxpresso.tools.win32_11.3.0.202008311133/tools/bin/../lib/gcc/arm-none-eabi/9.3.1/../../../../arm-none-eabi/lib/thumb/v7-m/nofp\libcr_c.a(alloc.o)
                0x000102c4                free
 .text._Csys_alloc
                0x000102f4       0x20 c:/nxp/mcuxpressoide_11.3.1_5262/ide/plugins/com.nxp.mcuxpresso.tools.win32_11.3.0.202008311133/tools/bin/../lib/gcc/arm-none-eabi/9.3.1/../../../../arm-none-eabi/lib/thumb/v7-m/nofp\libcr_c.a(alloc.o)
                0x000102f4                _Csys_alloc
 .text.fp_round
                0x00010314       0x4c c:/nxp/mcuxpressoide_11.3.1_5262/ide/plugins/com.nxp.mcuxpresso.tools.win32_11.3.0.202008311133/tools/bin/../lib/gcc/arm-none-eabi/9.3.1/../../../../arm-none-eabi/lib/thumb/v7-m/nofp\libcr_c.a(fpprintf.o)
 .text.pr_dec.constprop.0
                0x00010360       0x26 c:/nxp/mcuxpressoide_11.3.1_5262/ide/plugins/com.nxp.mcuxpresso.tools.win32_11.3.0.202008311133/tools/bin/../lib/gcc/arm-none-eabi/9.3.1/../../../../arm-none-eabi/lib/thumb/v7-m/nofp\libcr_c.a(fpprintf.o)
 *fill*         0x00010386        0x2 ff
 .text.sprintf  0x00010388       0x6c c:/nxp/mcuxpressoide_11.3.1_5262/ide/plugins/com.nxp.mcuxpresso.tools.win32_11.3.0.202008311133/tools/bin/../lib/gcc/arm-none-eabi/9.3.1/../../../../arm-none-eabi/lib/thumb/v7-m/nofp\libcr_c.a(fpprintf.o)
                0x00010388                sprintf
 *fill*         0x000103f4        0x4 ff
 .text.fp_display
                0x000103f8      0x950 c:/nxp/mcuxpressoide_11.3.1_5262/ide/plugins/com.nxp.mcuxpresso.tools.win32_11.3.0.202008311133/tools/bin/../lib/gcc/arm-none-eabi/9.3.1/../../../../arm-none-eabi/lib/thumb/v7-m/nofp\libcr_c.a(fpprintf.o)
 .text.vsnprintf
                0x00010d48       0x68 c:/nxp/mcuxpressoide_11.3.1_5262/ide/plugins/com.nxp.mcuxpresso.tools.win32_11.3.0.202008311133/tools/bin/../lib/gcc/arm-none-eabi/9.3.1/../../../../arm-none-eabi/lib/thumb/v7-m/nofp\libcr_c.a(fpprintf.o)
                0x00010d48                vsnprintf
 .text.printf   0x00010db0       0x54 c:/nxp/mcuxpressoide_11.3.1_5262/ide/plugins/com.nxp.mcuxpresso.tools.win32_11.3.0.202008311133/tools/bin/../lib/gcc/arm-none-eabi/9.3.1/../../../../arm-none-eabi/lib/thumb/v7-m/nofp\libcr_c.a(fpprintf.o)
                0x00010db0                printf
 .text._initio  0x00010e04       0x78 c:/nxp/mcuxpressoide_11.3.1_5262/ide/plugins/com.nxp.mcuxpresso.tools.win32_11.3.0.202008311133/tools/bin/../lib/gcc/arm-none-eabi/9.3.1/../../../../arm-none-eabi/lib/thumb/v7-m/nofp\libcr_c.a(initio.o)
                0x00010e04                _initio
 .text.memcmp   0x00010e7c       0x42 c:/nxp/mcuxpressoide_11.3.1_5262/ide/plugins/com.nxp.mcuxpresso.tools.win32_11.3.0.202008311133/tools/bin/../lib/gcc/arm-none-eabi/9.3.1/../../../../arm-none-eabi/lib/thumb/v7-m/nofp\libcr_c.a(memcmp.o)
                0x00010e7c                memcmp
 *fill*         0x00010ebe        0x2 ff
 .text.__vfprintf
                0x00010ec0      0xce0 c:/nxp/mcuxpressoide_11.3.1_5262/ide/plugins/com.nxp.mcuxpresso.tools.win32_11.3.0.202008311133/tools/bin/../lib/gcc/arm-none-eabi/9.3.1/../../../../arm-none-eabi/lib/thumb/v7-m/nofp\libcr_c.a(printf.o)
                0x00010ec0                __vfprintf
 .text.setvbuf  0x00011ba0       0x3e c:/nxp/mcuxpressoide_11.3.1_5262/ide/plugins/com.nxp.mcuxpresso.tools.win32_11.3.0.202008311133/tools/bin/../lib/gcc/arm-none-eabi/9.3.1/../../../../arm-none-eabi/lib/thumb/v7-m/nofp\libcr_c.a(setvbuf.o)
                0x00011ba0                setvbuf
 .text.strlen   0x00011bde       0x4c c:/nxp/mcuxpressoide_11.3.1_5262/ide/plugins/com.nxp.mcuxpresso.tools.win32_11.3.0.202008311133/tools/bin/../lib/gcc/arm-none-eabi/9.3.1/../../../../arm-none-eabi/lib/thumb/v7-m/nofp\libcr_c.a(strlen.o)
                0x00011bde                strlen
 *fill*         0x00011c2a        0x2 ff
 .text._sbrk    0x00011c2c       0x3c c:/nxp/mcuxpressoide_11.3.1_5262/ide/plugins/com.nxp.mcuxpresso.tools.win32_11.3.0.202008311133/tools/bin/../lib/gcc/arm-none-eabi/9.3.1/../../../../arm-none-eabi/lib/thumb/v7-m/nofp\libcr_c.a(_cr_sbrk.o)
                0x00011c2c                _sbrk
 .text._deferredlazyseek
                0x00011c68       0x40 c:/nxp/mcuxpressoide_11.3.1_5262/ide/plugins/com.nxp.mcuxpresso.tools.win32_11.3.0.202008311133/tools/bin/../lib/gcc/arm-none-eabi/9.3.1/../../../../arm-none-eabi/lib/thumb/v7-m/nofp\libcr_c.a(_deferredlazyseek.o)
                0x00011c68                _deferredlazyseek
 .text.__flsbuf
                0x00011ca8      0x140 c:/nxp/mcuxpressoide_11.3.1_5262/ide/plugins/com.nxp.mcuxpresso.tools.win32_11.3.0.202008311133/tools/bin/../lib/gcc/arm-none-eabi/9.3.1/../../../../arm-none-eabi/lib/thumb/v7-m/nofp\libcr_c.a(_deferredlazyseek.o)
                0x00011ca8                __flsbuf
 .text._fdopen  0x00011de8       0x68 c:/nxp/mcuxpressoide_11.3.1_5262/ide/plugins/com.nxp.mcuxpresso.tools.win32_11.3.0.202008311133/tools/bin/../lib/gcc/arm-none-eabi/9.3.1/../../../../arm-none-eabi/lib/thumb/v7-m/nofp\libcr_c.a(_fdopen.o)
                0x00011de8                _fdopen
 .text._fflush  0x00011e50       0x52 c:/nxp/mcuxpressoide_11.3.1_5262/ide/plugins/com.nxp.mcuxpresso.tools.win32_11.3.0.202008311133/tools/bin/../lib/gcc/arm-none-eabi/9.3.1/../../../../arm-none-eabi/lib/thumb/v7-m/nofp\libcr_c.a(_fflush.o)
                0x00011e50                _fflush
 .text._frexpl  0x00011ea2       0x56 c:/nxp/mcuxpressoide_11.3.1_5262/ide/plugins/com.nxp.mcuxpresso.tools.win32_11.3.0.202008311133/tools/bin/../lib/gcc/arm-none-eabi/9.3.1/../../../../arm-none-eabi/lib/thumb/v7-m/nofp\libcr_c.a(_frexpl.o)
                0x00011ea2                _frexpl
 .text._ldexpl  0x00011ef8       0x48 c:/nxp/mcuxpressoide_11.3.1_5262/ide/plugins/com.nxp.mcuxpresso.tools.win32_11.3.0.202008311133/tools/bin/../lib/gcc/arm-none-eabi/9.3.1/../../../../arm-none-eabi/lib/thumb/v7-m/nofp\libcr_c.a(_ldexpl.o)
                0x00011ef8                _ldexpl
 .text._Cwritebuf
                0x00011f40       0x6c c:/nxp/mcuxpressoide_11.3.1_5262/ide/plugins/com.nxp.mcuxpresso.tools.win32_11.3.0.202008311133/tools/bin/../lib/gcc/arm-none-eabi/9.3.1/../../../../arm-none-eabi/lib/thumb/v7-m/nofp\libcr_c.a(_writebuf.o)
                0x00011f40                _Cwritebuf
 .text.fclose   0x00011fac       0x58 c:/nxp/mcuxpressoide_11.3.1_5262/ide/plugins/com.nxp.mcuxpresso.tools.win32_11.3.0.202008311133/tools/bin/../lib/gcc/arm-none-eabi/9.3.1/../../../../arm-none-eabi/lib/thumb/v7-m/nofp\libcr_c.a(fclose.o)
                0x00011fac                fclose
 .text.fflush   0x00012004       0x44 c:/nxp/mcuxpressoide_11.3.1_5262/ide/plugins/com.nxp.mcuxpresso.tools.win32_11.3.0.202008311133/tools/bin/../lib/gcc/arm-none-eabi/9.3.1/../../../../arm-none-eabi/lib/thumb/v7-m/nofp\libcr_c.a(fflush.o)
                0x00012004                fflush
 .text.fseek    0x00012048      0x100 c:/nxp/mcuxpressoide_11.3.1_5262/ide/plugins/com.nxp.mcuxpresso.tools.win32_11.3.0.202008311133/tools/bin/../lib/gcc/arm-none-eabi/9.3.1/../../../../arm-none-eabi/lib/thumb/v7-m/nofp\libcr_c.a(fseek.o)
                0x00012048                fseek
 .text.ftell    0x00012148       0x44 c:/nxp/mcuxpressoide_11.3.1_5262/ide/plugins/com.nxp.mcuxpresso.tools.win32_11.3.0.202008311133/tools/bin/../lib/gcc/arm-none-eabi/9.3.1/../../../../arm-none-eabi/lib/thumb/v7-m/nofp\libcr_c.a(ftell.o)
                0x00012148                ftell
 .text.remove   0x0001218c       0x14 c:/nxp/mcuxpressoide_11.3.1_5262/ide/plugins/com.nxp.mcuxpresso.tools.win32_11.3.0.202008311133/tools/bin/../lib/gcc/arm-none-eabi/9.3.1/../../../../arm-none-eabi/lib/thumb/v7-m/nofp\libcr_c.a(remove.o)
                0x0001218c                remove
 .text._do_fflush
                0x000121a0       0x40 c:/nxp/mcuxpressoide_11.3.1_5262/ide/plugins/com.nxp.mcuxpresso.tools.win32_11.3.0.202008311133/tools/bin/../lib/gcc/arm-none-eabi/9.3.1/../../../../arm-none-eabi/lib/thumb/v7-m/nofp\libcr_c.a(_do_fflush.o)
                0x000121a0                _do_fflush
 .text.__aeabi_dmul
                0x000121e0      0x114 c:/nxp/mcuxpressoide_11.3.1_5262/ide/plugins/com.nxp.mcuxpresso.tools.win32_11.3.0.202008311133/tools/bin/../lib/gcc/arm-none-eabi/9.3.1/thumb/v7-m/nofp\libcr_eabihelpers.a(double.o)
                0x000121e0                __aeabi_dmul
 .text.__aeabi_ddiv
                0x000122f4      0x144 c:/nxp/mcuxpressoide_11.3.1_5262/ide/plugins/com.nxp.mcuxpresso.tools.win32_11.3.0.202008311133/tools/bin/../lib/gcc/arm-none-eabi/9.3.1/thumb/v7-m/nofp\libcr_eabihelpers.a(double.o)
                0x000122f4                __aeabi_ddiv
 .text.__aeabi_dsub
                0x00012438      0x1a8 c:/nxp/mcuxpressoide_11.3.1_5262/ide/plugins/com.nxp.mcuxpresso.tools.win32_11.3.0.202008311133/tools/bin/../lib/gcc/arm-none-eabi/9.3.1/thumb/v7-m/nofp\libcr_eabihelpers.a(double.o)
                0x00012438                __aeabi_dsub
 .text.__aeabi_dadd
                0x000125e0      0x110 c:/nxp/mcuxpressoide_11.3.1_5262/ide/plugins/com.nxp.mcuxpresso.tools.win32_11.3.0.202008311133/tools/bin/../lib/gcc/arm-none-eabi/9.3.1/thumb/v7-m/nofp\libcr_eabihelpers.a(double.o)
                0x000125e0                __aeabi_dadd
 .text.__aeabi_d2iz
                0x000126f0       0x42 c:/nxp/mcuxpressoide_11.3.1_5262/ide/plugins/com.nxp.mcuxpresso.tools.win32_11.3.0.202008311133/tools/bin/../lib/gcc/arm-none-eabi/9.3.1/thumb/v7-m/nofp\libcr_eabihelpers.a(double.o)
                0x000126f0                __aeabi_d2iz
 .text.__bhs_ui2d
                0x00012732       0x46 c:/nxp/mcuxpressoide_11.3.1_5262/ide/plugins/com.nxp.mcuxpresso.tools.win32_11.3.0.202008311133/tools/bin/../lib/gcc/arm-none-eabi/9.3.1/thumb/v7-m/nofp\libcr_eabihelpers.a(double.o)
                0x00012732                __bhs_ui2d
 .text.__aeabi_i2d
                0x00012778       0x12 c:/nxp/mcuxpressoide_11.3.1_5262/ide/plugins/com.nxp.mcuxpresso.tools.win32_11.3.0.202008311133/tools/bin/../lib/gcc/arm-none-eabi/9.3.1/thumb/v7-m/nofp\libcr_eabihelpers.a(double.o)
                0x00012778                __aeabi_i2d
 .text.__aeabi_dcmpeq
                0x0001278a       0x3c c:/nxp/mcuxpressoide_11.3.1_5262/ide/plugins/com.nxp.mcuxpresso.tools.win32_11.3.0.202008311133/tools/bin/../lib/gcc/arm-none-eabi/9.3.1/thumb/v7-m/nofp\libcr_eabihelpers.a(double.o)
                0x0001278a                __aeabi_dcmpeq
 .text.__aeabi_dcmplt
                0x000127c6       0x58 c:/nxp/mcuxpressoide_11.3.1_5262/ide/plugins/com.nxp.mcuxpresso.tools.win32_11.3.0.202008311133/tools/bin/../lib/gcc/arm-none-eabi/9.3.1/thumb/v7-m/nofp\libcr_eabihelpers.a(double.o)
                0x000127c6                __aeabi_dcmplt
 .text.__aeabi_dcmple
                0x0001281e       0x62 c:/nxp/mcuxpressoide_11.3.1_5262/ide/plugins/com.nxp.mcuxpresso.tools.win32_11.3.0.202008311133/tools/bin/../lib/gcc/arm-none-eabi/9.3.1/thumb/v7-m/nofp\libcr_eabihelpers.a(double.o)
                0x0001281e                __aeabi_dcmple
 .text.__aeabi_dcmpge
                0x00012880       0x68 c:/nxp/mcuxpressoide_11.3.1_5262/ide/plugins/com.nxp.mcuxpresso.tools.win32_11.3.0.202008311133/tools/bin/../lib/gcc/arm-none-eabi/9.3.1/thumb/v7-m/nofp\libcr_eabihelpers.a(double.o)
                0x00012880                __aeabi_dcmpge
 .text.__aeabi_memcpy
                0x000128e8       0x34 c:/nxp/mcuxpressoide_11.3.1_5262/ide/plugins/com.nxp.mcuxpresso.tools.win32_11.3.0.202008311133/tools/bin/../lib/gcc/arm-none-eabi/9.3.1/thumb/v7-m/nofp\libcr_eabihelpers.a(memcpy.o)
                0x000128e8                __aeabi_memcpy
                0x000128f2                __aeabi_memcpy8
                0x000128f2                __aeabi_memcpy4
 .text.__aeabi_memset_lowlevel
                0x0001291c       0x32 c:/nxp/mcuxpressoide_11.3.1_5262/ide/plugins/com.nxp.mcuxpresso.tools.win32_11.3.0.202008311133/tools/bin/../lib/gcc/arm-none-eabi/9.3.1/thumb/v7-m/nofp\libcr_eabihelpers.a(memcpy.o)
                0x0001291c                __aeabi_lowlevel_memset
 .text.__sys_appexit
                0x0001294e        0x2 c:/nxp/mcuxpressoide_11.3.1_5262/ide/plugins/com.nxp.mcuxpresso.tools.win32_11.3.0.202008311133/tools/bin/../lib/gcc/arm-none-eabi/9.3.1/../../../../arm-none-eabi/lib/thumb/v7-m/nofp\libcr_nohost.a(__sys_appexit.o)
                0x0001294e                __sys_appexit
                0x0001294e                __exit
 .text.__sys_close
                0x00012950        0x6 c:/nxp/mcuxpressoide_11.3.1_5262/ide/plugins/com.nxp.mcuxpresso.tools.win32_11.3.0.202008311133/tools/bin/../lib/gcc/arm-none-eabi/9.3.1/../../../../arm-none-eabi/lib/thumb/v7-m/nofp\libcr_nohost.a(__sys_close.o)
                0x00012950                __sys_close
 .text.__sys_flen
                0x00012956        0x6 c:/nxp/mcuxpressoide_11.3.1_5262/ide/plugins/com.nxp.mcuxpresso.tools.win32_11.3.0.202008311133/tools/bin/../lib/gcc/arm-none-eabi/9.3.1/../../../../arm-none-eabi/lib/thumb/v7-m/nofp\libcr_nohost.a(__sys_flen.o)
                0x00012956                __sys_flen
 .text.__sys_istty
                0x0001295c        0x6 c:/nxp/mcuxpressoide_11.3.1_5262/ide/plugins/com.nxp.mcuxpresso.tools.win32_11.3.0.202008311133/tools/bin/../lib/gcc/arm-none-eabi/9.3.1/../../../../arm-none-eabi/lib/thumb/v7-m/nofp\libcr_nohost.a(__sys_istty.o)
                0x0001295c                __sys_istty
 .text.__sys_remove
                0x00012962        0x6 c:/nxp/mcuxpressoide_11.3.1_5262/ide/plugins/com.nxp.mcuxpresso.tools.win32_11.3.0.202008311133/tools/bin/../lib/gcc/arm-none-eabi/9.3.1/../../../../arm-none-eabi/lib/thumb/v7-m/nofp\libcr_nohost.a(__sys_remove.o)
                0x00012962                __sys_remove
 .text.__sys_seek
                0x00012968        0x6 c:/nxp/mcuxpressoide_11.3.1_5262/ide/plugins/com.nxp.mcuxpresso.tools.win32_11.3.0.202008311133/tools/bin/../lib/gcc/arm-none-eabi/9.3.1/../../../../arm-none-eabi/lib/thumb/v7-m/nofp\libcr_nohost.a(__sys_seek.o)
                0x00012968                __sys_seek
 .text.__sys_tmpnam
                0x0001296e        0x6 c:/nxp/mcuxpressoide_11.3.1_5262/ide/plugins/com.nxp.mcuxpresso.tools.win32_11.3.0.202008311133/tools/bin/../lib/gcc/arm-none-eabi/9.3.1/../../../../arm-none-eabi/lib/thumb/v7-m/nofp\libcr_nohost.a(__sys_tmpnam.o)
                0x0001296e                __sys_tmpnam
 */tasks.o(.rodata*)
 .rodata.vTaskStartScheduler.str1.4
                0x00012974        0x5 ./freertos/src/tasks.o
 *(.rodata .rodata.* .constdata .constdata.*)
 *fill*         0x00012979        0x3 ff
 .rodata.ethbroadcast
                0x0001297c        0x6 ./lwip/src/netif/etharp.o
                0x0001297c                ethbroadcast
 *fill*         0x00012982        0x2 ff
 .rodata.ethzero
                0x00012984        0x6 ./lwip/src/netif/etharp.o
                0x00012984                ethzero
 *fill*         0x0001298a        0x2 ff
 .rodata.memp_sizes
                0x0001298c       0x1a ./lwip/src/core/memp.o
                0x0001298c                memp_sizes
 *fill*         0x000129a6        0x2 ff
 .rodata.tcp_backoff
                0x000129a8        0xd ./lwip/src/core/tcp.o
                0x000129a8                tcp_backoff
 *fill*         0x000129b5        0x3 ff
 .rodata.tcp_persist_backoff
                0x000129b8        0x7 ./lwip/src/core/tcp.o
                0x000129b8                tcp_persist_backoff
 *fill*         0x000129bf        0x1 ff
 .rodata.tcp_pcb_lists
                0x000129c0       0x10 ./lwip/src/core/tcp.o
                0x000129c0                tcp_pcb_lists
 .rodata.lpc_enetif_init.str1.4
                0x000129d0       0x27 ./lwip/src/arch/lpc17xx_40xx_emac.o
 *fill*         0x000129f7        0x1 ff
 .rodata.err_to_errno_table
                0x000129f8       0x40 ./lwip/src/api/sockets.o
 .rodata.lwip_read_exact.str1.4
                0x00012a38       0x7e ./lwip/src/api/sockets.o
 *fill*         0x00012ab6        0x2 ff
 .rodata.Read.str1.4
                0x00012ab8       0x2b ./lwip/src/api/sockets.o
 *fill*         0x00012ae3        0x1 ff
 .rodata.tcpip_init.str1.4
                0x00012ae4        0xd ./lwip/src/api/tcpip.o
 *fill*         0x00012af1        0x3 ff
 .rodata.vApplicationMallocFailedHook.str1.4
                0x00012af4       0x26 ./freertos/src/FreeRTOSCommonHooks.o
 *fill*         0x00012b1a        0x2 ff
 .rodata.vApplicationStackOverflowHook.str1.4
                0x00012b1c       0x30 ./freertos/src/FreeRTOSCommonHooks.o
 .rodata.crc32_table
                0x00012b4c      0x400 ./example/src/QuickCRC32Algorithm.o
                0x00012b4c                crc32_table
 .rodata.vSetupIFTask.str1.4
                0x00012f4c       0xc6 ./example/src/lwip_tcpecho_freertos.o
 *fill*         0x00013012        0x2 ff
 .rodata.main.str1.4
                0x00013014        0x9 ./example/src/lwip_tcpecho_freertos.o
 *fill*         0x0001301d        0x3 ff
 .rodata.tcpecho_thread.str1.4
                0x00013020      0x267 ./example/src/tcpecho.o
 *fill*         0x00013287        0x1 ff
 .rodata.process_Txpdo.str1.4
                0x00013288       0x25 ./example/src/tcpecho.o
 *fill*         0x000132ad        0x3 ff
 .rodata.tcpecho_init.str1.4
                0x000132b0        0xf ./example/src/tcpecho.o
 *fill*         0x000132bf        0x1 ff
 .rodata.OscRateIn
                0x000132c0        0x4 C:\Users\E1356301\Documents\MCUXpressoIDE_11.3.1_5262\workspace\lpc_board_ea_devkit_1788\Debug\liblpc_board_ea_devkit_1788.a(board.o)
                0x000132c0                OscRateIn
 .rodata.ledports
                0x000132c4        0x2 C:\Users\E1356301\Documents\MCUXpressoIDE_11.3.1_5262\workspace\lpc_board_ea_devkit_1788\Debug\liblpc_board_ea_devkit_1788.a(board.o)
 *fill*         0x000132c6        0x2 ff
 .rodata.ledpins
                0x000132c8        0x2 C:\Users\E1356301\Documents\MCUXpressoIDE_11.3.1_5262\workspace\lpc_board_ea_devkit_1788\Debug\liblpc_board_ea_devkit_1788.a(board.o)
 *fill*         0x000132ca        0x2 ff
 .rodata        0x000132cc        0x6 C:\Users\E1356301\Documents\MCUXpressoIDE_11.3.1_5262\workspace\lpc_board_ea_devkit_1788\Debug\liblpc_board_ea_devkit_1788.a(board.o)
 *fill*         0x000132d2        0x2 ff
 .rodata.pinmuxing
                0x000132d4       0x9c C:\Users\E1356301\Documents\MCUXpressoIDE_11.3.1_5262\workspace\lpc_board_ea_devkit_1788\Debug\liblpc_board_ea_devkit_1788.a(board_sysinit.o)
 .rodata.IS42S32800D_config
                0x00013370       0x74 C:\Users\E1356301\Documents\MCUXpressoIDE_11.3.1_5262\workspace\lpc_board_ea_devkit_1788\Debug\liblpc_board_ea_devkit_1788.a(board_sysinit.o)
 .rodata.SST39VF320_config