Archive member included to satisfy reference by file (symbol)

c:/nxp/mcuxpressoide_11.3.0_5222/ide/plugins/com.nxp.mcuxpresso.tools.win32_11.3.0.202008311133/tools/bin/../lib/gcc/arm-none-eabi/9.3.1/../../../../arm-none-eabi/lib/thumb/v7-m/nofp\libcr_nohost.a(_cr__main.o)
                              ./App/src/cr_startup_lpc177x_8x.o (__main)
c:/nxp/mcuxpressoide_11.3.0_5222/ide/plugins/com.nxp.mcuxpresso.tools.win32_11.3.0.202008311133/tools/bin/../lib/gcc/arm-none-eabi/9.3.1/../../../../arm-none-eabi/lib/thumb/v7-m/nofp\libcr_c.a(memcpy.o)
                              ./lwip/src/netif/etharp.o (memcpy)
c:/nxp/mcuxpressoide_11.3.0_5222/ide/plugins/com.nxp.mcuxpresso.tools.win32_11.3.0.202008311133/tools/bin/../lib/gcc/arm-none-eabi/9.3.1/../../../../arm-none-eabi/lib/thumb/v7-m/nofp\libcr_c.a(memset.o)
                              ./lwip/src/core/ipv4/ip_frag.o (memset)
c:/nxp/mcuxpressoide_11.3.0_5222/ide/plugins/com.nxp.mcuxpresso.tools.win32_11.3.0.202008311133/tools/bin/../lib/gcc/arm-none-eabi/9.3.1/../../../../arm-none-eabi/lib/thumb/v7-m/nofp\libcr_c.a(alloc.o)
                              ./lwip/src/core/ipv4/ip_frag.o (malloc)
c:/nxp/mcuxpressoide_11.3.0_5222/ide/plugins/com.nxp.mcuxpresso.tools.win32_11.3.0.202008311133/tools/bin/../lib/gcc/arm-none-eabi/9.3.1/../../../../arm-none-eabi/lib/thumb/v7-m/nofp\libcr_c.a(errno.o)
                              ./lwip/src/api/sockets.o (errno)
c:/nxp/mcuxpressoide_11.3.0_5222/ide/plugins/com.nxp.mcuxpresso.tools.win32_11.3.0.202008311133/tools/bin/../lib/gcc/arm-none-eabi/9.3.1/../../../../arm-none-eabi/lib/thumb/v7-m/nofp\libcr_c.a(fpprintf.o)
                              ./lwip/src/api/sockets.o (sprintf)
c:/nxp/mcuxpressoide_11.3.0_5222/ide/plugins/com.nxp.mcuxpresso.tools.win32_11.3.0.202008311133/tools/bin/../lib/gcc/arm-none-eabi/9.3.1/../../../../arm-none-eabi/lib/thumb/v7-m/nofp\libcr_c.a(initio.o)
                              c:/nxp/mcuxpressoide_11.3.0_5222/ide/plugins/com.nxp.mcuxpresso.tools.win32_11.3.0.202008311133/tools/bin/../lib/gcc/arm-none-eabi/9.3.1/../../../../arm-none-eabi/lib/thumb/v7-m/nofp\libcr_nohost.a(_cr__main.o) (_initio)
c:/nxp/mcuxpressoide_11.3.0_5222/ide/plugins/com.nxp.mcuxpresso.tools.win32_11.3.0.202008311133/tools/bin/../lib/gcc/arm-none-eabi/9.3.1/../../../../arm-none-eabi/lib/thumb/v7-m/nofp\libcr_c.a(memcmp.o)
                              ./lwip/src/netif/etharp.o (memcmp)
c:/nxp/mcuxpressoide_11.3.0_5222/ide/plugins/com.nxp.mcuxpresso.tools.win32_11.3.0.202008311133/tools/bin/../lib/gcc/arm-none-eabi/9.3.1/../../../../arm-none-eabi/lib/thumb/v7-m/nofp\libcr_c.a(printf.o)
                              c:/nxp/mcuxpressoide_11.3.0_5222/ide/plugins/com.nxp.mcuxpresso.tools.win32_11.3.0.202008311133/tools/bin/../lib/gcc/arm-none-eabi/9.3.1/../../../../arm-none-eabi/lib/thumb/v7-m/nofp\libcr_c.a(fpprintf.o) (__vfprintf)
c:/nxp/mcuxpressoide_11.3.0_5222/ide/plugins/com.nxp.mcuxpresso.tools.win32_11.3.0.202008311133/tools/bin/../lib/gcc/arm-none-eabi/9.3.1/../../../../arm-none-eabi/lib/thumb/v7-m/nofp\libcr_c.a(setvbuf.o)
                              c:/nxp/mcuxpressoide_11.3.0_5222/ide/plugins/com.nxp.mcuxpresso.tools.win32_11.3.0.202008311133/tools/bin/../lib/gcc/arm-none-eabi/9.3.1/../../../../arm-none-eabi/lib/thumb/v7-m/nofp\libcr_c.a(initio.o) (setvbuf)
c:/nxp/mcuxpressoide_11.3.0_5222/ide/plugins/com.nxp.mcuxpresso.tools.win32_11.3.0.202008311133/tools/bin/../lib/gcc/arm-none-eabi/9.3.1/../../../../arm-none-eabi/lib/thumb/v7-m/nofp\libcr_c.a(strlen.o)
                              ./lwip/src/core/pbuf.o (strlen)
c:/nxp/mcuxpressoide_11.3.0_5222/ide/plugins/com.nxp.mcuxpresso.tools.win32_11.3.0.202008311133/tools/bin/../lib/gcc/arm-none-eabi/9.3.1/../../../../arm-none-eabi/lib/thumb/v7-m/nofp\libcr_c.a(strncmp.o)
                              ./App/src/eeprom.o (strncmp)
c:/nxp/mcuxpressoide_11.3.0_5222/ide/plugins/com.nxp.mcuxpresso.tools.win32_11.3.0.202008311133/tools/bin/../lib/gcc/arm-none-eabi/9.3.1/../../../../arm-none-eabi/lib/thumb/v7-m/nofp\libcr_c.a(strncpy.o)
                              ./App/src/eeprom.o (strncpy)
c:/nxp/mcuxpressoide_11.3.0_5222/ide/plugins/com.nxp.mcuxpresso.tools.win32_11.3.0.202008311133/tools/bin/../lib/gcc/arm-none-eabi/9.3.1/../../../../arm-none-eabi/lib/thumb/v7-m/nofp\libcr_c.a(__init_alloc.o)
                              c:/nxp/mcuxpressoide_11.3.0_5222/ide/plugins/com.nxp.mcuxpresso.tools.win32_11.3.0.202008311133/tools/bin/../lib/gcc/arm-none-eabi/9.3.1/../../../../arm-none-eabi/lib/thumb/v7-m/nofp\libcr_c.a(alloc.o) (__heaps)
c:/nxp/mcuxpressoide_11.3.0_5222/ide/plugins/com.nxp.mcuxpresso.tools.win32_11.3.0.202008311133/tools/bin/../lib/gcc/arm-none-eabi/9.3.1/../../../../arm-none-eabi/lib/thumb/v7-m/nofp\libcr_c.a(_cr_sbrk.o)
[...]
Memory Configuration

Name             Origin             Length             Attributes
MFlash512        0x00000000         0x00080000         xr
RamPeriph32      0x20000000         0x00008000         xrw
RamLoc64         0x10000000         0x00010000         xrw
*default*        0x00000000         0xffffffff

Linker script and memory map

LOAD ./lwip/src/netif/etharp.o
LOAD ./lwip/src/netif/ethernetif.o
LOAD ./lwip/src/core/ipv4/autoip.o
LOAD ./lwip/src/core/ipv4/icmp.o
LOAD ./lwip/src/core/ipv4/igmp.o
LOAD ./lwip/src/core/ipv4/inet.o
LOAD ./lwip/src/core/ipv4/inet_chksum.o
LOAD ./lwip/src/core/ipv4/ip.o
LOAD ./lwip/src/core/ipv4/ip_addr.o
LOAD ./lwip/src/core/ipv4/ip_frag.o
LOAD ./lwip/src/core/def.o
LOAD ./lwip/src/core/dhcp.o
LOAD ./lwip/src/core/dns.o
LOAD ./lwip/src/core/init.o
LOAD ./lwip/src/core/mem.o
LOAD ./lwip/src/core/memp.o
LOAD ./lwip/src/core/netif.o
LOAD ./lwip/src/core/pbuf.o
LOAD ./lwip/src/core/raw.o
LOAD ./lwip/src/core/stats.o
LOAD ./lwip/src/core/sys.o
LOAD ./lwip/src/core/tcp.o
LOAD ./lwip/src/core/tcp_in.o
LOAD ./lwip/src/core/tcp_out.o
LOAD ./lwip/src/core/timers.o
LOAD ./lwip/src/core/udp.o
LOAD ./lwip/src/arch/lpc17xx_40xx_emac.o
LOAD ./lwip/src/arch/lpc_debug.o
LOAD ./lwip/src/arch/sys_arch_freertos.o
LOAD ./lwip/src/api/api_lib.o
LOAD ./lwip/src/api/api_msg.o
LOAD ./lwip/src/api/err.o
LOAD ./lwip/src/api/netbuf.o
LOAD ./lwip/src/api/netdb.o
LOAD ./lwip/src/api/netifapi.o
LOAD ./lwip/src/api/sockets.o
LOAD ./lwip/src/api/tcpip.o
LOAD ./freertos/src/FreeRTOSCommonHooks.o
LOAD ./freertos/src/heap_3.o
LOAD ./freertos/src/list.o
LOAD ./freertos/src/port.o
LOAD ./freertos/src/queue.o
LOAD ./freertos/src/tasks.o
LOAD ./chip/src/adc_17xx_40xx.o
LOAD ./chip/src/chip_17xx_40xx.o
LOAD ./chip/src/clock_17xx_40xx.o
LOAD ./chip/src/cmp_17xx_40xx.o
LOAD ./chip/src/crc_17xx_40xx.o
LOAD ./chip/src/eeprom_17xx_40xx.o
LOAD ./chip/src/emc_17xx_40xx.o
LOAD ./chip/src/enet_17xx_40xx.o
LOAD ./chip/src/gpio_17xx_40xx.o
LOAD ./chip/src/gpioint_17xx_40xx.o
LOAD ./chip/src/iap.o
LOAD ./chip/src/iocon_17xx_40xx.o
LOAD ./chip/src/pmu_17xx_40xx.o
LOAD ./chip/src/ritimer_17xx_40xx.o
LOAD ./chip/src/rtc_17xx_40xx.o
LOAD ./chip/src/stopwatch_17xx_40xx.o
LOAD ./chip/src/sysctl_17xx_40xx.o
LOAD ./chip/src/sysinit_17xx_40xx.o
LOAD ./chip/src/timer_17xx_40xx.o
LOAD ./chip/src/uart_17xx_40xx.o
LOAD ./chip/src/wwdt_17xx_40xx.o
LOAD ./board_Eval/src/board.o
LOAD ./board_Eval/src/board_sysinit.o
LOAD ./board_Eval/src/lpc_phy_smsc87x0.o
LOAD ./board_Eval/src/mem_tests.o
LOAD ./App/src/ControlTask.o
LOAD ./App/src/Main.o
LOAD ./App/src/QuickCRC32Algorithm.o
LOAD ./App/src/SocketReceiver.o
LOAD ./App/src/TcpClient.o
LOAD ./App/src/adc.o
LOAD ./App/src/alarm.o
LOAD ./App/src/cr_redlib_heap_fix.o
LOAD ./App/src/cr_startup_lpc177x_8x.o
LOAD ./App/src/downstroke.o
LOAD ./App/src/eeprom.o
LOAD ./App/src/estop.o
LOAD ./App/src/global.o
LOAD ./App/src/inputs.o
LOAD ./App/src/ioinit.o
LOAD ./App/src/powerup.o
LOAD ./App/src/qei.o
LOAD ./App/src/ready.o
LOAD ./App/src/returnstroke.o
LOAD ./App/src/setoutputs.o
LOAD ./App/src/statemachine.o
LOAD ./App/src/sysinit.o
LOAD ./App/src/timer.o
LOAD ./App/src/weldhold.o
START GROUP
LOAD c:/nxp/mcuxpressoide_11.3.0_5222/ide/plugins/com.nxp.mcuxpresso.tools.win32_11.3.0.202008311133/tools/bin/../lib/gcc/arm-none-eabi/9.3.1/../../../../arm-none-eabi/lib/thumb/v7-m/nofp\libcr_nohost.a
LOAD c:/nxp/mcuxpressoide_11.3.0_5222/ide/plugins/com.nxp.mcuxpresso.tools.win32_11.3.0.202008311133/tools/bin/../lib/gcc/arm-none-eabi/9.3.1/../../../../arm-none-eabi/lib/thumb/v7-m/nofp\libcr_c.a
LOAD c:/nxp/mcuxpressoide_11.3.0_5222/ide/plugins/com.nxp.mcuxpresso.tools.win32_11.3.0.202008311133/tools/bin/../lib/gcc/arm-none-eabi/9.3.1/thumb/v7-m/nofp\libcr_eabihelpers.a
LOAD c:/nxp/mcuxpressoide_11.3.0_5222/ide/plugins/com.nxp.mcuxpresso.tools.win32_11.3.0.202008311133/tools/bin/../lib/gcc/arm-none-eabi/9.3.1/thumb/v7-m/nofp\libgcc.a
END GROUP
                0x00000000                __base_MFlash512 = 0x0
                0x00000000                __base_Flash = 0x0
                0x00080000                __top_MFlash512 = 0x80000
                0x00080000                __top_Flash = 0x80000
                0x20000000                __base_RamPeriph32 = 0x20000000
                0x20000000                __base_RAM = 0x20000000
                0x20008000                __top_RamPeriph32 = 0x20008000
                0x20008000                __top_RAM = 0x20008000
                0x10000000                __base_RamLoc64 = 0x10000000
                0x10000000                __base_RAM2 = 0x10000000
                0x10010000                __top_RamLoc64 = 0x10010000
                0x10010000                __top_RAM2 = 0x10010000

.text           0x00000000    0x14a58
 FILL mask 0xff
                0x00000000                __vectors_start__ = ABSOLUTE (.)
 *(.isr_vector)
 .isr_vector    0x00000000       0xe4 ./App/src/cr_startup_lpc177x_8x.o
                0x00000000                g_pfnVectors
                0x000000e4                . = ALIGN (0x4)
                0x000000e4                __section_table_start = .
                0x000000e4                __data_section_table = .
                0x000000e4        0x4 LONG 0x14a58 LOADADDR (.data)
                0x000000e8        0x4 LONG 0x20000000 ADDR (.data)
                0x000000ec        0x4 LONG 0x70 SIZEOF (.data)
                0x000000f0        0x4 LONG 0x14a58 LOADADDR (.data_RAM2)
                0x000000f4        0x4 LONG 0x10000000 ADDR (.data_RAM2)
                0x000000f8        0x4 LONG 0x0 SIZEOF (.data_RAM2)
                0x000000fc                __data_section_table_end = .
                0x000000fc                __bss_section_table = .
                0x000000fc        0x4 LONG 0x20000070 ADDR (.bss)
                0x00000100        0x4 LONG 0x86c SIZEOF (.bss)
                0x00000104        0x4 LONG 0x10000000 ADDR (.bss_RAM2)
                0x00000108        0x4 LONG 0x0 SIZEOF (.bss_RAM2)
                0x0000010c                __bss_section_table_end = .
                0x0000010c                __section_table_end = .
 *(.after_vectors*)
 .after_vectors
                0x0000010c      0x130 ./App/src/cr_startup_lpc177x_8x.o
                0x0000010c                data_init
                0x00000150                bss_init
                0x00000188                ResetISR
                0x00000200                NMI_Handler
                0x00000206                HardFault_Handler
                0x0000020c                MemManage_Handler
                0x00000212                BusFault_Handler
                0x00000218                UsageFault_Handler
                0x00000224                DebugMon_Handler
                0x00000236                USBActivity_IRQHandler
                0x00000236                I2C1_IRQHandler
                0x00000236                EINT2_IRQHandler
                0x00000236                UART1_IRQHandler
                0x00000236                EINT3_IRQHandler
                0x00000236                CANActivity_IRQHandler
                0x00000236                TIMER3_IRQHandler
                0x00000236                UART0_IRQHandler
                0x00000236                I2C0_IRQHandler
                0x00000236                SDIO_IRQHandler
                0x00000236                IntDefaultHandler
                0x00000236                PLL0_IRQHandler
                0x00000236                RIT_IRQHandler
                0x00000236                PLL1_IRQHandler
                0x00000236                SSP0_IRQHandler
                0x00000236                I2S_IRQHandler
                0x00000236                I2C2_IRQHandler
                0x00000236                RTC_IRQHandler
                0x00000236                SPI_IRQHandler
                0x00000236                LCD_IRQHandler
                0x00000236                PWM1_IRQHandler
                0x00000236                EINT1_IRQHandler
                0x00000236                UART2_IRQHandler
                0x00000236                UART4_IRQHandler
                0x00000236                SSP1_IRQHandler
                0x00000236                USB_IRQHandler
                0x00000236                BOD_IRQHandler
                0x00000236                TIMER2_IRQHandler
                0x00000236                WDT_IRQHandler
                0x00000236                EINT0_IRQHandler
                0x00000236                PWM0_IRQHandler
                0x00000236                SSP2_IRQHandler
                0x00000236                EEPROM_IRQHandler
                0x00000236                CAN_IRQHandler
                0x00000236                DMA_IRQHandler
                0x00000236                GPIO_IRQHandler
                0x00000236                UART3_IRQHandler
                0x00000236                MCPWM_IRQHandler
 *(.text*)
 .text.etharp_free_entry
                0x0000023c       0x64 ./lwip/src/netif/etharp.o
 .text.etharp_tmr
                0x000002a0       0xe0 ./lwip/src/netif/etharp.o
                0x000002a0                etharp_tmr
 .text.etharp_find_entry
                0x00000380      0x248 ./lwip/src/netif/etharp.o
 .text.etharp_send_ip
                0x000005c8       0x5e ./lwip/src/netif/etharp.o
 *fill*         0x00000626        0x2 ff
 .text.etharp_update_arp_entry
                0x00000628      0x12c ./lwip/src/netif/etharp.o
 .text.etharp_arp_input
                0x00000754      0x18a ./lwip/src/netif/etharp.o
 *fill*         0x000008de        0x2 ff
 .text.etharp_output_to_arp_index
                0x000008e0       0xb8 ./lwip/src/netif/etharp.o
 .text.etharp_output
                0x00000998      0x1b8 ./lwip/src/netif/etharp.o
                0x00000998                etharp_output
 .text.etharp_query
                0x00000b50      0x24c ./lwip/src/netif/etharp.o
                0x00000b50                etharp_query
 .text.etharp_raw
                0x00000d9c      0x11a ./lwip/src/netif/etharp.o
 *fill*         0x00000eb6        0x2 ff
 .text.etharp_request
                0x00000eb8       0x44 ./lwip/src/netif/etharp.o
                0x00000eb8                etharp_request
 .text.ethernet_input
                0x00000efc      0x100 ./lwip/src/netif/etharp.o
                0x00000efc                ethernet_input
 .text.icmp_input
                0x00000ffc      0x214 ./lwip/src/core/ipv4/icmp.o
                0x00000ffc                icmp_input
 .text.icmp_dest_unreach
                0x00001210       0x20 ./lwip/src/core/ipv4/icmp.o
                0x00001210                icmp_dest_unreach
 .text.icmp_time_exceeded
                0x00001230       0x20 ./lwip/src/core/ipv4/icmp.o
                0x00001230                icmp_time_exceeded
 .text.icmp_send_response
                0x00001250       0xb8 ./lwip/src/core/ipv4/icmp.o
 .text.lwip_standard_chksum
                0x00001308       0x9a ./lwip/src/core/ipv4/inet_chksum.o
 .text.inet_chksum_pseudo
                0x000013a2      0x10c ./lwip/src/core/ipv4/inet_chksum.o
                0x000013a2                inet_chksum_pseudo
 .text.inet_chksum_pseudo_partial
                0x000014ae      0x138 ./lwip/src/core/ipv4/inet_chksum.o
                0x000014ae                inet_chksum_pseudo_partial
 .text.inet_chksum
                0x000015e6       0x24 ./lwip/src/core/ipv4/inet_chksum.o
                0x000015e6                inet_chksum
 .text.inet_chksum_pbuf
                0x0000160a       0x94 ./lwip/src/core/ipv4/inet_chksum.o
                0x0000160a                inet_chksum_pbuf
 .text.lwip_chksum_copy
                0x0000169e       0x2e ./lwip/src/core/ipv4/inet_chksum.o
                0x0000169e                lwip_chksum_copy
 .text.ip_route
                0x000016cc       0x78 ./lwip/src/core/ipv4/ip.o
                0x000016cc                ip_route
 .text.ip_input
                0x00001744      0x218 ./lwip/src/core/ipv4/ip.o
                0x00001744                ip_input
 .text.ip_output_if
                0x0000195c      0x1c0 ./lwip/src/core/ipv4/ip.o
                0x0000195c                ip_output_if
 .text.ip_output
                0x00001b1c       0x56 ./lwip/src/core/ipv4/ip.o
                0x00001b1c                ip_output
 .text.ip4_addr_isbroadcast
                0x00001b72       0x76 ./lwip/src/core/ipv4/ip_addr.o
                0x00001b72                ip4_addr_isbroadcast
 .text.ipaddr_addr
                0x00001be8       0x2a ./lwip/src/core/ipv4/ip_addr.o
                0x00001be8                ipaddr_addr
 *fill*         0x00001c12        0x2 ff
 .text.ipaddr_aton
                0x00001c14      0x238 ./lwip/src/core/ipv4/ip_addr.o
                0x00001c14                ipaddr_aton
 .text.ip_reass_tmr
                0x00001e4c       0x58 ./lwip/src/core/ipv4/ip_frag.o
                0x00001e4c                ip_reass_tmr
 .text.ip_reass_free_complete_datagram
                0x00001ea4      0x10c ./lwip/src/core/ipv4/ip_frag.o
 .text.ip_reass_remove_oldest_datagram
                0x00001fb0       0xb8 ./lwip/src/core/ipv4/ip_frag.o
 .text.ip_reass_enqueue_new_datagram
                0x00002068       0x80 ./lwip/src/core/ipv4/ip_frag.o
 .text.ip_reass_dequeue_datagram
                0x000020e8       0x44 ./lwip/src/core/ipv4/ip_frag.o
 .text.ip_reass_chain_frag_into_datagram_and_validate
                0x0000212c      0x254 ./lwip/src/core/ipv4/ip_frag.o
 .text.ip_reass
                0x00002380      0x248 ./lwip/src/core/ipv4/ip_frag.o
                0x00002380                ip_reass
 .text.ip_frag_alloc_pbuf_custom_ref
                0x000025c8       0x18 ./lwip/src/core/ipv4/ip_frag.o
 .text.ip_frag_free_pbuf_custom_ref
                0x000025e0       0x20 ./lwip/src/core/ipv4/ip_frag.o
 .text.ipfrag_free_pbuf_custom
                0x00002600       0x42 ./lwip/src/core/ipv4/ip_frag.o
 *fill*         0x00002642        0x2 ff
 .text.ip_frag  0x00002644      0x20c ./lwip/src/core/ipv4/ip_frag.o
                0x00002644                ip_frag
 .text.lwip_htons
                0x00002850       0x28 ./lwip/src/core/def.o
                0x00002850                lwip_htons
 .text.lwip_ntohs
                0x00002878       0x1c ./lwip/src/core/def.o
                0x00002878                lwip_ntohs
 .text.lwip_htonl
                0x00002894       0x30 ./lwip/src/core/def.o
                0x00002894                lwip_htonl
 .text.lwip_ntohl
                0x000028c4       0x18 ./lwip/src/core/def.o
                0x000028c4                lwip_ntohl
 .text.lwip_init
                0x000028dc       0x20 ./lwip/src/core/init.o
                0x000028dc                lwip_init
 .text.netif_init
                0x000028fc        0xc ./lwip/src/core/netif.o
                0x000028fc                netif_init
 .text.netif_add
                0x00002908       0x8c ./lwip/src/core/netif.o
                0x00002908                netif_add
 .text.netif_set_addr
                0x00002994       0x2e ./lwip/src/core/netif.o
                0x00002994                netif_set_addr
 *fill*         0x000029c2        0x2 ff
 .text.netif_set_ipaddr
                0x000029c4       0xb0 ./lwip/src/core/netif.o
                0x000029c4                netif_set_ipaddr
 .text.netif_set_gw
                0x00002a74       0x26 ./lwip/src/core/netif.o
                0x00002a74                netif_set_gw
 .text.netif_set_netmask
                0x00002a9a       0x26 ./lwip/src/core/netif.o
                0x00002a9a                netif_set_netmask
 .text.netif_set_default
                0x00002ac0       0x1c ./lwip/src/core/netif.o
                0x00002ac0                netif_set_default
 .text.netif_set_up
                0x00002adc       0x58 ./lwip/src/core/netif.o
                0x00002adc                netif_set_up
 .text.netif_set_link_up
                0x00002b34       0x58 ./lwip/src/core/netif.o
                0x00002b34                netif_set_link_up
 .text.netif_set_link_down
                0x00002b8c       0x3c ./lwip/src/core/netif.o
                0x00002b8c                netif_set_link_down
 .text.pbuf_free_ooseq
                0x00002bc8       0x54 ./lwip/src/core/pbuf.o
 .text.pbuf_free_ooseq_callback
                0x00002c1c       0x14 ./lwip/src/core/pbuf.o
 .text.pbuf_pool_is_empty
                0x00002c30       0x58 ./lwip/src/core/pbuf.o
 .text.pbuf_alloc
                0x00002c88      0x294 ./lwip/src/core/pbuf.o
                0x00002c88                pbuf_alloc
 .text.pbuf_alloced_custom
                0x00002f1c       0xb4 ./lwip/src/core/pbuf.o
                0x00002f1c                pbuf_alloced_custom
 .text.pbuf_realloc
                0x00002fd0       0xe6 ./lwip/src/core/pbuf.o
                0x00002fd0                pbuf_realloc
 .text.pbuf_header
                0x000030b6       0xec ./lwip/src/core/pbuf.o
                0x000030b6                pbuf_header
 .text.pbuf_free
                0x000031a2       0xf0 ./lwip/src/core/pbuf.o
                0x000031a2                pbuf_free
 .text.pbuf_clen
                0x00003292       0x2c ./lwip/src/core/pbuf.o
                0x00003292                pbuf_clen
 .text.pbuf_ref
                0x000032be       0x2e ./lwip/src/core/pbuf.o
                0x000032be                pbuf_ref
 .text.pbuf_cat
                0x000032ec       0x78 ./lwip/src/core/pbuf.o
                0x000032ec                pbuf_cat
 .text.pbuf_chain
                0x00003364       0x20 ./lwip/src/core/pbuf.o
                0x00003364                pbuf_chain
 .text.pbuf_copy
                0x00003384      0x13c ./lwip/src/core/pbuf.o
                0x00003384                pbuf_copy
 .text.pbuf_copy_partial
                0x000034c0       0xd0 ./lwip/src/core/pbuf.o
                0x000034c0                pbuf_copy_partial
 .text.tcp_init
                0x00003590        0xc ./lwip/src/core/tcp.o
                0x00003590                tcp_init
 .text.tcp_tmr  0x0000359c       0x2c ./lwip/src/core/tcp.o
                0x0000359c                tcp_tmr
 .text.tcp_close_shutdown
                0x000035c8      0x258 ./lwip/src/core/tcp.o
 .text.tcp_close
                0x00003820       0x30 ./lwip/src/core/tcp.o
                0x00003820                tcp_close
 .text.tcp_shutdown
                0x00003850       0x90 ./lwip/src/core/tcp.o
                0x00003850                tcp_shutdown
 .text.tcp_abandon
                0x000038e0       0xdc ./lwip/src/core/tcp.o
                0x000038e0                tcp_abandon
 .text.tcp_abort
                0x000039bc       0x18 ./lwip/src/core/tcp.o
                0x000039bc                tcp_abort
 .text.tcp_update_rcv_ann_wnd
                0x000039d4       0x84 ./lwip/src/core/tcp.o
                0x000039d4                tcp_update_rcv_ann_wnd
 .text.tcp_recved
                0x00003a58       0x7e ./lwip/src/core/tcp.o
                0x00003a58                tcp_recved
 *fill*         0x00003ad6        0x2 ff
 .text.tcp_new_port
                0x00003ad8       0x88 ./lwip/src/core/tcp.o
 .text.tcp_connect
                0x00003b60      0x1c4 ./lwip/src/core/tcp.o
                0x00003b60                tcp_connect
 .text.tcp_slowtmr
                0x00003d24      0x4c8 ./lwip/src/core/tcp.o
                0x00003d24                tcp_slowtmr
 .text.tcp_fasttmr
                0x000041ec       0xa4 ./lwip/src/core/tcp.o
                0x000041ec                tcp_fasttmr
 .text.tcp_process_refused_data
                0x00004290       0xce ./lwip/src/core/tcp.o
                0x00004290                tcp_process_refused_data
 .text.tcp_segs_free
                0x0000435e       0x2a ./lwip/src/core/tcp.o
                0x0000435e                tcp_segs_free
 .text.tcp_seg_free
                0x00004388       0x2e ./lwip/src/core/tcp.o
                0x00004388                tcp_seg_free
 *fill*         0x000043b6        0x2 ff
 .text.tcp_seg_copy
                0x000043b8       0x40 ./lwip/src/core/tcp.o
                0x000043b8                tcp_seg_copy
 .text.tcp_recv_null
                0x000043f8       0x44 ./lwip/src/core/tcp.o
                0x000043f8                tcp_recv_null
 .text.tcp_kill_prio
                0x0000443c       0x80 ./lwip/src/core/tcp.o
 .text.tcp_kill_timewait
                0x000044bc       0x60 ./lwip/src/core/tcp.o
 .text.tcp_alloc
                0x0000451c      0x128 ./lwip/src/core/tcp.o
                0x0000451c                tcp_alloc
 .text.tcp_new  0x00004644       0x10 ./lwip/src/core/tcp.o
                0x00004644                tcp_new
 .text.tcp_arg  0x00004654       0x1a ./lwip/src/core/tcp.o
                0x00004654                tcp_arg
 .text.tcp_recv
                0x0000466e       0x26 ./lwip/src/core/tcp.o
                0x0000466e                tcp_recv
 .text.tcp_sent
                0x00004694       0x24 ./lwip/src/core/tcp.o
                0x00004694                tcp_sent
 .text.tcp_err  0x000046b8       0x26 ./lwip/src/core/tcp.o
                0x000046b8                tcp_err
 .text.tcp_accept
                0x000046de       0x1a ./lwip/src/core/tcp.o
                0x000046de                tcp_accept
 .text.tcp_poll
                0x000046f8       0x32 ./lwip/src/core/tcp.o
                0x000046f8                tcp_poll
 .text.tcp_pcb_purge
                0x0000472a       0x82 ./lwip/src/core/tcp.o
                0x0000472a                tcp_pcb_purge
 .text.tcp_pcb_remove
                0x000047ac       0xd0 ./lwip/src/core/tcp.o
                0x000047ac                tcp_pcb_remove
 .text.tcp_next_iss
                0x0000487c       0x28 ./lwip/src/core/tcp.o
                0x0000487c                tcp_next_iss
 .text.tcp_eff_send_mss
                0x000048a4       0x40 ./lwip/src/core/tcp.o
                0x000048a4                tcp_eff_send_mss
 .text.tcp_input
                0x000048e4      0x67c ./lwip/src/core/tcp_in.o
                0x000048e4                tcp_input
 .text.tcp_listen_input
                0x00004f60      0x194 ./lwip/src/core/tcp_in.o
 .text.tcp_timewait_input
                0x000050f4       0xd4 ./lwip/src/core/tcp_in.o
 .text.tcp_process
                0x000051c8      0x6f4 ./lwip/src/core/tcp_in.o
 .text.tcp_oos_insert_segment
                0x000058bc       0xec ./lwip/src/core/tcp_in.o
 .text.tcp_receive
                0x000059a8      0xf74 ./lwip/src/core/tcp_in.o
 .text.tcp_parseopt
                0x0000691c      0x108 ./lwip/src/core/tcp_in.o
 .text.tcp_output_alloc_header
                0x00006a24       0xe0 ./lwip/src/core/tcp_out.o
 .text.tcp_send_fin
                0x00006b04       0x7e ./lwip/src/core/tcp_out.o
                0x00006b04                tcp_send_fin
 *fill*         0x00006b82        0x2 ff
 .text.tcp_create_segment
                0x00006b84      0x124 ./lwip/src/core/tcp_out.o
 .text.tcp_pbuf_prealloc
                0x00006ca8       0xae ./lwip/src/core/tcp_out.o
 .text.tcp_seg_add_chksum
                0x00006d56       0x66 ./lwip/src/core/tcp_out.o
 .text.tcp_write_checks
                0x00006dbc       0xc6 ./lwip/src/core/tcp_out.o
 .text.tcp_write
                0x00006e82      0x5f6 ./lwip/src/core/tcp_out.o
                0x00006e82                tcp_write
 .text.tcp_enqueue_flags
                0x00007478      0x1d4 ./lwip/src/core/tcp_out.o
                0x00007478                tcp_enqueue_flags
 .text.tcp_send_empty_ack
                0x0000764c       0x90 ./lwip/src/core/tcp_out.o
                0x0000764c                tcp_send_empty_ack
 .text.tcp_output
                0x000076dc      0x2c8 ./lwip/src/core/tcp_out.o
                0x000076dc                tcp_output
 .text.tcp_output_segment
                0x000079a4      0x210 ./lwip/src/core/tcp_out.o
 .text.tcp_rst  0x00007bb4       0xde ./lwip/src/core/tcp_out.o
                0x00007bb4                tcp_rst
 .text.tcp_rexmit_rto
                0x00007c92       0x62 ./lwip/src/core/tcp_out.o
                0x00007c92                tcp_rexmit_rto
 .text.tcp_rexmit
                0x00007cf4       0x96 ./lwip/src/core/tcp_out.o
                0x00007cf4                tcp_rexmit
 .text.tcp_rexmit_fast
                0x00007d8a       0xa6 ./lwip/src/core/tcp_out.o
                0x00007d8a                tcp_rexmit_fast
 .text.tcp_keepalive
                0x00007e30       0x72 ./lwip/src/core/tcp_out.o
                0x00007e30                tcp_keepalive
 .text.tcp_zero_window_probe
                0x00007ea2      0x108 ./lwip/src/core/tcp_out.o
                0x00007ea2                tcp_zero_window_probe
 *fill*         0x00007faa        0x2 ff
 .text.tcpip_tcp_timer
                0x00007fac       0x48 ./lwip/src/core/timers.o
 .text.tcp_timer_needed
                0x00007ff4       0x40 ./lwip/src/core/timers.o
                0x00007ff4                tcp_timer_needed
 .text.ip_reass_timer
                0x00008034       0x24 ./lwip/src/core/timers.o
 .text.arp_timer
                0x00008058       0x24 ./lwip/src/core/timers.o
 .text.sys_timeouts_init
                0x0000807c       0x28 ./lwip/src/core/timers.o
                0x0000807c                sys_timeouts_init
 .text.sys_timeout
                0x000080a4       0xf4 ./lwip/src/core/timers.o
                0x000080a4                sys_timeout
 .text.sys_untimeout
                0x00008198       0x8c ./lwip/src/core/timers.o
                0x00008198                sys_untimeout
 .text.sys_timeouts_mbox_fetch
                0x00008224       0xac ./lwip/src/core/timers.o
                0x00008224                sys_timeouts_mbox_fetch
 .text.udp_init
                0x000082d0        0xc ./lwip/src/core/udp.o
                0x000082d0                udp_init
 .text.udp_new_port
                0x000082dc       0x70 ./lwip/src/core/udp.o
 .text.udp_input
                0x0000834c      0x26c ./lwip/src/core/udp.o
                0x0000834c                udp_input
 .text.udp_send_chksum
                0x000085b8       0x3a ./lwip/src/core/udp.o
                0x000085b8                udp_send_chksum
 .text.udp_sendto_chksum
                0x000085f2       0x48 ./lwip/src/core/udp.o
                0x000085f2                udp_sendto_chksum
 .text.udp_sendto_if_chksum
                0x0000863a      0x1d6 ./lwip/src/core/udp.o
                0x0000863a                udp_sendto_if_chksum
 .text.udp_bind
                0x00008810       0xcc ./lwip/src/core/udp.o
                0x00008810                udp_bind
 .text.udp_connect
                0x000088dc       0x98 ./lwip/src/core/udp.o
                0x000088dc                udp_connect
 .text.udp_disconnect
                0x00008974       0x2c ./lwip/src/core/udp.o
                0x00008974                udp_disconnect
 .text.udp_recv
                0x000089a0       0x22 ./lwip/src/core/udp.o
                0x000089a0                udp_recv
 *fill*         0x000089c2        0x2 ff
 .text.udp_remove
                0x000089c4       0x60 ./lwip/src/core/udp.o
                0x000089c4                udp_remove
 .text.udp_new  0x00008a24       0x38 ./lwip/src/core/udp.o
                0x00008a24                udp_new
 .text.Chip_ENET_SetADDR
                0x00008a5c       0x4e ./lwip/src/arch/lpc17xx_40xx_emac.o
 .text.Chip_ENET_TXEnable
                0x00008aaa       0x22 ./lwip/src/arch/lpc17xx_40xx_emac.o
 .text.Chip_ENET_RXEnable
                0x00008acc       0x2e ./lwip/src/arch/lpc17xx_40xx_emac.o
 .text.Chip_ENET_RXDisable
                0x00008afa       0x2e ./lwip/src/arch/lpc17xx_40xx_emac.o
 .text.Chip_ENET_ResetTXLogic
                0x00008b28       0x1e ./lwip/src/arch/lpc17xx_40xx_emac.o
 .text.Chip_ENET_ResetRXLogic
                0x00008b46       0x1e ./lwip/src/arch/lpc17xx_40xx_emac.o
 .text.Chip_ENET_EnableRXFilter
                0x00008b64       0x34 ./lwip/src/arch/lpc17xx_40xx_emac.o
 .text.Chip_ENET_GetTXProduceIndex
                0x00008b98       0x1a ./lwip/src/arch/lpc17xx_40xx_emac.o
 .text.Chip_ENET_GetTXConsumeIndex
                0x00008bb2       0x1a ./lwip/src/arch/lpc17xx_40xx_emac.o
 .text.Chip_ENET_GetRXConsumeIndex
                0x00008bcc       0x1a ./lwip/src/arch/lpc17xx_40xx_emac.o
 .text.Chip_ENET_GetFreeDescNum
                0x00008be6       0x36 ./lwip/src/arch/lpc17xx_40xx_emac.o
 .text.Chip_ENET_IsRxEmpty
                0x00008c1c       0x2c ./lwip/src/arch/lpc17xx_40xx_emac.o
 .text.Chip_ENET_EnableInt
                0x00008c48       0x24 ./lwip/src/arch/lpc17xx_40xx_emac.o
 .text.Chip_ENET_GetIntStatus
                0x00008c6c       0x18 ./lwip/src/arch/lpc17xx_40xx_emac.o
 .text.Chip_ENET_ClearIntStatus
                0x00008c84       0x1c ./lwip/src/arch/lpc17xx_40xx_emac.o
 .text.lpc_rxqueue_pbuf
                0x00008ca0       0x94 ./lwip/src/arch/lpc17xx_40xx_emac.o
 .text.lpc_rx_setup
                0x00008d34       0x40 ./lwip/src/arch/lpc17xx_40xx_emac.o
 .text.lpc_low_level_input
                0x00008d74      0x16c ./lwip/src/arch/lpc17xx_40xx_emac.o
 .text.lpc_packet_addr_notsafe
                0x00008ee0       0x3c ./lwip/src/arch/lpc17xx_40xx_emac.o
 .text.lpc_tx_setup
                0x00008f1c       0x60 ./lwip/src/arch/lpc17xx_40xx_emac.o
 .text.lpc_tx_reclaim_st
                0x00008f7c       0xa0 ./lwip/src/arch/lpc17xx_40xx_emac.o
 .text.lpc_low_level_output
                0x0000901c      0x138 ./lwip/src/arch/lpc17xx_40xx_emac.o
 .text.vPacketReceiveTask
                0x00009154       0x3c ./lwip/src/arch/lpc17xx_40xx_emac.o
 .text.vTransmitCleanupTask
                0x00009190       0xa8 ./lwip/src/arch/lpc17xx_40xx_emac.o
 .text.low_level_init
                0x00009238       0xa4 ./lwip/src/arch/lpc17xx_40xx_emac.o
 .text.lpc_etharp_output
                0x000092dc       0x34 ./lwip/src/arch/lpc17xx_40xx_emac.o
 .text.lpc_rx_queue
                0x00009310       0x5e ./lwip/src/arch/lpc17xx_40xx_emac.o
                0x00009310                lpc_rx_queue
 .text.lpc_enetif_input
                0x0000936e       0x64 ./lwip/src/arch/lpc17xx_40xx_emac.o
                0x0000936e                lpc_enetif_input
 *fill*         0x000093d2        0x2 ff
 .text.lpc_tx_reclaim
                0x000093d4       0x28 ./lwip/src/arch/lpc17xx_40xx_emac.o
                0x000093d4                lpc_tx_reclaim
 .text.lpc_tx_ready
                0x000093fc       0x3c ./lwip/src/arch/lpc17xx_40xx_emac.o
                0x000093fc                lpc_tx_ready
 .text.ETH_IRQHandler
                0x00009438       0x7c ./lwip/src/arch/lpc17xx_40xx_emac.o
                0x00009438                ETH_IRQHandler
 .text.lpc_enetif_init
                0x000094b4      0x158 ./lwip/src/arch/lpc17xx_40xx_emac.o
                0x000094b4                lpc_enetif_init
 .text.assert_loop
                0x0000960c        0x6 ./lwip/src/arch/lpc_debug.o
                0x0000960c                assert_loop
 .text.sys_mbox_new
                0x00009612       0x38 ./lwip/src/arch/sys_arch_freertos.o
                0x00009612                sys_mbox_new
 .text.sys_mbox_free
                0x0000964a       0x26 ./lwip/src/arch/sys_arch_freertos.o
                0x0000964a                sys_mbox_free
 .text.sys_mbox_post
                0x00009670       0x2c ./lwip/src/arch/sys_arch_freertos.o
                0x00009670                sys_mbox_post
 .text.sys_mbox_trypost
                0x0000969c       0x34 ./lwip/src/arch/sys_arch_freertos.o
                0x0000969c                sys_mbox_trypost
 .text.sys_arch_mbox_fetch
                0x000096d0       0x98 ./lwip/src/arch/sys_arch_freertos.o
                0x000096d0                sys_arch_mbox_fetch
 .text.sys_arch_mbox_tryfetch
                0x00009768       0x40 ./lwip/src/arch/sys_arch_freertos.o
                0x00009768                sys_arch_mbox_tryfetch
 .text.sys_sem_new
                0x000097a8       0x62 ./lwip/src/arch/sys_arch_freertos.o
                0x000097a8                sys_sem_new
 .text.sys_arch_sem_wait
                0x0000980a       0x84 ./lwip/src/arch/sys_arch_freertos.o
                0x0000980a                sys_arch_sem_wait
 .text.sys_mutex_new
                0x0000988e       0x30 ./lwip/src/arch/sys_arch_freertos.o
                0x0000988e                sys_mutex_new
 .text.sys_mutex_lock
                0x000098be       0x2a ./lwip/src/arch/sys_arch_freertos.o
                0x000098be                sys_mutex_lock
 .text.sys_mutex_unlock
                0x000098e8       0x1e ./lwip/src/arch/sys_arch_freertos.o
                0x000098e8                sys_mutex_unlock
 .text.sys_sem_signal
                0x00009906       0x1e ./lwip/src/arch/sys_arch_freertos.o
                0x00009906                sys_sem_signal
 .text.sys_sem_free
                0x00009924       0x1a ./lwip/src/arch/sys_arch_freertos.o
                0x00009924                sys_sem_free
 .text.sys_init
                0x0000993e        0xc ./lwip/src/arch/sys_arch_freertos.o
                0x0000993e                sys_init
 .text.sys_thread_new
                0x0000994a       0x4c ./lwip/src/arch/sys_arch_freertos.o
                0x0000994a                sys_thread_new
 .text.sys_arch_protect
                0x00009996        0xe ./lwip/src/arch/sys_arch_freertos.o
                0x00009996                sys_arch_protect
 .text.sys_arch_unprotect
                0x000099a4       0x14 ./lwip/src/arch/sys_arch_freertos.o
                0x000099a4                sys_arch_unprotect
 .text.netconn_new_with_proto_and_callback
                0x000099b8       0x9c ./lwip/src/api/api_lib.o
                0x000099b8                netconn_new_with_proto_and_callback
 .text.netconn_delete
                0x00009a54       0x38 ./lwip/src/api/api_lib.o
                0x00009a54                netconn_delete
 .text.netconn_getaddr
                0x00009a8c       0x94 ./lwip/src/api/api_lib.o
                0x00009a8c                netconn_getaddr
 .text.netconn_connect
                0x00009b20       0x70 ./lwip/src/api/api_lib.o
                0x00009b20                netconn_connect
 .text.netconn_disconnect
                0x00009b90       0x60 ./lwip/src/api/api_lib.o
                0x00009b90                netconn_disconnect
 .text.netconn_recv_data
                0x00009bf0      0x12c ./lwip/src/api/api_lib.o
 .text.netconn_recv_tcp_pbuf
                0x00009d1c       0x34 ./lwip/src/api/api_lib.o
                0x00009d1c                netconn_recv_tcp_pbuf
 .text.netconn_recv
                0x00009d50       0xf0 ./lwip/src/api/api_lib.o
                0x00009d50                netconn_recv
 .text.netconn_recved
                0x00009e40       0x48 ./lwip/src/api/api_lib.o
                0x00009e40                netconn_recved
 .text.netconn_send
                0x00009e88       0x68 ./lwip/src/api/api_lib.o
                0x00009e88                netconn_send
 .text.netconn_write_partly
                0x00009ef0       0xe8 ./lwip/src/api/api_lib.o
                0x00009ef0                netconn_write_partly
 .text.netconn_close_shutdown
                0x00009fd8       0x68 ./lwip/src/api/api_lib.o
 .text.netconn_shutdown
                0x0000a040       0x42 ./lwip/src/api/api_lib.o
                0x0000a040                netconn_shutdown
 *fill*         0x0000a082        0x2 ff
 .text.recv_udp
                0x0000a084       0xc8 ./lwip/src/api/api_msg.o
 .text.recv_tcp
                0x0000a14c       0xca ./lwip/src/api/api_msg.o
 .text.poll_tcp
                0x0000a216       0x92 ./lwip/src/api/api_msg.o
 .text.sent_tcp
                0x0000a2a8       0x90 ./lwip/src/api/api_msg.o
 .text.err_tcp  0x0000a338      0x11a ./lwip/src/api/api_msg.o
 *fill*         0x0000a452        0x2 ff
 .text.setup_tcp
                0x0000a454       0x50 ./lwip/src/api/api_msg.o
 .text.pcb_new  0x0000a4a4       0xac ./lwip/src/api/api_msg.o
 .text.do_newconn
                0x0000a550       0x32 ./lwip/src/api/api_msg.o
                0x0000a550                do_newconn
 *fill*         0x0000a582        0x2 ff
 .text.netconn_alloc
                0x0000a584       0xcc ./lwip/src/api/api_msg.o
                0x0000a584                netconn_alloc
 .text.netconn_free
                0x0000a650       0x4a ./lwip/src/api/api_msg.o
                0x0000a650                netconn_free
 .text.netconn_drain
                0x0000a69a       0xec ./lwip/src/api/api_msg.o
 *fill*         0x0000a786        0x2 ff
 .text.do_close_internal
                0x0000a788      0x1dc ./lwip/src/api/api_msg.o
 .text.do_delconn
                0x0000a964      0x12a ./lwip/src/api/api_msg.o
                0x0000a964                do_delconn
 .text.do_connected
                0x0000aa8e       0xe8 ./lwip/src/api/api_msg.o
 *fill*         0x0000ab76        0x2 ff
 .text.do_connect
                0x0000ab78      0x114 ./lwip/src/api/api_msg.o
                0x0000ab78                do_connect
 .text.do_disconnect
                0x0000ac8c       0x44 ./lwip/src/api/api_msg.o
                0x0000ac8c                do_disconnect
 .text.do_send  0x0000acd0       0xde ./lwip/src/api/api_msg.o
                0x0000acd0                do_send
 .text.do_recv  0x0000adae       0x6e ./lwip/src/api/api_msg.o
                0x0000adae                do_recv
 .text.do_writemore
                0x0000ae1c      0x21e ./lwip/src/api/api_msg.o
 .text.do_write
                0x0000b03a       0xb2 ./lwip/src/api/api_msg.o
                0x0000b03a                do_write
 .text.do_getaddr
                0x0000b0ec       0xce ./lwip/src/api/api_msg.o
                0x0000b0ec                do_getaddr
 .text.do_close
                0x0000b1ba       0xc2 ./lwip/src/api/api_msg.o
                0x0000b1ba                do_close
 .text.netbuf_delete
                0x0000b27c       0x3c ./lwip/src/api/netbuf.o
                0x0000b27c                netbuf_delete
 .text.netbuf_free
                0x0000b2b8       0x3a ./lwip/src/api/netbuf.o
                0x0000b2b8                netbuf_free
 .text.netbuf_ref
                0x0000b2f2       0x7e ./lwip/src/api/netbuf.o
                0x0000b2f2                netbuf_ref
 .text.lwip_socket_init
                0x0000b370        0xc ./lwip/src/api/sockets.o
                0x0000b370                lwip_socket_init
 .text.get_socket
                0x0000b37c       0x44 ./lwip/src/api/sockets.o
 .text.tryget_socket
                0x0000b3c0       0x4c ./lwip/src/api/sockets.o
 .text.alloc_socket
                0x0000b40c      0x10c ./lwip/src/api/sockets.o
 .text.free_socket
                0x0000b518       0x56 ./lwip/src/api/sockets.o
 .text.lwip_close
                0x0000b56e       0x64 ./lwip/src/api/sockets.o
                0x0000b56e                lwip_close
 *fill*         0x0000b5d2        0x2 ff
 .text.lwip_connect
                0x0000b5d4       0xd4 ./lwip/src/api/sockets.o
                0x0000b5d4                lwip_connect
 .text.lwip_recvfrom
                0x0000b6a8      0x2f8 ./lwip/src/api/sockets.o
                0x0000b6a8                lwip_recvfrom
 .text.lwip_recv
                0x0000b9a0       0x2c ./lwip/src/api/sockets.o
                0x0000b9a0                lwip_recv
 .text.lwip_send
                0x0000b9cc       0xc0 ./lwip/src/api/sockets.o
                0x0000b9cc                lwip_send
 .text.lwip_sendto
                0x0000ba8c      0x134 ./lwip/src/api/sockets.o
                0x0000ba8c                lwip_sendto
 .text.lwip_socket
                0x0000bbc0       0xbc ./lwip/src/api/sockets.o
                0x0000bbc0                lwip_socket
 .text.lwip_selscan
                0x0000bc7c      0x200 ./lwip/src/api/sockets.o
 .text.lwip_select
                0x0000be7c      0x394 ./lwip/src/api/sockets.o
                0x0000be7c                lwip_select
 .text.event_callback
                0x0000c210      0x20c ./lwip/src/api/sockets.o
 .text.lwip_shutdown
                0x0000c41c       0xcc ./lwip/src/api/sockets.o
                0x0000c41c                lwip_shutdown
 .text.lwip_read_exact
                0x0000c4e8      0x180 ./lwip/src/api/sockets.o
                0x0000c4e8                lwip_read_exact
 .text.Read     0x0000c668       0x44 ./lwip/src/api/sockets.o
                0x0000c668                Read
 .text.tcpip_thread
                0x0000c6ac      0x10c ./lwip/src/api/tcpip.o
 .text.tcpip_input
                0x0000c7b8       0x70 ./lwip/src/api/tcpip.o
                0x0000c7b8                tcpip_input
 .text.tcpip_callback_with_block
                0x0000c828       0x84 ./lwip/src/api/tcpip.o
                0x0000c828                tcpip_callback_with_block
 .text.tcpip_apimsg
                0x0000c8ac       0x4c ./lwip/src/api/tcpip.o
                0x0000c8ac                tcpip_apimsg
 .text.tcpip_init
                0x0000c8f8       0x5c ./lwip/src/api/tcpip.o
                0x0000c8f8                tcpip_init
 .text.vApplicationMallocFailedHook
                0x0000c954       0x14 ./freertos/src/FreeRTOSCommonHooks.o
                0x0000c954                vApplicationMallocFailedHook
 .text.vApplicationIdleHook
                0x0000c968       0x10 ./freertos/src/FreeRTOSCommonHooks.o
                0x0000c968                vApplicationIdleHook
 .text.vApplicationStackOverflowHook
                0x0000c978       0x1c ./freertos/src/FreeRTOSCommonHooks.o
                0x0000c978                vApplicationStackOverflowHook
 .text.pvPortMalloc
                0x0000c994       0x2c ./freertos/src/heap_3.o
                0x0000c994                pvPortMalloc
 .text.vPortFree
                0x0000c9c0       0x24 ./freertos/src/heap_3.o
                0x0000c9c0                vPortFree
 .text.vListInitialise
                0x0000c9e4       0x3e ./freertos/src/list.o
                0x0000c9e4                vListInitialise
 .text.vListInitialiseItem
                0x0000ca22       0x18 ./freertos/src/list.o
                0x0000ca22                vListInitialiseItem
 .text.vListInsertEnd
                0x0000ca3a       0x46 ./freertos/src/list.o
                0x0000ca3a                vListInsertEnd
 .text.vListInsert
                0x0000ca80       0x70 ./freertos/src/list.o
                0x0000ca80                vListInsert
 .text.uxListRemove
                0x0000caf0       0x52 ./freertos/src/list.o
                0x0000caf0                uxListRemove
 *fill*         0x0000cb42        0x2 ff
 .text.pxPortInitialiseStack
                0x0000cb44       0x54 ./freertos/src/port.o
                0x0000cb44                pxPortInitialiseStack
 .text.prvTaskExitError
                0x0000cb98        0xa ./freertos/src/port.o
 *fill*         0x0000cba2        0x2 ff
 .text.SVC_Handler
                0x0000cba4       0x24 ./freertos/src/port.o
                0x0000cba4                SVC_Handler
 .text.prvPortStartFirstTask
                0x0000cbc8       0x18 ./freertos/src/port.o
 .text.xPortStartScheduler
                0x0000cbe0       0x38 ./freertos/src/port.o
                0x0000cbe0                xPortStartScheduler
 .text.vPortYield
                0x0000cc18       0x20 ./freertos/src/port.o
                0x0000cc18                vPortYield
 .text.vPortEnterCritical
                0x0000cc38       0x24 ./freertos/src/port.o
                0x0000cc38                vPortEnterCritical
 .text.vPortExitCritical
                0x0000cc5c       0x24 ./freertos/src/port.o
                0x0000cc5c                vPortExitCritical
 .text.ulPortSetInterruptMask
                0x0000cc80       0x12 ./freertos/src/port.o
                0x0000cc80                ulPortSetInterruptMask
 .text.vPortClearInterruptMask
                0x0000cc92        0x8 ./freertos/src/port.o
                0x0000cc92                vPortClearInterruptMask
 *fill*         0x0000cc9a        0x2 ff
 .text.PendSV_Handler
                0x0000cc9c       0x40 ./freertos/src/port.o
                0x0000cc9c                PendSV_Handler
 .text.SysTick_Handler
                0x0000ccdc       0x28 ./freertos/src/port.o
                0x0000ccdc                SysTick_Handler
 .text.vPortSetupTimerInterrupt
                0x0000cd04       0x34 ./freertos/src/port.o
                0x0000cd04                vPortSetupTimerInterrupt
 .text.xQueueGenericReset
                0x0000cd38       0xa4 ./freertos/src/queue.o
                0x0000cd38                xQueueGenericReset
 .text.xQueueGenericCreate
                0x0000cddc       0x78 ./freertos/src/queue.o
                0x0000cddc                xQueueGenericCreate
 .text.xQueueCreateMutex
                0x0000ce54       0x84 ./freertos/src/queue.o
                0x0000ce54                xQueueCreateMutex
 .text.xQueueCreateCountingSemaphore
                0x0000ced8       0x2c ./freertos/src/queue.o
                0x0000ced8                xQueueCreateCountingSemaphore
 .text.xQueueGenericSend
                0x0000cf04      0x110 ./freertos/src/queue.o
                0x0000cf04                xQueueGenericSend
 .text.xQueueGenericSendFromISR
                0x0000d014       0x88 ./freertos/src/queue.o
                0x0000d014                xQueueGenericSendFromISR
 .text.xQueueGenericReceive
                0x0000d09c      0x16c ./freertos/src/queue.o
                0x0000d09c                xQueueGenericReceive
 .text.uxQueueMessagesWaiting
                0x0000d208       0x20 ./freertos/src/queue.o
                0x0000d208                uxQueueMessagesWaiting
 .text.vQueueDelete
                0x0000d228       0x2a ./freertos/src/queue.o
                0x0000d228                vQueueDelete
 .text.prvCopyDataToQueue
                0x0000d252       0xce ./freertos/src/queue.o
 .text.prvCopyDataFromQueue
                0x0000d320       0x4c ./freertos/src/queue.o
 .text.prvUnlockQueue
                0x0000d36c       0x98 ./freertos/src/queue.o
 .text.prvIsQueueEmpty
                0x0000d404       0x2c ./freertos/src/queue.o
 .text.prvIsQueueFull
                0x0000d430       0x30 ./freertos/src/queue.o
 .text.vQueueUnregisterQueue
                0x0000d460       0x48 ./freertos/src/queue.o
                0x0000d460                vQueueUnregisterQueue
 .text.xTaskGenericCreate
                0x0000d4a8      0x140 ./freertos/src/tasks.o
                0x0000d4a8                xTaskGenericCreate
 .text.vTaskDelay
                0x0000d5e8       0x54 ./freertos/src/tasks.o
                0x0000d5e8                vTaskDelay
 .text.vTaskStartScheduler
                0x0000d63c       0x58 ./freertos/src/tasks.o
                0x0000d63c                vTaskStartScheduler
 .text.vTaskSuspendAll
                0x0000d694       0x1c ./freertos/src/tasks.o
                0x0000d694                vTaskSuspendAll
 .text.xTaskResumeAll
                0x0000d6b0       0xfc ./freertos/src/tasks.o
                0x0000d6b0                xTaskResumeAll
 .text.xTaskGetTickCount
                0x0000d7ac       0x24 ./freertos/src/tasks.o
                0x0000d7ac                xTaskGetTickCount
 .text.xTaskIncrementTick
                0x0000d7d0      0x18c ./freertos/src/tasks.o
                0x0000d7d0                xTaskIncrementTick
 .text.vTaskSwitchContext
                0x0000d95c       0xb8 ./freertos/src/tasks.o
                0x0000d95c                vTaskSwitchContext
 .text.vTaskPlaceOnEventList
                0x0000da14       0x60 ./freertos/src/tasks.o
                0x0000da14                vTaskPlaceOnEventList
 .text.xTaskRemoveFromEventList
                0x0000da74       0xac ./freertos/src/tasks.o
                0x0000da74                xTaskRemoveFromEventList
 .text.vTaskSetTimeOutState
                0x0000db20       0x2c ./freertos/src/tasks.o
                0x0000db20                vTaskSetTimeOutState
 .text.xTaskCheckForTimeOut
                0x0000db4c       0x88 ./freertos/src/tasks.o
                0x0000db4c                xTaskCheckForTimeOut
 .text.vTaskMissedYield
                0x0000dbd4       0x18 ./freertos/src/tasks.o
                0x0000dbd4                vTaskMissedYield
 .text.prvIdleTask
                0x0000dbec       0x24 ./freertos/src/tasks.o
 .text.prvInitialiseTCBVariables
                0x0000dc10       0x98 ./freertos/src/tasks.o
 .text.prvInitialiseTaskLists
                0x0000dca8       0x80 ./freertos/src/tasks.o
 .text.prvCheckTasksWaitingTermination
                0x0000dd28       0x78 ./freertos/src/tasks.o
 .text.prvAddCurrentTaskToDelayedList
                0x0000dda0       0x6c ./freertos/src/tasks.o
 .text.prvAllocateTCBAndStack
                0x0000de0c       0x62 ./freertos/src/tasks.o
 .text.prvDeleteTCB
                0x0000de6e       0x20 ./freertos/src/tasks.o
 *fill*         0x0000de8e        0x2 ff
 .text.xTaskGetCurrentTaskHandle
                0x0000de90       0x1c ./freertos/src/tasks.o
                0x0000de90                xTaskGetCurrentTaskHandle
 .text.vTaskPriorityInherit
                0x0000deac       0xb4 ./freertos/src/tasks.o
                0x0000deac                vTaskPriorityInherit
 .text.vTaskPriorityDisinherit
                0x0000df60       0x7c ./freertos/src/tasks.o
                0x0000df60                vTaskPriorityDisinherit
 .text.getFullConvClk
                0x0000dfdc        0xe ./chip/src/adc_17xx_40xx.o
 .text.getClkDiv
                0x0000dfea       0x4a ./chip/src/adc_17xx_40xx.o
 .text.readAdcVal
                0x0000e034       0x40 ./chip/src/adc_17xx_40xx.o
                0x0000e034                readAdcVal
 .text.Chip_ADC_Init
                0x0000e074       0x74 ./chip/src/adc_17xx_40xx.o
                0x0000e074                Chip_ADC_Init
 .text.Chip_ADC_ReadValue
                0x0000e0e8       0x24 ./chip/src/adc_17xx_40xx.o
                0x0000e0e8                Chip_ADC_ReadValue
 .text.Chip_ADC_Int_SetChannelCmd
                0x0000e10c       0x48 ./chip/src/adc_17xx_40xx.o
                0x0000e10c                Chip_ADC_Int_SetChannelCmd
 .text.Chip_ADC_EnableChannel
                0x0000e154       0x54 ./chip/src/adc_17xx_40xx.o
                0x0000e154                Chip_ADC_EnableChannel
 .text.SystemCoreClockUpdate
                0x0000e1a8       0x18 ./chip/src/chip_17xx_40xx.o
                0x0000e1a8                SystemCoreClockUpdate
 .text.Chip_Clock_IsMainPLLEnabled
                0x0000e1c0       0x24 ./chip/src/clock_17xx_40xx.o
 .text.Chip_Clock_FeedPLL
                0x0000e1e4       0x34 ./chip/src/clock_17xx_40xx.o
 .text.Chip_Clock_GetMainPLLSource
                0x0000e218       0x20 ./chip/src/clock_17xx_40xx.o
 .text.Chip_Clock_GetPCLKDiv
                0x0000e238       0x1c ./chip/src/clock_17xx_40xx.o
 .text.Chip_Clock_GetMainOscRate
                0x0000e254       0x14 ./chip/src/clock_17xx_40xx.o
 .text.Chip_Clock_GetIntOscRate
                0x0000e268       0x14 ./chip/src/clock_17xx_40xx.o
 .text.Chip_Clock_GetMainPLLInClockRate
                0x0000e27c        0xe ./chip/src/clock_17xx_40xx.o
 *fill*         0x0000e28a        0x2 ff
 .text.Chip_Clock_EnablePLL
                0x0000e28c       0x44 ./chip/src/clock_17xx_40xx.o
                0x0000e28c                Chip_Clock_EnablePLL
 .text.Chip_Clock_DisablePLL
                0x0000e2d0       0x48 ./chip/src/clock_17xx_40xx.o
                0x0000e2d0                Chip_Clock_DisablePLL
 .text.Chip_Clock_SetupPLL
                0x0000e318       0x4c ./chip/src/clock_17xx_40xx.o
                0x0000e318                Chip_Clock_SetupPLL
 .text.Chip_Clock_EnablePeriphClock
                0x0000e364       0x34 ./chip/src/clock_17xx_40xx.o
                0x0000e364                Chip_Clock_EnablePeriphClock
 .text.Chip_Clock_SetCPUClockSource
                0x0000e398       0x40 ./chip/src/clock_17xx_40xx.o
                0x0000e398                Chip_Clock_SetCPUClockSource
 .text.Chip_Clock_GetCPUClockSource
                0x0000e3d8       0x30 ./chip/src/clock_17xx_40xx.o
                0x0000e3d8                Chip_Clock_GetCPUClockSource
 .text.Chip_Clock_SetCPUClockDiv
                0x0000e408       0x30 ./chip/src/clock_17xx_40xx.o
                0x0000e408                Chip_Clock_SetCPUClockDiv
 .text.Chip_Clock_GetCPUClockDiv
                0x0000e438       0x1c ./chip/src/clock_17xx_40xx.o
                0x0000e438                Chip_Clock_GetCPUClockDiv
 .text.Chip_Clock_GetSYSCLKRate
                0x0000e454       0x2a ./chip/src/clock_17xx_40xx.o
                0x0000e454                Chip_Clock_GetSYSCLKRate
 *fill*         0x0000e47e        0x2 ff
 .text.Chip_Clock_GetMainPLLOutClockRate
                0x0000e480       0x40 ./chip/src/clock_17xx_40xx.o
                0x0000e480                Chip_Clock_GetMainPLLOutClockRate
 .text.Chip_Clock_GetMainClockRate
                0x0000e4c0       0x28 ./chip/src/clock_17xx_40xx.o
                0x0000e4c0                Chip_Clock_GetMainClockRate
 .text.Chip_Clock_GetSystemClockRate
                0x0000e4e8       0x18 ./chip/src/clock_17xx_40xx.o
                0x0000e4e8                Chip_Clock_GetSystemClockRate
 .text.Chip_Clock_SetSPIFIClockSource
                0x0000e500       0x34 ./chip/src/clock_17xx_40xx.o
                0x0000e500                Chip_Clock_SetSPIFIClockSource
 .text.Chip_Clock_SetSPIFIClockDiv
                0x0000e534       0x30 ./chip/src/clock_17xx_40xx.o
                0x0000e534                Chip_Clock_SetSPIFIClockDiv
 .text.Chip_Clock_GetPeripheralClockRate
                0x0000e564       0x2e ./chip/src/clock_17xx_40xx.o
                0x0000e564                Chip_Clock_GetPeripheralClockRate
 .text.Chip_EEPROM_DisablePowerDown
                0x0000e592       0x18 ./chip/src/eeprom_17xx_40xx.o
 .text.Chip_EEPROM_SetCmd
                0x0000e5aa       0x1a ./chip/src/eeprom_17xx_40xx.o
 .text.Chip_EEPROM_SetAddr
                0x0000e5c4       0x22 ./chip/src/eeprom_17xx_40xx.o
 .text.Chip_EEPROM_WriteData
                0x0000e5e6       0x1a ./chip/src/eeprom_17xx_40xx.o
 .text.Chip_EEPROM_ReadData
                0x0000e600       0x16 ./chip/src/eeprom_17xx_40xx.o
 .text.Chip_EEPROM_SetWaitState
                0x0000e616       0x1a ./chip/src/eeprom_17xx_40xx.o
 .text.Chip_EEPROM_GetIntStatus
                0x0000e630       0x18 ./chip/src/eeprom_17xx_40xx.o
 .text.Chip_EEPROM_ClearIntStatus
                0x0000e648       0x1c ./chip/src/eeprom_17xx_40xx.o
 .text.setClkDiv
                0x0000e664       0x2c ./chip/src/eeprom_17xx_40xx.o
 .text.setWaitState
                0x0000e690       0x90 ./chip/src/eeprom_17xx_40xx.o
 .text.Chip_EEPROM_Init
                0x0000e720       0x22 ./chip/src/eeprom_17xx_40xx.o
                0x0000e720                Chip_EEPROM_Init
 .text.Chip_EEPROM_WaitForIntStatus
                0x0000e742       0x32 ./chip/src/eeprom_17xx_40xx.o
                0x0000e742                Chip_EEPROM_WaitForIntStatus
 .text.Chip_EEPROM_WritePageRegister
                0x0000e774       0xa2 ./chip/src/eeprom_17xx_40xx.o
                0x0000e774                Chip_EEPROM_WritePageRegister
 .text.Chip_EEPROM_EraseProgramPage
                0x0000e816       0x3a ./chip/src/eeprom_17xx_40xx.o
                0x0000e816                Chip_EEPROM_EraseProgramPage
 .text.Chip_EEPROM_ReadPage
                0x0000e850       0xc6 ./chip/src/eeprom_17xx_40xx.o
                0x0000e850                Chip_EEPROM_ReadPage
 .text.Chip_EEPROM_Write
                0x0000e916       0x86 ./chip/src/eeprom_17xx_40xx.o
                0x0000e916                Chip_EEPROM_Write
 .text.Chip_EEPROM_Read
                0x0000e99c       0x80 ./chip/src/eeprom_17xx_40xx.o
                0x0000e99c                Chip_EEPROM_Read
 .text.Chip_Clock_GetEMCClockDiv
                0x0000ea1c       0x18 ./chip/src/emc_17xx_40xx.o
 .text.Chip_Clock_GetEMCClockRate
                0x0000ea34       0x18 ./chip/src/emc_17xx_40xx.o
 .text.convertTimmingParam
                0x0000ea4c       0x68 ./chip/src/emc_17xx_40xx.o
 .text.getColsLen
                0x0000eab4       0x4c ./chip/src/emc_17xx_40xx.o
 .text.initDynMem
                0x0000eb00      0x292 ./chip/src/emc_17xx_40xx.o
                0x0000eb00                initDynMem
 .text.initStaticMem
                0x0000ed92       0xb0 ./chip/src/emc_17xx_40xx.o
                0x0000ed92                initStaticMem
 *fill*         0x0000ee42        0x2 ff
 .text.Chip_EMC_Dynamic_Init
                0x0000ee44       0x24 ./chip/src/emc_17xx_40xx.o
                0x0000ee44                Chip_EMC_Dynamic_Init
 .text.Chip_EMC_Static_Init
                0x0000ee68       0x24 ./chip/src/emc_17xx_40xx.o
                0x0000ee68                Chip_EMC_Static_Init
 .text.Chip_EMC_Init
                0x0000ee8c       0x4c ./chip/src/emc_17xx_40xx.o
                0x0000ee8c                Chip_EMC_Init
 .text.Chip_Clock_GetENETClockRate
                0x0000eed8        0xe ./chip/src/enet_17xx_40xx.o
 .text.Chip_ENET_Reset
                0x0000eee6       0x22 ./chip/src/enet_17xx_40xx.o
 .text.resetENET
                0x0000ef08       0x30 ./chip/src/enet_17xx_40xx.o
 .text.Chip_ENET_Init
                0x0000ef38       0x8e ./chip/src/enet_17xx_40xx.o
                0x0000ef38                Chip_ENET_Init
 *fill*         0x0000efc6        0x2 ff
 .text.Chip_ENET_SetupMII
                0x0000efc8       0x44 ./chip/src/enet_17xx_40xx.o
                0x0000efc8                Chip_ENET_SetupMII
 .text.Chip_ENET_FindMIIDiv
                0x0000f00c       0x50 ./chip/src/enet_17xx_40xx.o
                0x0000f00c                Chip_ENET_FindMIIDiv
 .text.Chip_ENET_StartMIIWrite
                0x0000f05c       0x3c ./chip/src/enet_17xx_40xx.o
                0x0000f05c                Chip_ENET_StartMIIWrite
 .text.Chip_ENET_StartMIIRead
                0x0000f098       0x30 ./chip/src/enet_17xx_40xx.o
                0x0000f098                Chip_ENET_StartMIIRead
 .text.Chip_ENET_ReadMIIData
                0x0000f0c8       0x1e ./chip/src/enet_17xx_40xx.o
                0x0000f0c8                Chip_ENET_ReadMIIData
 .text.Chip_ENET_SetFullDuplex
                0x0000f0e6       0x34 ./chip/src/enet_17xx_40xx.o
                0x0000f0e6                Chip_ENET_SetFullDuplex
 .text.Chip_ENET_SetHalfDuplex
                0x0000f11a       0x34 ./chip/src/enet_17xx_40xx.o
                0x0000f11a                Chip_ENET_SetHalfDuplex
 .text.Chip_ENET_InitTxDescriptors
                0x0000f14e       0x3a ./chip/src/enet_17xx_40xx.o
                0x0000f14e                Chip_ENET_InitTxDescriptors
 .text.Chip_ENET_InitRxDescriptors
                0x0000f188       0x3a ./chip/src/enet_17xx_40xx.o
                0x0000f188                Chip_ENET_InitRxDescriptors
 .text.Chip_ENET_GetFillDescNum
                0x0000f1c2       0x4a ./chip/src/enet_17xx_40xx.o
                0x0000f1c2                Chip_ENET_GetFillDescNum
 .text.Chip_ENET_IncTXProduceIndex
                0x0000f20c       0x3c ./chip/src/enet_17xx_40xx.o
                0x0000f20c                Chip_ENET_IncTXProduceIndex
 .text.Chip_ENET_IncRXConsumeIndex
                0x0000f248       0x3c ./chip/src/enet_17xx_40xx.o
                0x0000f248                Chip_ENET_IncRXConsumeIndex
 .text.Chip_IOCON_PinMuxSet
                0x0000f284       0x2c ./chip/src/iocon_17xx_40xx.o
 .text.Chip_IOCON_SetPinMuxing
                0x0000f2b0       0x64 ./chip/src/iocon_17xx_40xx.o
                0x0000f2b0                Chip_IOCON_SetPinMuxing
 .text.Chip_SYSCTL_PeriphReset
                0x0000f314       0x64 ./chip/src/sysctl_17xx_40xx.o
                0x0000f314                Chip_SYSCTL_PeriphReset
 .text.Chip_Clock_IsMainPLLEnabled
                0x0000f378       0x24 ./chip/src/sysinit_17xx_40xx.o
 .text.Chip_Clock_IsMainPLLLocked
                0x0000f39c       0x24 ./chip/src/sysinit_17xx_40xx.o
 .text.Chip_Clock_EnableCrystal
                0x0000f3c0       0x20 ./chip/src/sysinit_17xx_40xx.o
 .text.Chip_Clock_IsCrystalEnabled
                0x0000f3e0       0x24 ./chip/src/sysinit_17xx_40xx.o
 .text.Chip_Clock_SetMainPLLSource
                0x0000f404       0x20 ./chip/src/sysinit_17xx_40xx.o
 .text.Chip_Clock_SetPCLKDiv
                0x0000f424       0x20 ./chip/src/sysinit_17xx_40xx.o
 .text.Chip_SetupXtalClocking
                0x0000f444       0x82 ./chip/src/sysinit_17xx_40xx.o
                0x0000f444                Chip_SetupXtalClocking
 *fill*         0x0000f4c6        0x2 ff
 .text.Chip_Timer_GetClockIndex
                0x0000f4c8       0x50 ./chip/src/timer_17xx_40xx.o
 .text.Chip_TIMER_Init
                0x0000f518       0x1e ./chip/src/timer_17xx_40xx.o
                0x0000f518                Chip_TIMER_Init
 .text.Chip_TIMER_Reset
                0x0000f536       0x3a ./chip/src/timer_17xx_40xx.o
                0x0000f536                Chip_TIMER_Reset
 .text.Chip_UART_SetupFIFOS
                0x0000f570       0x1a ./chip/src/uart_17xx_40xx.o
 .text.Chip_UART_ConfigData
                0x0000f58a       0x1a ./chip/src/uart_17xx_40xx.o
 .text.Chip_UART_EnableDivisorAccess
                0x0000f5a4       0x1e ./chip/src/uart_17xx_40xx.o
 .text.Chip_UART_DisableDivisorAccess
                0x0000f5c2       0x1e ./chip/src/uart_17xx_40xx.o
 .text.Chip_UART_SetDivisorLatches
                0x0000f5e0       0x26 ./chip/src/uart_17xx_40xx.o
 *fill*         0x0000f606        0x2 ff
 .text.Chip_UART_GetClockIndex
                0x0000f608       0x60 ./chip/src/uart_17xx_40xx.o
 .text.Chip_UART_Init
                0x0000f668       0x78 ./chip/src/uart_17xx_40xx.o
                0x0000f668                Chip_UART_Init
 .text.Chip_UART_TXEnable
                0x0000f6e0       0x2c ./chip/src/uart_17xx_40xx.o
                0x0000f6e0                Chip_UART_TXEnable
 .text.Chip_UART_TXDisable
                0x0000f70c       0x2c ./chip/src/uart_17xx_40xx.o
                0x0000f70c                Chip_UART_TXDisable
 .text.Chip_UART_SetBaud
                0x0000f738       0x58 ./chip/src/uart_17xx_40xx.o
                0x0000f738                Chip_UART_SetBaud
 .text.Chip_IOCON_Init
                0x0000f790       0x16 ./board_Eval/src/board.o
 .text.Chip_IOCON_PinMuxSet
                0x0000f7a6       0x2c ./board_Eval/src/board.o
 .text.Chip_GPIO_Init
                0x0000f7d2       0x16 ./board_Eval/src/board.o
 .text.Chip_GPIO_SetPinState
                0x0000f7e8       0x64 ./board_Eval/src/board.o
 .text.Chip_GPIO_WritePortBit
                0x0000f84c       0x2c ./board_Eval/src/board.o
 .text.Chip_GPIO_SetPinDIROutput
                0x0000f878       0x36 ./board_Eval/src/board.o
 .text.Chip_GPIO_SetPinDIRInput
                0x0000f8ae       0x3a ./board_Eval/src/board.o
 .text.Chip_GPIO_SetPinDIR
                0x0000f8e8       0x42 ./board_Eval/src/board.o
 .text.Chip_GPIO_WriteDirBit
                0x0000f92a       0x2e ./board_Eval/src/board.o
 .text.Chip_UART_SendByte
                0x0000f958       0x1c ./board_Eval/src/board.o
 .text.Chip_UART_ReadByte
                0x0000f974       0x18 ./board_Eval/src/board.o
 .text.Chip_UART_ConfigData
                0x0000f98c       0x1a ./board_Eval/src/board.o
 .text.Chip_UART_ReadLineStatus
                0x0000f9a6       0x16 ./board_Eval/src/board.o
 .text.__sys_write
                0x0000f9bc       0x38 ./board_Eval/src/board.o
                0x0000f9bc                __sys_write
 .text.Board_UART_Init
                0x0000f9f4       0x60 ./board_Eval/src/board.o
                0x0000f9f4                Board_UART_Init
 .text.Board_Debug_Init
                0x0000fa54       0x30 ./board_Eval/src/board.o
                0x0000fa54                Board_Debug_Init
 .text.Board_UARTPutChar
                0x0000fa84       0x34 ./board_Eval/src/board.o
                0x0000fa84                Board_UARTPutChar
 .text.Board_UARTGetChar
                0x0000fab8       0x2c ./board_Eval/src/board.o
                0x0000fab8                Board_UARTGetChar
 .text.Board_UARTPutSTR
                0x0000fae4       0x2a ./board_Eval/src/board.o
                0x0000fae4                Board_UARTPutSTR
 *fill*         0x0000fb0e        0x2 ff
 .text.Board_LED_Init
                0x0000fb10       0x60 ./board_Eval/src/board.o
 .text.Board_LED_Set
                0x0000fb70       0x54 ./board_Eval/src/board.o
                0x0000fb70                Board_LED_Set
 .text.Board_ENET_GetMacADDR
                0x0000fbc4       0x34 ./board_Eval/src/board.o
                0x0000fbc4                Board_ENET_GetMacADDR
 .text.Board_Init
                0x0000fbf8       0x24 ./board_Eval/src/board.o
                0x0000fbf8                Board_Init
 .text.Chip_SYSCTL_EnableBoost
                0x0000fc1c       0x18 ./board_Eval/src/board_sysinit.o
 .text.Chip_Clock_SetEMCClockDiv
                0x0000fc34       0x20 ./board_Eval/src/board_sysinit.o
 .text.Chip_IOCON_PinMuxSet
                0x0000fc54       0x2c ./board_Eval/src/board_sysinit.o
 .text.Board_SetupClocking
                0x0000fc80       0x1c ./board_Eval/src/board_sysinit.o
                0x0000fc80                Board_SetupClocking
 .text.Board_SetupMuxing
                0x0000fc9c       0x84 ./board_Eval/src/board_sysinit.o
                0x0000fc9c                Board_SetupMuxing
 .text.Board_SetupExtMemory
                0x0000fd20       0x5c ./board_Eval/src/board_sysinit.o
                0x0000fd20                Board_SetupExtMemory
 .text.Board_SystemInit
                0x0000fd7c       0x14 ./board_Eval/src/board_sysinit.o
                0x0000fd7c                Board_SystemInit
 .text.Chip_ENET_IsMIIBusy
                0x0000fd90       0x24 ./board_Eval/src/lpc_phy_smsc87x0.o
 .text.lpc_mii_write
                0x0000fdb4       0x64 ./board_Eval/src/lpc_phy_smsc87x0.o
 .text.lpc_mii_read
                0x0000fe18       0x70 ./board_Eval/src/lpc_phy_smsc87x0.o
 .text.smsc_update_phy_sts
                0x0000fe88       0xec ./board_Eval/src/lpc_phy_smsc87x0.o
 .text.lpc_phy_init
                0x0000ff74       0xac ./board_Eval/src/lpc_phy_smsc87x0.o
                0x0000ff74                lpc_phy_init
 .text.lpcPHYStsPoll
                0x00010020       0xc0 ./board_Eval/src/lpc_phy_smsc87x0.o
                0x00010020                lpcPHYStsPoll
 .text.ControlTask
                0x000100e0       0x24 ./App/src/ControlTask.o
                0x000100e0                ControlTask
 .text.NVIC_EnableIRQ
                0x00010104       0x30 ./App/src/Main.o
 .text.NVIC_SetPriority
                0x00010134       0x54 ./App/src/Main.o
 .text.Chip_ENET_Set100Mbps
                0x00010188       0x1a ./App/src/Main.o
 .text.Chip_ENET_Set10Mbps
                0x000101a2       0x18 ./App/src/Main.o
 *fill*         0x000101ba        0x2 ff
 .text.prvSetupHardware
                0x000101bc       0x40 ./App/src/Main.o
 .text.tcpip_init_done_signal
                0x000101fc       0x18 ./App/src/Main.o
                0x000101fc                tcpip_init_done_signal
 .text.vSetupIFTask
                0x00010214      0x150 ./App/src/Main.o
 .text.msDelay  0x00010364       0x2c ./App/src/Main.o
                0x00010364                msDelay
 .text.main     0x00010390       0x6c ./App/src/Main.o
                0x00010390                main
 .text.crc32_ccitt
                0x000103fc       0x58 ./App/src/QuickCRC32Algorithm.o
                0x000103fc                crc32_ccitt
 .text.MessageDeCoder
                0x00010454       0x44 ./App/src/SocketReceiver.o
                0x00010454                MessageDeCoder
 .text.MessageCRCCal
                0x00010498       0xc2 ./App/src/SocketReceiver.o
                0x00010498                MessageCRCCal
 *fill*         0x0001055a        0x2 ff
 .text.ProcessDatafromASC
                0x0001055c       0x4c ./App/src/SocketReceiver.o
                0x0001055c                ProcessDatafromASC
 .text.ASCPdoDownloadRequest
                0x000105a8       0x2c ./App/src/SocketReceiver.o
                0x000105a8                ASCPdoDownloadRequest
 .text.ASCSendSerNoVerNoResponse
                0x000105d4       0x1a ./App/src/SocketReceiver.o
                0x000105d4                ASCSendSerNoVerNoResponse
 *fill*         0x000105ee        0x2 ff
 .text.ProcessDatatoASC
                0x000105f0       0xc0 ./App/src/SocketReceiver.o
                0x000105f0                ProcessDatatoASC
 .text.GetMessageFromServer
                0x000106b0      0x2c0 ./App/src/TcpClient.o
 .text.SendMessageToServer
                0x00010970       0xd8 ./App/src/TcpClient.o
                0x00010970                SendMessageToServer
 .text.TcpClientInit
                0x00010a48       0x28 ./App/src/TcpClient.o
                0x00010a48                TcpClientInit
 .text.NVIC_DisableIRQ
                0x00010a70       0x34 ./App/src/adc.o
 .text.App_print_ADC_value
                0x00010aa4       0x38 ./App/src/adc.o
 .text.ADC_IRQHandler
                0x00010adc       0x5c ./App/src/adc.o
                0x00010adc                ADC_IRQHandler
 .text.ADCInit  0x00010b38       0x3c ./App/src/adc.o
                0x00010b38                ADCInit
 .text.AlarmEntry
                0x00010b74        0xc ./App/src/alarm.o
                0x00010b74                AlarmEntry
 .text.AlarmStateLoop
                0x00010b80       0x28 ./App/src/alarm.o
                0x00010b80                AlarmStateLoop
 .text.AlarmExit
                0x00010ba8        0xc ./App/src/alarm.o
                0x00010ba8                AlarmExit
 .text.__check_heap_overflow
                0x00010bb4       0x2c ./App/src/cr_redlib_heap_fix.o
                0x00010bb4                __check_heap_overflow
 .text.DownStrokeEntry
                0x00010be0       0x1c ./App/src/downstroke.o
                0x00010be0                DownStrokeEntry
 .text.DownStrokeStateLoop
                0x00010bfc       0x74 ./App/src/downstroke.o
                0x00010bfc                DownStrokeStateLoop
 .text.DownStrokeExit
                0x00010c70        0xc ./App/src/downstroke.o
                0x00010c70                DownStrokeExit
 .text.ShowString
                0x00010c7c       0x78 ./App/src/eeprom.o
                0x00010c7c                ShowString
 .text.MakeString
                0x00010cf4       0x8c ./App/src/eeprom.o
                0x00010cf4                MakeString
 .text.ReadSerNoEEPROM
                0x00010d80       0x44 ./App/src/eeprom.o
                0x00010d80                ReadSerNoEEPROM
 .text.WriteSerNoEEPROM
                0x00010dc4       0x44 ./App/src/eeprom.o
                0x00010dc4                WriteSerNoEEPROM
 .text.GetEepromBuffer
                0x00010e08       0x14 ./App/src/eeprom.o
                0x00010e08                GetEepromBuffer
 .text.EStopEntry
                0x00010e1c        0xc ./App/src/estop.o
                0x00010e1c                EStopEntry
 .text.EStopStateLoop
                0x00010e28       0x28 ./App/src/estop.o
                0x00010e28                EStopStateLoop
 .text.EStopExit
                0x00010e50        0xc ./App/src/estop.o
                0x00010e50                EStopExit
 .text.Chip_GPIO_GetPinState
                0x00010e5c       0x38 ./App/src/inputs.o
 .text.ReadDigitalInputs
                0x00010e94       0xa0 ./App/src/inputs.o
                0x00010e94                ReadDigitalInputs
 .text.DoDebouncing
                0x00010f34       0x6c ./App/src/inputs.o
                0x00010f34                DoDebouncing
 .text.UpdateInputGlobalVars
                0x00010fa0       0x58 ./App/src/inputs.o
                0x00010fa0                UpdateInputGlobalVars
 .text.GetInputs
                0x00010ff8       0x14 ./App/src/inputs.o
                0x00010ff8                GetInputs
 .text.InitInputs
                0x0001100c       0x40 ./App/src/inputs.o
                0x0001100c                InitInputs
 .text.PowerUpEntry
                0x0001104c       0x3c ./App/src/powerup.o
                0x0001104c                PowerUpEntry
 .text.PowerUpStateLoop
                0x00011088       0x90 ./App/src/powerup.o
                0x00011088                PowerUpStateLoop
 .text.PowerUpExit
                0x00011118        0xc ./App/src/powerup.o
                0x00011118                PowerUpExit
 .text.QEI_IRQHandler
                0x00011124       0xd0 ./App/src/qei.o
                0x00011124                QEI_IRQHandler
 .text.ReadyEntry
                0x000111f4       0x28 ./App/src/ready.o
                0x000111f4                ReadyEntry
 .text.ReadyStateLoop
                0x0001121c       0x60 ./App/src/ready.o
                0x0001121c                ReadyStateLoop
 .text.ReadyExit
                0x0001127c        0xc ./App/src/ready.o
                0x0001127c                ReadyExit
 .text.ReturnStrokeEntry
                0x00011288        0xc ./App/src/returnstroke.o
                0x00011288                ReturnStrokeEntry
 .text.ReturnStrokeStateLoop
                0x00011294       0x4c ./App/src/returnstroke.o
                0x00011294                ReturnStrokeStateLoop
 .text.ReturnStrokeExit
                0x000112e0        0xc ./App/src/returnstroke.o
                0x000112e0                ReturnStrokeExit
 .text.Chip_GPIO_SetPinState
                0x000112ec       0x64 ./App/src/setoutputs.o
 .text.SetSVRequests
                0x00011350       0x18 ./App/src/setoutputs.o
                0x00011350                SetSVRequests
 .text.ClearSVRequests
                0x00011368       0x18 ./App/src/setoutputs.o
                0x00011368                ClearSVRequests
 .text.ChangeState
                0x00011380       0xcc ./App/src/statemachine.o
                0x00011380                ChangeState
 .text.StateMachine
                0x0001144c       0x14 ./App/src/statemachine.o
                0x0001144c                StateMachine
 .text.SystemInit
                0x00011460       0x24 ./App/src/sysinit.o
                0x00011460                SystemInit
 .text.NVIC_EnableIRQ
                0x00011484       0x30 ./App/src/timer.o
 .text.NVIC_ClearPendingIRQ
                0x000114b4       0x34 ./App/src/timer.o
 .text.Chip_TIMER_MatchPending
                0x000114e8       0x32 ./App/src/timer.o
 .text.Chip_TIMER_ClearMatch
                0x0001151a       0x26 ./App/src/timer.o
 .text.Chip_TIMER_Enable
                0x00011540       0x1e ./App/src/timer.o
 .text.Chip_TIMER_SetMatch
                0x0001155e       0x26 ./App/src/timer.o
 .text.Chip_TIMER_MatchEnableInt
                0x00011584       0x32 ./App/src/timer.o
 .text.Chip_TIMER_ResetOnMatchEnable
                0x000115b6       0x34 ./App/src/timer.o
 .text.TimerInit
                0x000115ea       0x1c ./App/src/timer.o
                0x000115ea                TimerInit
 *fill*         0x00011606        0x2 ff
 .text.TimerSet
                0x00011608       0x74 ./App/src/timer.o
                0x00011608                TimerSet
 .text.TimerCallback
                0x0001167c       0x24 ./App/src/timer.o
                0x0001167c                TimerCallback
 .text.TIMER0_IRQHandler
                0x000116a0       0x2c ./App/src/timer.o
                0x000116a0                TIMER0_IRQHandler
 .text.TIMER1_IRQHandler
                0x000116cc       0x2c ./App/src/timer.o
                0x000116cc                TIMER1_IRQHandler
 .text.Timer0Callback
                0x000116f8       0x1c ./App/src/timer.o
                0x000116f8                Timer0Callback
 .text.GetTimer0CurrentValue
                0x00011714       0x14 ./App/src/timer.o
                0x00011714                GetTimer0CurrentValue
 .text.WeldHoldEntry
                0x00011728        0xc ./App/src/weldhold.o
                0x00011728                WeldHoldEntry
 .text.WeldHoldStateLoop
                0x00011734       0x50 ./App/src/weldhold.o
                0x00011734                WeldHoldStateLoop
 .text.WeldHoldExit
                0x00011784        0xc ./App/src/weldhold.o
                0x00011784                WeldHoldExit
 .text.__main   0x00011790        0xe c:/nxp/mcuxpressoide_11.3.0_5222/ide/plugins/com.nxp.mcuxpresso.tools.win32_11.3.0.202008311133/tools/bin/../lib/gcc/arm-none-eabi/9.3.1/../../../../arm-none-eabi/lib/thumb/v7-m/nofp\libcr_nohost.a(_cr__main.o)
                0x00011790                __main
 .text.memcpy   0x0001179e        0x4 c:/nxp/mcuxpressoide_11.3.0_5222/ide/plugins/com.nxp.mcuxpresso.tools.win32_11.3.0.202008311133/tools/bin/../lib/gcc/arm-none-eabi/9.3.1/../../../../arm-none-eabi/lib/thumb/v7-m/nofp\libcr_c.a(memcpy.o)
                0x0001179e                memcpy
 .text.memset   0x000117a2        0x4 c:/nxp/mcuxpressoide_11.3.0_5222/ide/plugins/com.nxp.mcuxpresso.tools.win32_11.3.0.202008311133/tools/bin/../lib/gcc/arm-none-eabi/9.3.1/../../../../arm-none-eabi/lib/thumb/v7-m/nofp\libcr_c.a(memset.o)
                0x000117a2                memset
 *fill*         0x000117a6        0x2 ff
 .text.malloc   0x000117a8       0xc8 c:/nxp/mcuxpressoide_11.3.0_5222/ide/plugins/com.nxp.mcuxpresso.tools.win32_11.3.0.202008311133/tools/bin/../lib/gcc/arm-none-eabi/9.3.1/../../../../arm-none-eabi/lib/thumb/v7-m/nofp\libcr_c.a(alloc.o)
                0x000117a8                malloc
 .text.free     0x00011870       0x30 c:/nxp/mcuxpressoide_11.3.0_5222/ide/plugins/com.nxp.mcuxpresso.tools.win32_11.3.0.202008311133/tools/bin/../lib/gcc/arm-none-eabi/9.3.1/../../../../arm-none-eabi/lib/thumb/v7-m/nofp\libcr_c.a(alloc.o)
                0x00011870                free
 .text._Csys_alloc
                0x000118a0       0x20 c:/nxp/mcuxpressoide_11.3.0_5222/ide/plugins/com.nxp.mcuxpresso.tools.win32_11.3.0.202008311133/tools/bin/../lib/gcc/arm-none-eabi/9.3.1/../../../../arm-none-eabi/lib/thumb/v7-m/nofp\libcr_c.a(alloc.o)
                0x000118a0                _Csys_alloc
 .text.fp_round
                0x000118c0       0x4c c:/nxp/mcuxpressoide_11.3.0_5222/ide/plugins/com.nxp.mcuxpresso.tools.win32_11.3.0.202008311133/tools/bin/../lib/gcc/arm-none-eabi/9.3.1/../../../../arm-none-eabi/lib/thumb/v7-m/nofp\libcr_c.a(fpprintf.o)
 .text.pr_dec.constprop.0
                0x0001190c       0x26 c:/nxp/mcuxpressoide_11.3.0_5222/ide/plugins/com.nxp.mcuxpresso.tools.win32_11.3.0.202008311133/tools/bin/../lib/gcc/arm-none-eabi/9.3.1/../../../../arm-none-eabi/lib/thumb/v7-m/nofp\libcr_c.a(fpprintf.o)
 *fill*         0x00011932        0x2 ff
 .text.sprintf  0x00011934       0x6c c:/nxp/mcuxpressoide_11.3.0_5222/ide/plugins/com.nxp.mcuxpresso.tools.win32_11.3.0.202008311133/tools/bin/../lib/gcc/arm-none-eabi/9.3.1/../../../../arm-none-eabi/lib/thumb/v7-m/nofp\libcr_c.a(fpprintf.o)
                0x00011934                sprintf
 .text.fp_display
                0x000119a0      0x950 c:/nxp/mcuxpressoide_11.3.0_5222/ide/plugins/com.nxp.mcuxpresso.tools.win32_11.3.0.202008311133/tools/bin/../lib/gcc/arm-none-eabi/9.3.1/../../../../arm-none-eabi/lib/thumb/v7-m/nofp\libcr_c.a(fpprintf.o)
 .text.vsnprintf
                0x000122f0       0x68 c:/nxp/mcuxpressoide_11.3.0_5222/ide/plugins/com.nxp.mcuxpresso.tools.win32_11.3.0.202008311133/tools/bin/../lib/gcc/arm-none-eabi/9.3.1/../../../../arm-none-eabi/lib/thumb/v7-m/nofp\libcr_c.a(fpprintf.o)
                0x000122f0                vsnprintf
 .text.printf   0x00012358       0x54 c:/nxp/mcuxpressoide_11.3.0_5222/ide/plugins/com.nxp.mcuxpresso.tools.win32_11.3.0.202008311133/tools/bin/../lib/gcc/arm-none-eabi/9.3.1/../../../../arm-none-eabi/lib/thumb/v7-m/nofp\libcr_c.a(fpprintf.o)
                0x00012358                printf
 .text._initio  0x000123ac       0x78 c:/nxp/mcuxpressoide_11.3.0_5222/ide/plugins/com.nxp.mcuxpresso.tools.win32_11.3.0.202008311133/tools/bin/../lib/gcc/arm-none-eabi/9.3.1/../../../../arm-none-eabi/lib/thumb/v7-m/nofp\libcr_c.a(initio.o)
                0x000123ac                _initio
 .text.memcmp   0x00012424       0x42 c:/nxp/mcuxpressoide_11.3.0_5222/ide/plugins/com.nxp.mcuxpresso.tools.win32_11.3.0.202008311133/tools/bin/../lib/gcc/arm-none-eabi/9.3.1/../../../../arm-none-eabi/lib/thumb/v7-m/nofp\libcr_c.a(memcmp.o)
                0x00012424                memcmp
 *fill*         0x00012466        0x2 ff
 .text.__vfprintf
                0x00012468      0xce0 c:/nxp/mcuxpressoide_11.3.0_5222/ide/plugins/com.nxp.mcuxpresso.tools.win32_11.3.0.202008311133/tools/bin/../lib/gcc/arm-none-eabi/9.3.1/../../../../arm-none-eabi/lib/thumb/v7-m/nofp\libcr_c.a(printf.o)
                0x00012468                __vfprintf
 .text.setvbuf  0x00013148       0x3e c:/nxp/mcuxpressoide_11.3.0_5222/ide/plugins/com.nxp.mcuxpresso.tools.win32_11.3.0.202008311133/tools/bin/../lib/gcc/arm-none-eabi/9.3.1/../../../../arm-none-eabi/lib/thumb/v7-m/nofp\libcr_c.a(setvbuf.o)
                0x00013148                setvbuf
 .text.strlen   0x00013186       0x4c c:/nxp/mcuxpressoide_11.3.0_5222/ide/plugins/com.nxp.mcuxpresso.tools.win32_11.3.0.202008311133/tools/bin/../lib/gcc/arm-none-eabi/9.3.1/../../../../arm-none-eabi/lib/thumb/v7-m/nofp\libcr_c.a(strlen.o)
                0x00013186                strlen
 .text.strncmp  0x000131d2       0x56 c:/nxp/mcuxpressoide_11.3.0_5222/ide/plugins/com.nxp.mcuxpresso.tools.win32_11.3.0.202008311133/tools/bin/../lib/gcc/arm-none-eabi/9.3.1/../../../../arm-none-eabi/lib/thumb/v7-m/nofp\libcr_c.a(strncmp.o)
                0x000131d2                strncmp
 .text.strncpy  0x00013228       0x58 c:/nxp/mcuxpressoide_11.3.0_5222/ide/plugins/com.nxp.mcuxpresso.tools.win32_11.3.0.202008311133/tools/bin/../lib/gcc/arm-none-eabi/9.3.1/../../../../arm-none-eabi/lib/thumb/v7-m/nofp\libcr_c.a(strncpy.o)
                0x00013228                strncpy
 .text._sbrk    0x00013280       0x3c c:/nxp/mcuxpressoide_11.3.0_5222/ide/plugins/com.nxp.mcuxpresso.tools.win32_11.3.0.202008311133/tools/bin/../lib/gcc/arm-none-eabi/9.3.1/../../../../arm-none-eabi/lib/thumb/v7-m/nofp\libcr_c.a(_cr_sbrk.o)
                0x00013280                _sbrk
 .text._deferredlazyseek
                0x000132bc       0x40 c:/nxp/mcuxpressoide_11.3.0_5222/ide/plugins/com.nxp.mcuxpresso.tools.win32_11.3.0.202008311133/tools/bin/../lib/gcc/arm-none-eabi/9.3.1/../../../../arm-none-eabi/lib/thumb/v7-m/nofp\libcr_c.a(_deferredlazyseek.o)
                0x000132bc                _deferredlazyseek
 .text.__flsbuf
                0x000132fc      0x140 c:/nxp/mcuxpressoide_11.3.0_5222/ide/plugins/com.nxp.mcuxpresso.tools.win32_11.3.0.202008311133/tools/bin/../lib/gcc/arm-none-eabi/9.3.1/../../../../arm-none-eabi/lib/thumb/v7-m/nofp\libcr_c.a(_deferredlazyseek.o)
                0x000132fc                __flsbuf
 .text._fdopen  0x0001343c       0x68 c:/nxp/mcuxpressoide_11.3.0_5222/ide/plugins/com.nxp.mcuxpresso.tools.win32_11.3.0.202008311133/tools/bin/../lib/gcc/arm-none-eabi/9.3.1/../../../../arm-none-eabi/lib/thumb/v7-m/nofp\libcr_c.a(_fdopen.o)
                0x0001343c                _fdopen
 .text._fflush  0x000134a4       0x52 c:/nxp/mcuxpressoide_11.3.0_5222/ide/plugins/com.nxp.mcuxpresso.tools.win32_11.3.0.202008311133/tools/bin/../lib/gcc/arm-none-eabi/9.3.1/../../../../arm-none-eabi/lib/thumb/v7-m/nofp\libcr_c.a(_fflush.o)
                0x000134a4                _fflush
 .text._frexpl  0x000134f6       0x56 c:/nxp/mcuxpressoide_11.3.0_5222/ide/plugins/com.nxp.mcuxpresso.tools.win32_11.3.0.202008311133/tools/bin/../lib/gcc/arm-none-eabi/9.3.1/../../../../arm-none-eabi/lib/thumb/v7-m/nofp\libcr_c.a(_frexpl.o)
                0x000134f6                _frexpl
 .text._ldexpl  0x0001354c       0x48 c:/nxp/mcuxpressoide_11.3.0_5222/ide/plugins/com.nxp.mcuxpresso.tools.win32_11.3.0.202008311133/tools/bin/../lib/gcc/arm-none-eabi/9.3.1/../../../../arm-none-eabi/lib/thumb/v7-m/nofp\libcr_c.a(_ldexpl.o)
                0x0001354c                _ldexpl
 .text._Cwritebuf
                0x00013594       0x6c c:/nxp/mcuxpressoide_11.3.0_5222/ide/plugins/com.nxp.mcuxpresso.tools.win32_11.3.0.202008311133/tools/bin/../lib/gcc/arm-none-eabi/9.3.1/../../../../arm-none-eabi/lib/thumb/v7-m/nofp\libcr_c.a(_writebuf.o)
                0x00013594                _Cwritebuf
 .text.fclose   0x00013600       0x58 c:/nxp/mcuxpressoide_11.3.0_5222/ide/plugins/com.nxp.mcuxpresso.tools.win32_11.3.0.202008311133/tools/bin/../lib/gcc/arm-none-eabi/9.3.1/../../../../arm-none-eabi/lib/thumb/v7-m/nofp\libcr_c.a(fclose.o)
                0x00013600                fclose
 .text.fflush   0x00013658       0x44 c:/nxp/mcuxpressoide_11.3.0_5222/ide/plugins/com.nxp.mcuxpresso.tools.win32_11.3.0.202008311133/tools/bin/../lib/gcc/arm-none-eabi/9.3.1/../../../../arm-none-eabi/lib/thumb/v7-m/nofp\libcr_c.a(fflush.o)
                0x00013658                fflush
 .text.fseek    0x0001369c      0x100 c:/nxp/mcuxpressoide_11.3.0_5222/ide/plugins/com.nxp.mcuxpresso.tools.win32_11.3.0.202008311133/tools/bin/../lib/gcc/arm-none-eabi/9.3.1/../../../../arm-none-eabi/lib/thumb/v7-m/nofp\libcr_c.a(fseek.o)
                0x0001369c                fseek
 .text.ftell    0x0001379c       0x44 c:/nxp/mcuxpressoide_11.3.0_5222/ide/plugins/com.nxp.mcuxpresso.tools.win32_11.3.0.202008311133/tools/bin/../lib/gcc/arm-none-eabi/9.3.1/../../../../arm-none-eabi/lib/thumb/v7-m/nofp\libcr_c.a(ftell.o)
                0x0001379c                ftell
 .text.remove   0x000137e0       0x14 c:/nxp/mcuxpressoide_11.3.0_5222/ide/plugins/com.nxp.mcuxpresso.tools.win32_11.3.0.202008311133/tools/bin/../lib/gcc/arm-none-eabi/9.3.1/../../../../arm-none-eabi/lib/thumb/v7-m/nofp\libcr_c.a(remove.o)
                0x000137e0                remove
 .text._do_fflush
                0x000137f4       0x40 c:/nxp/mcuxpressoide_11.3.0_5222/ide/plugins/com.nxp.mcuxpresso.tools.win32_11.3.0.202008311133/tools/bin/../lib/gcc/arm-none-eabi/9.3.1/../../../../arm-none-eabi/lib/thumb/v7-m/nofp\libcr_c.a(_do_fflush.o)
                0x000137f4                _do_fflush
 .text.__aeabi_dmul
                0x00013834      0x114 c:/nxp/mcuxpressoide_11.3.0_5222/ide/plugins/com.nxp.mcuxpresso.tools.win32_11.3.0.202008311133/tools/bin/../lib/gcc/arm-none-eabi/9.3.1/thumb/v7-m/nofp\libcr_eabihelpers.a(double.o)
                0x00013834                __aeabi_dmul
 .text.__aeabi_ddiv
                0x00013948      0x144 c:/nxp/mcuxpressoide_11.3.0_5222/ide/plugins/com.nxp.mcuxpresso.tools.win32_11.3.0.202008311133/tools/bin/../lib/gcc/arm-none-eabi/9.3.1/thumb/v7-m/nofp\libcr_eabihelpers.a(double.o)
                0x00013948                __aeabi_ddiv
 .text.__aeabi_dsub
                0x00013a8c      0x1a8 c:/nxp/mcuxpressoide_11.3.0_5222/ide/plugins/com.nxp.mcuxpresso.tools.win32_11.3.0.202008311133/tools/bin/../lib/gcc/arm-none-eabi/9.3.1/thumb/v7-m/nofp\libcr_eabihelpers.a(double.o)
                0x00013a8c                __aeabi_dsub
 .text.__aeabi_dadd
                0x00013c34      0x110 c:/nxp/mcuxpressoide_11.3.0_5222/ide/plugins/com.nxp.mcuxpresso.tools.win32_11.3.0.202008311133/tools/bin/../lib/gcc/arm-none-eabi/9.3.1/thumb/v7-m/nofp\libcr_eabihelpers.a(double.o)
                0x00013c34                __aeabi_dadd
 .text.__aeabi_d2iz
                0x00013d44       0x42 c:/nxp/mcuxpressoide_11.3.0_5222/ide/plugins/com.nxp.mcuxpresso.tools.win32_11.3.0.202008311133/tools/bin/../lib/gcc/arm-none-eabi/9.3.1/thumb/v7-m/nofp\libcr_eabihelpers.a(double.o)
                0x00013d44                __aeabi_d2iz
 .text.__bhs_ui2d
                0x00013d86       0x46 c:/nxp/mcuxpressoide_11.3.0_5222/ide/plugins/com.nxp.mcuxpresso.tools.win32_11.3.0.202008311133/tools/bin/../lib/gcc/arm-none-eabi/9.3.1/thumb/v7-m/nofp\libcr_eabihelpers.a(double.o)
                0x00013d86                __bhs_ui2d
 .text.__aeabi_i2d
                0x00013dcc       0x12 c:/nxp/mcuxpressoide_11.3.0_5222/ide/plugins/com.nxp.mcuxpresso.tools.win32_11.3.0.202008311133/tools/bin/../lib/gcc/arm-none-eabi/9.3.1/thumb/v7-m/nofp\libcr_eabihelpers.a(double.o)
                0x00013dcc                __aeabi_i2d
 .text.__aeabi_dcmpeq
                0x00013dde       0x3c c:/nxp/mcuxpressoide_11.3.0_5222/ide/plugins/com.nxp.mcuxpresso.tools.win32_11.3.0.202008311133/tools/bin/../lib/gcc/arm-none-eabi/9.3.1/thumb/v7-m/nofp\libcr_eabihelpers.a(double.o)
                0x00013dde                __aeabi_dcmpeq
 .text.__aeabi_dcmplt
                0x00013e1a       0x58 c:/nxp/mcuxpressoide_11.3.0_5222/ide/plugins/com.nxp.mcuxpresso.tools.win32_11.3.0.202008311133/tools/bin/../lib/gcc/arm-none-eabi/9.3.1/thumb/v7-m/nofp\libcr_eabihelpers.a(double.o)
                0x00013e1a                __aeabi_dcmplt
 .text.__aeabi_dcmple
                0x00013e72       0x62 c:/nxp/mcuxpressoide_11.3.0_5222/ide/plugins/com.nxp.mcuxpresso.tools.win32_11.3.0.202008311133/tools/bin/../lib/gcc/arm-none-eabi/9.3.1/thumb/v7-m/nofp\libcr_eabihelpers.a(double.o)
                0x00013e72                __aeabi_dcmple
 .text.__aeabi_dcmpge
                0x00013ed4       0x68 c:/nxp/mcuxpressoide_11.3.0_5222/ide/plugins/com.nxp.mcuxpresso.tools.win32_11.3.0.202008311133/tools/bin/../lib/gcc/arm-none-eabi/9.3.1/thumb/v7-m/nofp\libcr_eabihelpers.a(double.o)
                0x00013ed4                __aeabi_dcmpge
 .text.__aeabi_memcpy
                0x00013f3c       0x34 c:/nxp/mcuxpressoide_11.3.0_5222/ide/plugins/com.nxp.mcuxpresso.tools.win32_11.3.0.202008311133/tools/bin/../lib/gcc/arm-none-eabi/9.3.1/thumb/v7-m/nofp\libcr_eabihelpers.a(memcpy.o)
                0x00013f3c                __aeabi_memcpy
                0x00013f46                __aeabi_memcpy8
                0x00013f46                __aeabi_memcpy4
 .text.__aeabi_memset_lowlevel
                0x00013f70       0x32 c:/nxp/mcuxpressoide_11.3.0_5222/ide/plugins/com.nxp.mcuxpresso.tools.win32_11.3.0.202008311133/tools/bin/../lib/gcc/arm-none-eabi/9.3.1/thumb/v7-m/nofp\libcr_eabihelpers.a(memcpy.o)
                0x00013f70                __aeabi_lowlevel_memset
 .text.__sys_appexit
                0x00013fa2        0x2 c:/nxp/mcuxpressoide_11.3.0_5222/ide/plugins/com.nxp.mcuxpresso.tools.win32_11.3.0.202008311133/tools/bin/../lib/gcc/arm-none-eabi/9.3.1/../../../../arm-none-eabi/lib/thumb/v7-m/nofp\libcr_nohost.a(__sys_appexit.o)
                0x00013fa2                __sys_appexit
                0x00013fa2                __exit
 .text.__sys_close
                0x00013fa4        0x6 c:/nxp/mcuxpressoide_11.3.0_5222/ide/plugins/com.nxp.mcuxpresso.tools.win32_11.3.0.202008311133/tools/bin/../lib/gcc/arm-none-eabi/9.3.1/../../../../arm-none-eabi/lib/thumb/v7-m/nofp\libcr_nohost.a(__sys_close.o)
                0x00013fa4                __sys_close
 .text.__sys_flen
                0x00013faa        0x6 c:/nxp/mcuxpressoide_11.3.0_5222/ide/plugins/com.nxp.mcuxpresso.tools.win32_11.3.0.202008311133/tools/bin/../lib/gcc/arm-none-eabi/9.3.1/../../../../arm-none-eabi/lib/thumb/v7-m/nofp\libcr_nohost.a(__sys_flen.o)
                0x00013faa                __sys_flen
 .text.__sys_istty
                0x00013fb0        0x6 c:/nxp/mcuxpressoide_11.3.0_5222/ide/plugins/com.nxp.mcuxpresso.tools.win32_11.3.0.202008311133/tools/bin/../lib/gcc/arm-none-eabi/9.3.1/../../../../arm-none-eabi/lib/thumb/v7-m/nofp\libcr_nohost.a(__sys_istty.o)
                0x00013fb0                __sys_istty
 .text.__sys_remove
                0x00013fb6        0x6 c:/nxp/mcuxpressoide_11.3.0_5222/ide/plugins/com.nxp.mcuxpresso.tools.win32_11.3.0.202008311133/tools/bin/../lib/gcc/arm-none-eabi/9.3.1/../../../../arm-none-eabi/lib/thumb/v7-m/nofp\libcr_nohost.a(__sys_remove.o)
                0x00013fb6                __sys_remove
 .text.__sys_seek
                0x00013fbc        0x6 c:/nxp/mcuxpressoide_11.3.0_5222/ide/plugins/com.nxp.mcuxpresso.tools.win32_11.3.0.202008311133/tools/bin/../lib/gcc/arm-none-eabi/9.3.1/../../../../arm-none-eabi/lib/thumb/v7-m/nofp\libcr_nohost.a(__sys_seek.o)
                0x00013fbc                __sys_seek
 .text.__sys_tmpnam
                0x00013fc2        0x6 c:/nxp/mcuxpressoide_11.3.0_5222/ide/plugins/com.nxp.mcuxpresso.tools.win32_11.3.0.202008311133/tools/bin/../lib/gcc/arm-none-eabi/9.3.1/../../../../arm-none-eabi/lib/thumb/v7-m/nofp\libcr_nohost.a(__sys_tmpnam.o)
                0x00013fc2                __sys_tmpnam
 */tasks.o(.rodata*)
 .rodata.vTaskStartScheduler.str1.4
                0x00013fc8        0x5 ./freertos/src/tasks.o
 *(.rodata .rodata.* .constdata .constdata.*)
 *fill*         0x00013fcd        0x3 ff
 .rodata.ethbroadcast
                0x00013fd0        0x6 ./lwip/src/netif/etharp.o
                0x00013fd0                ethbroadcast
 *fill*         0x00013fd6        0x2 ff
 .rodata.ethzero
                0x00013fd8        0x6 ./lwip/src/netif/etharp.o
                0x00013fd8                ethzero
 *fill*         0x00013fde        0x2 ff
 .rodata.memp_sizes
                0x00013fe0       0x1a ./lwip/src/core/memp.o
                0x00013fe0                memp_sizes
 *fill*         0x00013ffa        0x2 ff
 .rodata.tcp_backoff
                0x00013ffc        0xd ./lwip/src/core/tcp.o
                0x00013ffc                tcp_backoff
 *fill*         0x00014009        0x3 ff
 .rodata.tcp_persist_backoff
                0x0001400c        0x7 ./lwip/src/core/tcp.o
                0x0001400c                tcp_persist_backoff
 *fill*         0x00014013        0x1 ff
 .rodata.tcp_pcb_lists
                0x00014014       0x10 ./lwip/src/core/tcp.o
                0x00014014                tcp_pcb_lists
 .rodata.lpc_enetif_init.str1.4
                0x00014024       0x27 ./lwip/src/arch/lpc17xx_40xx_emac.o
 *fill*         0x0001404b        0x1 ff
 .rodata.err_to_errno_table
                0x0001404c       0x40 ./lwip/src/api/sockets.o
 .rodata.lwip_read_exact.str1.4
                0x0001408c       0x81 ./lwip/src/api/sockets.o
 *fill*         0x0001410d        0x3 ff
 .rodata.Read.str1.4
                0x00014110       0x2b ./lwip/src/api/sockets.o
 *fill*         0x0001413b        0x1 ff
 .rodata.tcpip_init.str1.4
                0x0001413c        0xd ./lwip/src/api/tcpip.o